Archive member included to satisfy reference by file (symbol)

c:/appz/st/stm32cubeide_1.10.1/stm32cubeide/plugins/com.st.stm32cube.ide.mcu.externaltools.gnu-tools-for-stm32.10.3-2021.10.win32_1.0.0.202111181127/tools/bin/../lib/gcc/arm-none-eabi/10.3.1/../../../../arm-none-eabi/lib/thumb/v7e-m+fp/hard\libc_nano.a(lib_a-errno.o)
                              ./Core/Src/syscalls.o (__errno)
c:/appz/st/stm32cubeide_1.10.1/stm32cubeide/plugins/com.st.stm32cube.ide.mcu.externaltools.gnu-tools-for-stm32.10.3-2021.10.win32_1.0.0.202111181127/tools/bin/../lib/gcc/arm-none-eabi/10.3.1/../../../../arm-none-eabi/lib/thumb/v7e-m+fp/hard\libc_nano.a(lib_a-exit.o)
                              c:/appz/st/stm32cubeide_1.10.1/stm32cubeide/plugins/com.st.stm32cube.ide.mcu.externaltools.gnu-tools-for-stm32.10.3-2021.10.win32_1.0.0.202111181127/tools/bin/../lib/gcc/arm-none-eabi/10.3.1/../../../../arm-none-eabi/lib/thumb/v7e-m+fp/hard/crt0.o (exit)
c:/appz/st/stm32cubeide_1.10.1/stm32cubeide/plugins/com.st.stm32cube.ide.mcu.externaltools.gnu-tools-for-stm32.10.3-2021.10.win32_1.0.0.202111181127/tools/bin/../lib/gcc/arm-none-eabi/10.3.1/../../../../arm-none-eabi/lib/thumb/v7e-m+fp/hard\libc_nano.a(lib_a-impure.o)
                              c:/appz/st/stm32cubeide_1.10.1/stm32cubeide/plugins/com.st.stm32cube.ide.mcu.externaltools.gnu-tools-for-stm32.10.3-2021.10.win32_1.0.0.202111181127/tools/bin/../lib/gcc/arm-none-eabi/10.3.1/../../../../arm-none-eabi/lib/thumb/v7e-m+fp/hard\libc_nano.a(lib_a-exit.o) (_global_impure_ptr)
c:/appz/st/stm32cubeide_1.10.1/stm32cubeide/plugins/com.st.stm32cube.ide.mcu.externaltools.gnu-tools-for-stm32.10.3-2021.10.win32_1.0.0.202111181127/tools/bin/../lib/gcc/arm-none-eabi/10.3.1/../../../../arm-none-eabi/lib/thumb/v7e-m+fp/hard\libc_nano.a(lib_a-init.o)
                              c:/appz/st/stm32cubeide_1.10.1/stm32cubeide/plugins/com.st.stm32cube.ide.mcu.externaltools.gnu-tools-for-stm32.10.3-2021.10.win32_1.0.0.202111181127/tools/bin/../lib/gcc/arm-none-eabi/10.3.1/../../../../arm-none-eabi/lib/thumb/v7e-m+fp/hard/crt0.o (__libc_init_array)
c:/appz/st/stm32cubeide_1.10.1/stm32cubeide/plugins/com.st.stm32cube.ide.mcu.externaltools.gnu-tools-for-stm32.10.3-2021.10.win32_1.0.0.202111181127/tools/bin/../lib/gcc/arm-none-eabi/10.3.1/../../../../arm-none-eabi/lib/thumb/v7e-m+fp/hard\libc_nano.a(lib_a-memset.o)
                              c:/appz/st/stm32cubeide_1.10.1/stm32cubeide/plugins/com.st.stm32cube.ide.mcu.externaltools.gnu-tools-for-stm32.10.3-2021.10.win32_1.0.0.202111181127/tools/bin/../lib/gcc/arm-none-eabi/10.3.1/../../../../arm-none-eabi/lib/thumb/v7e-m+fp/hard/crt0.o (memset)
c:/appz/st/stm32cubeide_1.10.1/stm32cubeide/plugins/com.st.stm32cube.ide.mcu.externaltools.gnu-tools-for-stm32.10.3-2021.10.win32_1.0.0.202111181127/tools/bin/../lib/gcc/arm-none-eabi/10.3.1/../../../../arm-none-eabi/lib/thumb/v7e-m+fp/hard\libm.a(lib_a-s_cos.o)
                              ./Core/Src/main.o (cos)
c:/appz/st/stm32cubeide_1.10.1/stm32cubeide/plugins/com.st.stm32cube.ide.mcu.externaltools.gnu-tools-for-stm32.10.3-2021.10.win32_1.0.0.202111181127/tools/bin/../lib/gcc/arm-none-eabi/10.3.1/../../../../arm-none-eabi/lib/thumb/v7e-m+fp/hard\libm.a(lib_a-s_sin.o)
                              ./Core/Src/main.o (sin)
c:/appz/st/stm32cubeide_1.10.1/stm32cubeide/plugins/com.st.stm32cube.ide.mcu.externaltools.gnu-tools-for-stm32.10.3-2021.10.win32_1.0.0.202111181127/tools/bin/../lib/gcc/arm-none-eabi/10.3.1/../../../../arm-none-eabi/lib/thumb/v7e-m+fp/hard\libm.a(lib_a-e_rem_pio2.o)
                              c:/appz/st/stm32cubeide_1.10.1/stm32cubeide/plugins/com.st.stm32cube.ide.mcu.externaltools.gnu-tools-for-stm32.10.3-2021.10.win32_1.0.0.202111181127/tools/bin/../lib/gcc/arm-none-eabi/10.3.1/../../../../arm-none-eabi/lib/thumb/v7e-m+fp/hard\libm.a(lib_a-s_cos.o) (__ieee754_rem_pio2)
c:/appz/st/stm32cubeide_1.10.1/stm32cubeide/plugins/com.st.stm32cube.ide.mcu.externaltools.gnu-tools-for-stm32.10.3-2021.10.win32_1.0.0.202111181127/tools/bin/../lib/gcc/arm-none-eabi/10.3.1/../../../../arm-none-eabi/lib/thumb/v7e-m+fp/hard\libm.a(lib_a-k_cos.o)
                              c:/appz/st/stm32cubeide_1.10.1/stm32cubeide/plugins/com.st.stm32cube.ide.mcu.externaltools.gnu-tools-for-stm32.10.3-2021.10.win32_1.0.0.202111181127/tools/bin/../lib/gcc/arm-none-eabi/10.3.1/../../../../arm-none-eabi/lib/thumb/v7e-m+fp/hard\libm.a(lib_a-s_cos.o) (__kernel_cos)
c:/appz/st/stm32cubeide_1.10.1/stm32cubeide/plugins/com.st.stm32cube.ide.mcu.externaltools.gnu-tools-for-stm32.10.3-2021.10.win32_1.0.0.202111181127/tools/bin/../lib/gcc/arm-none-eabi/10.3.1/../../../../arm-none-eabi/lib/thumb/v7e-m+fp/hard\libm.a(lib_a-k_rem_pio2.o)
[...]
Memory Configuration

Name             Origin             Length             Attributes
CCMRAM           0x0000000010000000 0x0000000000010000 xrw
RAM              0x0000000020000000 0x0000000000030000 xrw
FLASH            0x0000000008000000 0x0000000000200000 xr
*default*        0x0000000000000000 0xffffffffffffffff

Linker script and memory map

LOAD c:/appz/st/stm32cubeide_1.10.1/stm32cubeide/plugins/com.st.stm32cube.ide.mcu.externaltools.gnu-tools-for-stm32.10.3-2021.10.win32_1.0.0.202111181127/tools/bin/../lib/gcc/arm-none-eabi/10.3.1/thumb/v7e-m+fp/hard/crti.o
LOAD c:/appz/st/stm32cubeide_1.10.1/stm32cubeide/plugins/com.st.stm32cube.ide.mcu.externaltools.gnu-tools-for-stm32.10.3-2021.10.win32_1.0.0.202111181127/tools/bin/../lib/gcc/arm-none-eabi/10.3.1/thumb/v7e-m+fp/hard/crtbegin.o
LOAD c:/appz/st/stm32cubeide_1.10.1/stm32cubeide/plugins/com.st.stm32cube.ide.mcu.externaltools.gnu-tools-for-stm32.10.3-2021.10.win32_1.0.0.202111181127/tools/bin/../lib/gcc/arm-none-eabi/10.3.1/../../../../arm-none-eabi/lib/thumb/v7e-m+fp/hard/crt0.o
LOAD ./Core/Src/main.o
LOAD ./Core/Src/stm32f4xx_hal_msp.o
LOAD ./Core/Src/stm32f4xx_it.o
LOAD ./Core/Src/syscalls.o
LOAD ./Core/Src/sysmem.o
LOAD ./Core/Src/system_stm32f4xx.o
LOAD ./Core/Startup/startup_stm32f429zitx.o
LOAD ./Drivers/STM32F4xx_HAL_Driver/Src/stm32f4xx_hal.o
LOAD ./Drivers/STM32F4xx_HAL_Driver/Src/stm32f4xx_hal_cortex.o
LOAD ./Drivers/STM32F4xx_HAL_Driver/Src/stm32f4xx_hal_dma.o
LOAD ./Drivers/STM32F4xx_HAL_Driver/Src/stm32f4xx_hal_dma_ex.o
LOAD ./Drivers/STM32F4xx_HAL_Driver/Src/stm32f4xx_hal_exti.o
LOAD ./Drivers/STM32F4xx_HAL_Driver/Src/stm32f4xx_hal_flash.o
LOAD ./Drivers/STM32F4xx_HAL_Driver/Src/stm32f4xx_hal_flash_ex.o
LOAD ./Drivers/STM32F4xx_HAL_Driver/Src/stm32f4xx_hal_flash_ramfunc.o
LOAD ./Drivers/STM32F4xx_HAL_Driver/Src/stm32f4xx_hal_gpio.o
LOAD ./Drivers/STM32F4xx_HAL_Driver/Src/stm32f4xx_hal_pcd.o
LOAD ./Drivers/STM32F4xx_HAL_Driver/Src/stm32f4xx_hal_pcd_ex.o
LOAD ./Drivers/STM32F4xx_HAL_Driver/Src/stm32f4xx_hal_pwr.o
LOAD ./Drivers/STM32F4xx_HAL_Driver/Src/stm32f4xx_hal_pwr_ex.o
LOAD ./Drivers/STM32F4xx_HAL_Driver/Src/stm32f4xx_hal_rcc.o
LOAD ./Drivers/STM32F4xx_HAL_Driver/Src/stm32f4xx_hal_rcc_ex.o
LOAD ./Drivers/STM32F4xx_HAL_Driver/Src/stm32f4xx_hal_tim.o
LOAD ./Drivers/STM32F4xx_HAL_Driver/Src/stm32f4xx_hal_tim_ex.o
LOAD ./Drivers/STM32F4xx_HAL_Driver/Src/stm32f4xx_hal_uart.o
LOAD ./Drivers/STM32F4xx_HAL_Driver/Src/stm32f4xx_ll_usb.o
LOAD ./Middlewares/ST/STM32_USB_Device_Library/Class/HID/Src/usbd_hid.o
LOAD ./Middlewares/ST/STM32_USB_Device_Library/Core/Src/usbd_core.o
LOAD ./Middlewares/ST/STM32_USB_Device_Library/Core/Src/usbd_ctlreq.o
LOAD ./Middlewares/ST/STM32_USB_Device_Library/Core/Src/usbd_ioreq.o
LOAD ./USB_DEVICE/App/usb_device.o
LOAD ./USB_DEVICE/App/usbd_desc.o
LOAD ./USB_DEVICE/Target/usbd_conf.o
START GROUP
LOAD c:/appz/st/stm32cubeide_1.10.1/stm32cubeide/plugins/com.st.stm32cube.ide.mcu.externaltools.gnu-tools-for-stm32.10.3-2021.10.win32_1.0.0.202111181127/tools/bin/../lib/gcc/arm-none-eabi/10.3.1/../../../../arm-none-eabi/lib/thumb/v7e-m+fp/hard\libc_nano.a
LOAD c:/appz/st/stm32cubeide_1.10.1/stm32cubeide/plugins/com.st.stm32cube.ide.mcu.externaltools.gnu-tools-for-stm32.10.3-2021.10.win32_1.0.0.202111181127/tools/bin/../lib/gcc/arm-none-eabi/10.3.1/../../../../arm-none-eabi/lib/thumb/v7e-m+fp/hard\libm.a
END GROUP
START GROUP
LOAD c:/appz/st/stm32cubeide_1.10.1/stm32cubeide/plugins/com.st.stm32cube.ide.mcu.externaltools.gnu-tools-for-stm32.10.3-2021.10.win32_1.0.0.202111181127/tools/bin/../lib/gcc/arm-none-eabi/10.3.1/thumb/v7e-m+fp/hard\libgcc.a
LOAD c:/appz/st/stm32cubeide_1.10.1/stm32cubeide/plugins/com.st.stm32cube.ide.mcu.externaltools.gnu-tools-for-stm32.10.3-2021.10.win32_1.0.0.202111181127/tools/bin/../lib/gcc/arm-none-eabi/10.3.1/../../../../arm-none-eabi/lib/thumb/v7e-m+fp/hard\libc_nano.a
END GROUP
START GROUP
LOAD c:/appz/st/stm32cubeide_1.10.1/stm32cubeide/plugins/com.st.stm32cube.ide.mcu.externaltools.gnu-tools-for-stm32.10.3-2021.10.win32_1.0.0.202111181127/tools/bin/../lib/gcc/arm-none-eabi/10.3.1/thumb/v7e-m+fp/hard\libgcc.a
LOAD c:/appz/st/stm32cubeide_1.10.1/stm32cubeide/plugins/com.st.stm32cube.ide.mcu.externaltools.gnu-tools-for-stm32.10.3-2021.10.win32_1.0.0.202111181127/tools/bin/../lib/gcc/arm-none-eabi/10.3.1/../../../../arm-none-eabi/lib/thumb/v7e-m+fp/hard\libc_nano.a
LOAD c:/appz/st/stm32cubeide_1.10.1/stm32cubeide/plugins/com.st.stm32cube.ide.mcu.externaltools.gnu-tools-for-stm32.10.3-2021.10.win32_1.0.0.202111181127/tools/bin/../lib/gcc/arm-none-eabi/10.3.1/../../../../arm-none-eabi/lib/thumb/v7e-m+fp/hard\libnosys.a
END GROUP
START GROUP
LOAD c:/appz/st/stm32cubeide_1.10.1/stm32cubeide/plugins/com.st.stm32cube.ide.mcu.externaltools.gnu-tools-for-stm32.10.3-2021.10.win32_1.0.0.202111181127/tools/bin/../lib/gcc/arm-none-eabi/10.3.1/thumb/v7e-m+fp/hard\libgcc.a
LOAD c:/appz/st/stm32cubeide_1.10.1/stm32cubeide/plugins/com.st.stm32cube.ide.mcu.externaltools.gnu-tools-for-stm32.10.3-2021.10.win32_1.0.0.202111181127/tools/bin/../lib/gcc/arm-none-eabi/10.3.1/../../../../arm-none-eabi/lib/thumb/v7e-m+fp/hard\libc_nano.a
LOAD c:/appz/st/stm32cubeide_1.10.1/stm32cubeide/plugins/com.st.stm32cube.ide.mcu.externaltools.gnu-tools-for-stm32.10.3-2021.10.win32_1.0.0.202111181127/tools/bin/../lib/gcc/arm-none-eabi/10.3.1/../../../../arm-none-eabi/lib/thumb/v7e-m+fp/hard\libnosys.a
END GROUP
LOAD c:/appz/st/stm32cubeide_1.10.1/stm32cubeide/plugins/com.st.stm32cube.ide.mcu.externaltools.gnu-tools-for-stm32.10.3-2021.10.win32_1.0.0.202111181127/tools/bin/../lib/gcc/arm-none-eabi/10.3.1/thumb/v7e-m+fp/hard/crtend.o
LOAD c:/appz/st/stm32cubeide_1.10.1/stm32cubeide/plugins/com.st.stm32cube.ide.mcu.externaltools.gnu-tools-for-stm32.10.3-2021.10.win32_1.0.0.202111181127/tools/bin/../lib/gcc/arm-none-eabi/10.3.1/thumb/v7e-m+fp/hard/crtn.o
                0x0000000020030000                _estack = (ORIGIN (RAM) + LENGTH (RAM))
                0x0000000000000200                _Min_Heap_Size = 0x200
                0x0000000000000400                _Min_Stack_Size = 0x400

.isr_vector     0x0000000008000000      0x1ac
                0x0000000008000000                . = ALIGN (0x4)
 *(.isr_vector)
 .isr_vector    0x0000000008000000      0x1ac ./Core/Startup/startup_stm32f429zitx.o
                0x0000000008000000                g_pfnVectors
                0x00000000080001ac                . = ALIGN (0x4)

.text           0x00000000080001b0     0x8c2c
                0x00000000080001b0                . = ALIGN (0x4)
 *(.text)
 .text          0x00000000080001b0       0x40 c:/appz/st/stm32cubeide_1.10.1/stm32cubeide/plugins/com.st.stm32cube.ide.mcu.externaltools.gnu-tools-for-stm32.10.3-2021.10.win32_1.0.0.202111181127/tools/bin/../lib/gcc/arm-none-eabi/10.3.1/thumb/v7e-m+fp/hard/crtbegin.o
 .text          0x00000000080001f0      0x378 c:/appz/st/stm32cubeide_1.10.1/stm32cubeide/plugins/com.st.stm32cube.ide.mcu.externaltools.gnu-tools-for-stm32.10.3-2021.10.win32_1.0.0.202111181127/tools/bin/../lib/gcc/arm-none-eabi/10.3.1/thumb/v7e-m+fp/hard\libgcc.a(_arm_addsubdf3.o)
                0x00000000080001f0                __aeabi_drsub
                0x00000000080001f8                __aeabi_dsub
                0x00000000080001f8                __subdf3
                0x00000000080001fc                __aeabi_dadd
                0x00000000080001fc                __adddf3
                0x0000000008000474                __floatunsidf
                0x0000000008000474                __aeabi_ui2d
                0x0000000008000494                __floatsidf
                0x0000000008000494                __aeabi_i2d
                0x00000000080004b8                __aeabi_f2d
                0x00000000080004b8                __extendsfdf2
                0x00000000080004fc                __floatundidf
                0x00000000080004fc                __aeabi_ul2d
                0x000000000800050c                __floatdidf
                0x000000000800050c                __aeabi_l2d
 .text          0x0000000008000568      0x424 c:/appz/st/stm32cubeide_1.10.1/stm32cubeide/plugins/com.st.stm32cube.ide.mcu.externaltools.gnu-tools-for-stm32.10.3-2021.10.win32_1.0.0.202111181127/tools/bin/../lib/gcc/arm-none-eabi/10.3.1/thumb/v7e-m+fp/hard\libgcc.a(_arm_muldivdf3.o)
                0x0000000008000568                __aeabi_dmul
                0x0000000008000568                __muldf3
                0x00000000080007bc                __divdf3
                0x00000000080007bc                __aeabi_ddiv
 .text          0x000000000800098c      0x110 c:/appz/st/stm32cubeide_1.10.1/stm32cubeide/plugins/com.st.stm32cube.ide.mcu.externaltools.gnu-tools-for-stm32.10.3-2021.10.win32_1.0.0.202111181127/tools/bin/../lib/gcc/arm-none-eabi/10.3.1/thumb/v7e-m+fp/hard\libgcc.a(_arm_cmpdf2.o)
                0x000000000800098c                __gtdf2
                0x000000000800098c                __gedf2
                0x0000000008000994                __ltdf2
                0x0000000008000994                __ledf2
                0x000000000800099c                __nedf2
                0x000000000800099c                __eqdf2
                0x000000000800099c                __cmpdf2
                0x0000000008000a18                __aeabi_cdrcmple
                0x0000000008000a28                __aeabi_cdcmpeq
                0x0000000008000a28                __aeabi_cdcmple
                0x0000000008000a38                __aeabi_dcmpeq
                0x0000000008000a4c                __aeabi_dcmplt
                0x0000000008000a60                __aeabi_dcmple
                0x0000000008000a74                __aeabi_dcmpge
                0x0000000008000a88                __aeabi_dcmpgt
 .text          0x0000000008000a9c       0x50 c:/appz/st/stm32cubeide_1.10.1/stm32cubeide/plugins/com.st.stm32cube.ide.mcu.externaltools.gnu-tools-for-stm32.10.3-2021.10.win32_1.0.0.202111181127/tools/bin/../lib/gcc/arm-none-eabi/10.3.1/thumb/v7e-m+fp/hard\libgcc.a(_arm_fixdfsi.o)
                0x0000000008000a9c                __aeabi_d2iz
                0x0000000008000a9c                __fixdfsi
 .text          0x0000000008000aec       0xa0 c:/appz/st/stm32cubeide_1.10.1/stm32cubeide/plugins/com.st.stm32cube.ide.mcu.externaltools.gnu-tools-for-stm32.10.3-2021.10.win32_1.0.0.202111181127/tools/bin/../lib/gcc/arm-none-eabi/10.3.1/thumb/v7e-m+fp/hard\libgcc.a(_arm_truncdfsf2.o)
                0x0000000008000aec                __truncdfsf2
                0x0000000008000aec                __aeabi_d2f
 .text          0x0000000008000b8c       0x30 c:/appz/st/stm32cubeide_1.10.1/stm32cubeide/plugins/com.st.stm32cube.ide.mcu.externaltools.gnu-tools-for-stm32.10.3-2021.10.win32_1.0.0.202111181127/tools/bin/../lib/gcc/arm-none-eabi/10.3.1/thumb/v7e-m+fp/hard\libgcc.a(_aeabi_uldivmod.o)
                0x0000000008000b8c                __aeabi_uldivmod
 .text          0x0000000008000bbc      0x2d0 c:/appz/st/stm32cubeide_1.10.1/stm32cubeide/plugins/com.st.stm32cube.ide.mcu.externaltools.gnu-tools-for-stm32.10.3-2021.10.win32_1.0.0.202111181127/tools/bin/../lib/gcc/arm-none-eabi/10.3.1/thumb/v7e-m+fp/hard\libgcc.a(_udivmoddi4.o)
                0x0000000008000bbc                __udivmoddi4
 .text          0x0000000008000e8c        0x4 c:/appz/st/stm32cubeide_1.10.1/stm32cubeide/plugins/com.st.stm32cube.ide.mcu.externaltools.gnu-tools-for-stm32.10.3-2021.10.win32_1.0.0.202111181127/tools/bin/../lib/gcc/arm-none-eabi/10.3.1/thumb/v7e-m+fp/hard\libgcc.a(_dvmd_tls.o)
                0x0000000008000e8c                __aeabi_idiv0
                0x0000000008000e8c                __aeabi_ldiv0
 *(.text*)
 .text.step     0x0000000008000e90       0x4c ./Core/Src/main.o
 *fill*         0x0000000008000edc        0x4 
 .text.paint    0x0000000008000ee0      0x134 ./Core/Src/main.o
 .text.eye      0x0000000008001014       0x1a ./Core/Src/main.o
 .text.eye2     0x000000000800102e       0x1a ./Core/Src/main.o
 .text.nose     0x0000000008001048       0x3a ./Core/Src/main.o
 *fill*         0x0000000008001082        0x2 
 .text.main     0x0000000008001084       0x9c ./Core/Src/main.o
                0x0000000008001084                main
 .text.SystemClock_Config
                0x0000000008001120       0xd4 ./Core/Src/main.o
                0x0000000008001120                SystemClock_Config
 .text.MX_USART3_UART_Init
                0x00000000080011f4       0x54 ./Core/Src/main.o
 .text.MX_GPIO_Init
                0x0000000008001248      0x1e4 ./Core/Src/main.o
 .text.Error_Handler
                0x000000000800142c        0xa ./Core/Src/main.o
                0x000000000800142c                Error_Handler
 *fill*         0x0000000008001436        0x2 
 .text.HAL_MspInit
                0x0000000008001438       0x50 ./Core/Src/stm32f4xx_hal_msp.o
                0x0000000008001438                HAL_MspInit
 .text.HAL_UART_MspInit
                0x0000000008001488       0x90 ./Core/Src/stm32f4xx_hal_msp.o
                0x0000000008001488                HAL_UART_MspInit
 .text.NMI_Handler
                0x0000000008001518        0x6 ./Core/Src/stm32f4xx_it.o
                0x0000000008001518                NMI_Handler
 .text.HardFault_Handler
                0x000000000800151e        0x6 ./Core/Src/stm32f4xx_it.o
                0x000000000800151e                HardFault_Handler
 .text.MemManage_Handler
                0x0000000008001524        0x6 ./Core/Src/stm32f4xx_it.o
                0x0000000008001524                MemManage_Handler
 .text.BusFault_Handler
                0x000000000800152a        0x6 ./Core/Src/stm32f4xx_it.o
                0x000000000800152a                BusFault_Handler
 .text.UsageFault_Handler
                0x0000000008001530        0x6 ./Core/Src/stm32f4xx_it.o
                0x0000000008001530                UsageFault_Handler
 .text.SVC_Handler
                0x0000000008001536        0xe ./Core/Src/stm32f4xx_it.o
                0x0000000008001536                SVC_Handler
 .text.DebugMon_Handler
                0x0000000008001544        0xe ./Core/Src/stm32f4xx_it.o
                0x0000000008001544                DebugMon_Handler
 .text.PendSV_Handler
                0x0000000008001552        0xe ./Core/Src/stm32f4xx_it.o
                0x0000000008001552                PendSV_Handler
 .text.SysTick_Handler
                0x0000000008001560        0xc ./Core/Src/stm32f4xx_it.o
                0x0000000008001560                SysTick_Handler
 .text.OTG_FS_IRQHandler
                0x000000000800156c       0x14 ./Core/Src/stm32f4xx_it.o
                0x000000000800156c                OTG_FS_IRQHandler
 .text.SystemInit
                0x0000000008001580       0x24 ./Core/Src/system_stm32f4xx.o
                0x0000000008001580                SystemInit
 .text.Reset_Handler
                0x00000000080015a4       0x50 ./Core/Startup/startup_stm32f429zitx.o
                0x00000000080015a4                Reset_Handler
 .text.Default_Handler
                0x00000000080015f4        0x2 ./Core/Startup/startup_stm32f429zitx.o
                0x00000000080015f4                RTC_Alarm_IRQHandler
                0x00000000080015f4                HASH_RNG_IRQHandler
                0x00000000080015f4                EXTI2_IRQHandler
                0x00000000080015f4                TIM8_CC_IRQHandler
                0x00000000080015f4                UART8_IRQHandler
                0x00000000080015f4                SPI4_IRQHandler
                0x00000000080015f4                TIM1_CC_IRQHandler
                0x00000000080015f4                DMA2_Stream5_IRQHandler
                0x00000000080015f4                DMA1_Stream5_IRQHandler
                0x00000000080015f4                PVD_IRQHandler
                0x00000000080015f4                SDIO_IRQHandler
                0x00000000080015f4                TAMP_STAMP_IRQHandler
                0x00000000080015f4                CAN2_RX1_IRQHandler
                0x00000000080015f4                EXTI3_IRQHandler
                0x00000000080015f4                TIM8_TRG_COM_TIM14_IRQHandler
                0x00000000080015f4                TIM1_UP_TIM10_IRQHandler
                0x00000000080015f4                TIM8_UP_TIM13_IRQHandler
                0x00000000080015f4                I2C3_ER_IRQHandler
                0x00000000080015f4                EXTI0_IRQHandler
                0x00000000080015f4                I2C2_EV_IRQHandler
                0x00000000080015f4                DMA1_Stream2_IRQHandler
                0x00000000080015f4                CAN1_RX0_IRQHandler
                0x00000000080015f4                FPU_IRQHandler
                0x00000000080015f4                OTG_HS_WKUP_IRQHandler
                0x00000000080015f4                LTDC_ER_IRQHandler
                0x00000000080015f4                CAN2_SCE_IRQHandler
                0x00000000080015f4                DMA2_Stream2_IRQHandler
                0x00000000080015f4                SPI1_IRQHandler
                0x00000000080015f4                TIM6_DAC_IRQHandler
                0x00000000080015f4                TIM1_BRK_TIM9_IRQHandler
                0x00000000080015f4                DCMI_IRQHandler
                0x00000000080015f4                CAN2_RX0_IRQHandler
                0x00000000080015f4                DMA2_Stream3_IRQHandler
                0x00000000080015f4                USART6_IRQHandler
                0x00000000080015f4                USART3_IRQHandler
                0x00000000080015f4                CAN1_RX1_IRQHandler
                0x00000000080015f4                UART5_IRQHandler
                0x00000000080015f4                DMA2_Stream0_IRQHandler
                0x00000000080015f4                TIM4_IRQHandler
                0x00000000080015f4                I2C1_EV_IRQHandler
                0x00000000080015f4                DMA1_Stream6_IRQHandler
                0x00000000080015f4                DMA1_Stream1_IRQHandler
                0x00000000080015f4                UART4_IRQHandler
                0x00000000080015f4                TIM3_IRQHandler
                0x00000000080015f4                RCC_IRQHandler
                0x00000000080015f4                TIM8_BRK_TIM12_IRQHandler
                0x00000000080015f4                Default_Handler
                0x00000000080015f4                EXTI15_10_IRQHandler
                0x00000000080015f4                ADC_IRQHandler
                0x00000000080015f4                DMA1_Stream7_IRQHandler
                0x00000000080015f4                SPI5_IRQHandler
                0x00000000080015f4                TIM7_IRQHandler
                0x00000000080015f4                CAN2_TX_IRQHandler
                0x00000000080015f4                TIM5_IRQHandler
                0x00000000080015f4                DMA2_Stream7_IRQHandler
                0x00000000080015f4                I2C3_EV_IRQHandler
                0x00000000080015f4                EXTI9_5_IRQHandler
                0x00000000080015f4                RTC_WKUP_IRQHandler
                0x00000000080015f4                LTDC_IRQHandler
                0x00000000080015f4                ETH_WKUP_IRQHandler
                0x00000000080015f4                SPI2_IRQHandler
                0x00000000080015f4                OTG_HS_EP1_IN_IRQHandler
                0x00000000080015f4                DMA1_Stream0_IRQHandler
                0x00000000080015f4                CAN1_TX_IRQHandler
                0x00000000080015f4                EXTI4_IRQHandler
                0x00000000080015f4                ETH_IRQHandler
                0x00000000080015f4                OTG_HS_EP1_OUT_IRQHandler
                0x00000000080015f4                WWDG_IRQHandler
                0x00000000080015f4                SPI6_IRQHandler
                0x00000000080015f4                TIM2_IRQHandler
                0x00000000080015f4                OTG_FS_WKUP_IRQHandler
                0x00000000080015f4                TIM1_TRG_COM_TIM11_IRQHandler
                0x00000000080015f4                OTG_HS_IRQHandler
                0x00000000080015f4                DMA2D_IRQHandler
                0x00000000080015f4                EXTI1_IRQHandler
                0x00000000080015f4                UART7_IRQHandler
                0x00000000080015f4                USART2_IRQHandler
                0x00000000080015f4                I2C2_ER_IRQHandler
                0x00000000080015f4                DMA2_Stream1_IRQHandler
                0x00000000080015f4                CAN1_SCE_IRQHandler
                0x00000000080015f4                FLASH_IRQHandler
                0x00000000080015f4                DMA2_Stream4_IRQHandler
                0x00000000080015f4                USART1_IRQHandler
                0x00000000080015f4                SPI3_IRQHandler
                0x00000000080015f4                DMA1_Stream4_IRQHandler
                0x00000000080015f4                I2C1_ER_IRQHandler
                0x00000000080015f4                FMC_IRQHandler
                0x00000000080015f4                DMA2_Stream6_IRQHandler
                0x00000000080015f4                SAI1_IRQHandler
                0x00000000080015f4                DMA1_Stream3_IRQHandler
 *fill*         0x00000000080015f6        0x2 
 .text.HAL_Init
                0x00000000080015f8       0x44 ./Drivers/STM32F4xx_HAL_Driver/Src/stm32f4xx_hal.o
                0x00000000080015f8                HAL_Init
 .text.HAL_InitTick
                0x000000000800163c       0x60 ./Drivers/STM32F4xx_HAL_Driver/Src/stm32f4xx_hal.o
                0x000000000800163c                HAL_InitTick
 .text.HAL_IncTick
                0x000000000800169c       0x28 ./Drivers/STM32F4xx_HAL_Driver/Src/stm32f4xx_hal.o
                0x000000000800169c                HAL_IncTick
 .text.HAL_GetTick
                0x00000000080016c4       0x18 ./Drivers/STM32F4xx_HAL_Driver/Src/stm32f4xx_hal.o
                0x00000000080016c4                HAL_GetTick
 .text.HAL_Delay
                0x00000000080016dc       0x48 ./Drivers/STM32F4xx_HAL_Driver/Src/stm32f4xx_hal.o
                0x00000000080016dc                HAL_Delay
 .text.__NVIC_SetPriorityGrouping
                0x0000000008001724       0x48 ./Drivers/STM32F4xx_HAL_Driver/Src/stm32f4xx_hal_cortex.o
 .text.__NVIC_GetPriorityGrouping
                0x000000000800176c       0x1c ./Drivers/STM32F4xx_HAL_Driver/Src/stm32f4xx_hal_cortex.o
 .text.__NVIC_EnableIRQ
                0x0000000008001788       0x3c ./Drivers/STM32F4xx_HAL_Driver/Src/stm32f4xx_hal_cortex.o
 .text.__NVIC_SetPriority
                0x00000000080017c4       0x54 ./Drivers/STM32F4xx_HAL_Driver/Src/stm32f4xx_hal_cortex.o
 .text.NVIC_EncodePriority
                0x0000000008001818       0x66 ./Drivers/STM32F4xx_HAL_Driver/Src/stm32f4xx_hal_cortex.o
 *fill*         0x000000000800187e        0x2 
 .text.SysTick_Config
                0x0000000008001880       0x44 ./Drivers/STM32F4xx_HAL_Driver/Src/stm32f4xx_hal_cortex.o
 .text.HAL_NVIC_SetPriorityGrouping
                0x00000000080018c4       0x16 ./Drivers/STM32F4xx_HAL_Driver/Src/stm32f4xx_hal_cortex.o
                0x00000000080018c4                HAL_NVIC_SetPriorityGrouping
 .text.HAL_NVIC_SetPriority
                0x00000000080018da       0x38 ./Drivers/STM32F4xx_HAL_Driver/Src/stm32f4xx_hal_cortex.o
                0x00000000080018da                HAL_NVIC_SetPriority
 .text.HAL_NVIC_EnableIRQ
                0x0000000008001912       0x1c ./Drivers/STM32F4xx_HAL_Driver/Src/stm32f4xx_hal_cortex.o
                0x0000000008001912                HAL_NVIC_EnableIRQ
 .text.HAL_SYSTICK_Config
                0x000000000800192e       0x18 ./Drivers/STM32F4xx_HAL_Driver/Src/stm32f4xx_hal_cortex.o
                0x000000000800192e                HAL_SYSTICK_Config
 *fill*         0x0000000008001946        0x2 
 .text.HAL_GPIO_Init
                0x0000000008001948      0x358 ./Drivers/STM32F4xx_HAL_Driver/Src/stm32f4xx_hal_gpio.o
                0x0000000008001948                HAL_GPIO_Init
 .text.HAL_GPIO_ReadPin
                0x0000000008001ca0       0x30 ./Drivers/STM32F4xx_HAL_Driver/Src/stm32f4xx_hal_gpio.o
                0x0000000008001ca0                HAL_GPIO_ReadPin
 .text.HAL_GPIO_WritePin
                0x0000000008001cd0       0x32 ./Drivers/STM32F4xx_HAL_Driver/Src/stm32f4xx_hal_gpio.o
                0x0000000008001cd0                HAL_GPIO_WritePin
 .text.HAL_PCD_Init
                0x0000000008001d02      0x23a ./Drivers/STM32F4xx_HAL_Driver/Src/stm32f4xx_hal_pcd.o
                0x0000000008001d02                HAL_PCD_Init
 .text.HAL_PCD_Start
                0x0000000008001f3c       0x66 ./Drivers/STM32F4xx_HAL_Driver/Src/stm32f4xx_hal_pcd.o
                0x0000000008001f3c                HAL_PCD_Start
 .text.HAL_PCD_IRQHandler
                0x0000000008001fa2      0x93e ./Drivers/STM32F4xx_HAL_Driver/Src/stm32f4xx_hal_pcd.o
                0x0000000008001fa2                HAL_PCD_IRQHandler
 .text.HAL_PCD_SetAddress
                0x00000000080028e0       0x4a ./Drivers/STM32F4xx_HAL_Driver/Src/stm32f4xx_hal_pcd.o
                0x00000000080028e0                HAL_PCD_SetAddress
 .text.HAL_PCD_EP_Open
                0x000000000800292a       0xd0 ./Drivers/STM32F4xx_HAL_Driver/Src/stm32f4xx_hal_pcd.o
                0x000000000800292a                HAL_PCD_EP_Open
 .text.HAL_PCD_EP_Close
                0x00000000080029fa       0x94 ./Drivers/STM32F4xx_HAL_Driver/Src/stm32f4xx_hal_pcd.o
                0x00000000080029fa                HAL_PCD_EP_Close
 .text.HAL_PCD_EP_Receive
                0x0000000008002a8e       0x96 ./Drivers/STM32F4xx_HAL_Driver/Src/stm32f4xx_hal_pcd.o
                0x0000000008002a8e                HAL_PCD_EP_Receive
 .text.HAL_PCD_EP_Transmit
                0x0000000008002b24       0x94 ./Drivers/STM32F4xx_HAL_Driver/Src/stm32f4xx_hal_pcd.o
                0x0000000008002b24                HAL_PCD_EP_Transmit
 .text.HAL_PCD_EP_SetStall
                0x0000000008002bb8       0xc8 ./Drivers/STM32F4xx_HAL_Driver/Src/stm32f4xx_hal_pcd.o
                0x0000000008002bb8                HAL_PCD_EP_SetStall
 .text.HAL_PCD_EP_ClrStall
                0x0000000008002c80       0xac ./Drivers/STM32F4xx_HAL_Driver/Src/stm32f4xx_hal_pcd.o
                0x0000000008002c80                HAL_PCD_EP_ClrStall
 .text.HAL_PCD_EP_Abort
                0x0000000008002d2c       0x62 ./Drivers/STM32F4xx_HAL_Driver/Src/stm32f4xx_hal_pcd.o
                0x0000000008002d2c                HAL_PCD_EP_Abort
 .text.PCD_WriteEmptyTxFifo
                0x0000000008002d8e      0x11a ./Drivers/STM32F4xx_HAL_Driver/Src/stm32f4xx_hal_pcd.o
 .text.PCD_EP_OutXfrComplete_int
                0x0000000008002ea8      0x1d0 ./Drivers/STM32F4xx_HAL_Driver/Src/stm32f4xx_hal_pcd.o
 .text.PCD_EP_OutSetupPacket_int
                0x0000000008003078       0x8c ./Drivers/STM32F4xx_HAL_Driver/Src/stm32f4xx_hal_pcd.o
 .text.HAL_PCDEx_SetTxFiFo
                0x0000000008003104       0x8e ./Drivers/STM32F4xx_HAL_Driver/Src/stm32f4xx_hal_pcd_ex.o
                0x0000000008003104                HAL_PCDEx_SetTxFiFo
 .text.HAL_PCDEx_SetRxFiFo
                0x0000000008003192       0x22 ./Drivers/STM32F4xx_HAL_Driver/Src/stm32f4xx_hal_pcd_ex.o
                0x0000000008003192                HAL_PCDEx_SetRxFiFo
 .text.HAL_PCDEx_LPM_Callback
                0x00000000080031b4       0x18 ./Drivers/STM32F4xx_HAL_Driver/Src/stm32f4xx_hal_pcd_ex.o
                0x00000000080031b4                HAL_PCDEx_LPM_Callback
 .text.HAL_RCC_OscConfig
                0x00000000080031cc      0x4f0 ./Drivers/STM32F4xx_HAL_Driver/Src/stm32f4xx_hal_rcc.o
                0x00000000080031cc                HAL_RCC_OscConfig
 .text.HAL_RCC_ClockConfig
                0x00000000080036bc      0x1cc ./Drivers/STM32F4xx_HAL_Driver/Src/stm32f4xx_hal_rcc.o
                0x00000000080036bc                HAL_RCC_ClockConfig
 .text.HAL_RCC_GetSysClockFreq
                0x0000000008003888      0x20c ./Drivers/STM32F4xx_HAL_Driver/Src/stm32f4xx_hal_rcc.o
                0x0000000008003888                HAL_RCC_GetSysClockFreq
 .text.HAL_RCC_GetHCLKFreq
                0x0000000008003a94       0x18 ./Drivers/STM32F4xx_HAL_Driver/Src/stm32f4xx_hal_rcc.o
                0x0000000008003a94                HAL_RCC_GetHCLKFreq
 .text.HAL_RCC_GetPCLK1Freq
                0x0000000008003aac       0x28 ./Drivers/STM32F4xx_HAL_Driver/Src/stm32f4xx_hal_rcc.o
                0x0000000008003aac                HAL_RCC_GetPCLK1Freq
 .text.HAL_RCC_GetPCLK2Freq
                0x0000000008003ad4       0x28 ./Drivers/STM32F4xx_HAL_Driver/Src/stm32f4xx_hal_rcc.o
                0x0000000008003ad4                HAL_RCC_GetPCLK2Freq
 .text.HAL_UART_Init
                0x0000000008003afc       0x9a ./Drivers/STM32F4xx_HAL_Driver/Src/stm32f4xx_hal_uart.o
                0x0000000008003afc                HAL_UART_Init
 *fill*         0x0000000008003b96        0x2 
 .text.UART_SetConfig
                0x0000000008003b98      0x4e8 ./Drivers/STM32F4xx_HAL_Driver/Src/stm32f4xx_hal_uart.o
 .text.USB_CoreInit
                0x0000000008004080       0xc2 ./Drivers/STM32F4xx_HAL_Driver/Src/stm32f4xx_ll_usb.o
                0x0000000008004080                USB_CoreInit
 *fill*         0x0000000008004142        0x2 
 .text.USB_SetTurnaroundTime
                0x0000000008004144      0x144 ./Drivers/STM32F4xx_HAL_Driver/Src/stm32f4xx_ll_usb.o
                0x0000000008004144                USB_SetTurnaroundTime
 .text.USB_EnableGlobalInt
                0x0000000008004288       0x22 ./Drivers/STM32F4xx_HAL_Driver/Src/stm32f4xx_ll_usb.o
                0x0000000008004288                USB_EnableGlobalInt
 .text.USB_DisableGlobalInt
                0x00000000080042aa       0x22 ./Drivers/STM32F4xx_HAL_Driver/Src/stm32f4xx_ll_usb.o
                0x00000000080042aa                USB_DisableGlobalInt
 .text.USB_SetCurrentMode
                0x00000000080042cc       0x98 ./Drivers/STM32F4xx_HAL_Driver/Src/stm32f4xx_ll_usb.o
                0x00000000080042cc                USB_SetCurrentMode
 .text.USB_DevInit
                0x0000000008004364      0x2c8 ./Drivers/STM32F4xx_HAL_Driver/Src/stm32f4xx_ll_usb.o
                0x0000000008004364                USB_DevInit
 .text.USB_FlushTxFifo
                0x000000000800462c       0x68 ./Drivers/STM32F4xx_HAL_Driver/Src/stm32f4xx_ll_usb.o
                0x000000000800462c                USB_FlushTxFifo
 .text.USB_FlushRxFifo
                0x0000000008004694       0x60 ./Drivers/STM32F4xx_HAL_Driver/Src/stm32f4xx_ll_usb.o
                0x0000000008004694                USB_FlushRxFifo
 .text.USB_SetDevSpeed
                0x00000000080046f4       0x32 ./Drivers/STM32F4xx_HAL_Driver/Src/stm32f4xx_ll_usb.o
                0x00000000080046f4                USB_SetDevSpeed
 .text.USB_GetDevSpeed
                0x0000000008004726       0x4a ./Drivers/STM32F4xx_HAL_Driver/Src/stm32f4xx_ll_usb.o
                0x0000000008004726                USB_GetDevSpeed
 .text.USB_ActivateEndpoint
                0x0000000008004770      0x10e ./Drivers/STM32F4xx_HAL_Driver/Src/stm32f4xx_ll_usb.o
                0x0000000008004770                USB_ActivateEndpoint
 *fill*         0x000000000800487e        0x2 
 .text.USB_DeactivateEndpoint
                0x0000000008004880      0x1b8 ./Drivers/STM32F4xx_HAL_Driver/Src/stm32f4xx_ll_usb.o
                0x0000000008004880                USB_DeactivateEndpoint
 .text.USB_EPStartXfer
                0x0000000008004a38      0x490 ./Drivers/STM32F4xx_HAL_Driver/Src/stm32f4xx_ll_usb.o
                0x0000000008004a38                USB_EPStartXfer
 .text.USB_EP0StartXfer
                0x0000000008004ec8      0x2b0 ./Drivers/STM32F4xx_HAL_Driver/Src/stm32f4xx_ll_usb.o
                0x0000000008004ec8                USB_EP0StartXfer
 .text.USB_EPStopXfer
                0x0000000008005178      0x154 ./Drivers/STM32F4xx_HAL_Driver/Src/stm32f4xx_ll_usb.o
                0x0000000008005178                USB_EPStopXfer
 .text.USB_WritePacket
                0x00000000080052cc       0x7c ./Drivers/STM32F4xx_HAL_Driver/Src/stm32f4xx_ll_usb.o
                0x00000000080052cc                USB_WritePacket
 .text.USB_ReadPacket
                0x0000000008005348       0xb0 ./Drivers/STM32F4xx_HAL_Driver/Src/stm32f4xx_ll_usb.o
                0x0000000008005348                USB_ReadPacket
 .text.USB_EPSetStall
                0x00000000080053f8       0xdc ./Drivers/STM32F4xx_HAL_Driver/Src/stm32f4xx_ll_usb.o
                0x00000000080053f8                USB_EPSetStall
 .text.USB_EPClearStall
                0x00000000080054d4       0xcc ./Drivers/STM32F4xx_HAL_Driver/Src/stm32f4xx_ll_usb.o
                0x00000000080054d4                USB_EPClearStall
 .text.USB_SetDevAddress
                0x00000000080055a0       0x4c ./Drivers/STM32F4xx_HAL_Driver/Src/stm32f4xx_ll_usb.o
                0x00000000080055a0                USB_SetDevAddress
 .text.USB_DevConnect
                0x00000000080055ec       0x42 ./Drivers/STM32F4xx_HAL_Driver/Src/stm32f4xx_ll_usb.o
                0x00000000080055ec                USB_DevConnect
 .text.USB_DevDisconnect
                0x000000000800562e       0x42 ./Drivers/STM32F4xx_HAL_Driver/Src/stm32f4xx_ll_usb.o
                0x000000000800562e                USB_DevDisconnect
 .text.USB_ReadInterrupts
                0x0000000008005670       0x26 ./Drivers/STM32F4xx_HAL_Driver/Src/stm32f4xx_ll_usb.o
                0x0000000008005670                USB_ReadInterrupts
 .text.USB_ReadDevAllOutEpInterrupt
                0x0000000008005696       0x34 ./Drivers/STM32F4xx_HAL_Driver/Src/stm32f4xx_ll_usb.o
                0x0000000008005696                USB_ReadDevAllOutEpInterrupt
 .text.USB_ReadDevAllInEpInterrupt
                0x00000000080056ca       0x34 ./Drivers/STM32F4xx_HAL_Driver/Src/stm32f4xx_ll_usb.o
                0x00000000080056ca                USB_ReadDevAllInEpInterrupt
 .text.USB_ReadDevOutEPInterrupt
                0x00000000080056fe       0x3c ./Drivers/STM32F4xx_HAL_Driver/Src/stm32f4xx_ll_usb.o
                0x00000000080056fe                USB_ReadDevOutEPInterrupt
 .text.USB_ReadDevInEPInterrupt
                0x000000000800573a       0x5c ./Drivers/STM32F4xx_HAL_Driver/Src/stm32f4xx_ll_usb.o
                0x000000000800573a                USB_ReadDevInEPInterrupt
 .text.USB_GetMode
                0x0000000008005796       0x1c ./Drivers/STM32F4xx_HAL_Driver/Src/stm32f4xx_ll_usb.o
                0x0000000008005796                USB_GetMode
 .text.USB_ActivateSetup
                0x00000000080057b2       0x46 ./Drivers/STM32F4xx_HAL_Driver/Src/stm32f4xx_ll_usb.o
                0x00000000080057b2                USB_ActivateSetup
 .text.USB_EP0_OutStart
                0x00000000080057f8       0xbc ./Drivers/STM32F4xx_HAL_Driver/Src/stm32f4xx_ll_usb.o
                0x00000000080057f8                USB_EP0_OutStart
 .text.USB_CoreReset
                0x00000000080058b4       0x68 ./Drivers/STM32F4xx_HAL_Driver/Src/stm32f4xx_ll_usb.o
 .text.USBD_HID_Init
                0x000000000800591c       0xcc ./Middlewares/ST/STM32_USB_Device_Library/Class/HID/Src/usbd_hid.o
 .text.USBD_HID_DeInit
                0x00000000080059e8       0x90 ./Middlewares/ST/STM32_USB_Device_Library/Class/HID/Src/usbd_hid.o
 .text.USBD_HID_Setup
                0x0000000008005a78      0x210 ./Middlewares/ST/STM32_USB_Device_Library/Class/HID/Src/usbd_hid.o
 .text.USBD_HID_SendReport
                0x0000000008005c88       0x60 ./Middlewares/ST/STM32_USB_Device_Library/Class/HID/Src/usbd_hid.o
                0x0000000008005c88                USBD_HID_SendReport
 .text.USBD_HID_GetPollingInterval
                0x0000000008005ce8       0x28 ./Middlewares/ST/STM32_USB_Device_Library/Class/HID/Src/usbd_hid.o
                0x0000000008005ce8                USBD_HID_GetPollingInterval
 .text.USBD_HID_GetFSCfgDesc
                0x0000000008005d10       0x34 ./Middlewares/ST/STM32_USB_Device_Library/Class/HID/Src/usbd_hid.o
 .text.USBD_HID_GetHSCfgDesc
                0x0000000008005d44       0x34 ./Middlewares/ST/STM32_USB_Device_Library/Class/HID/Src/usbd_hid.o
 .text.USBD_HID_GetOtherSpeedCfgDesc
                0x0000000008005d78       0x34 ./Middlewares/ST/STM32_USB_Device_Library/Class/HID/Src/usbd_hid.o
 .text.USBD_HID_DataIn
                0x0000000008005dac       0x2c ./Middlewares/ST/STM32_USB_Device_Library/Class/HID/Src/usbd_hid.o
 .text.USBD_HID_GetDeviceQualifierDesc
                0x0000000008005dd8       0x20 ./Middlewares/ST/STM32_USB_Device_Library/Class/HID/Src/usbd_hid.o
 .text.USBD_Init
                0x0000000008005df8       0x60 ./Middlewares/ST/STM32_USB_Device_Library/Core/Src/usbd_core.o
                0x0000000008005df8                USBD_Init
 .text.USBD_RegisterClass
                0x0000000008005e58       0x6c ./Middlewares/ST/STM32_USB_Device_Library/Core/Src/usbd_core.o
                0x0000000008005e58                USBD_RegisterClass
 .text.USBD_Start
                0x0000000008005ec4       0x18 ./Middlewares/ST/STM32_USB_Device_Library/Core/Src/usbd_core.o
                0x0000000008005ec4                USBD_Start
 .text.USBD_RunTestMode
                0x0000000008005edc       0x16 ./Middlewares/ST/STM32_USB_Device_Library/Core/Src/usbd_core.o
                0x0000000008005edc                USBD_RunTestMode
 .text.USBD_SetClassConfig
                0x0000000008005ef2       0x38 ./Middlewares/ST/STM32_USB_Device_Library/Core/Src/usbd_core.o
                0x0000000008005ef2                USBD_SetClassConfig
 .text.USBD_ClrClassConfig
                0x0000000008005f2a       0x34 ./Middlewares/ST/STM32_USB_Device_Library/Core/Src/usbd_core.o
                0x0000000008005f2a                USBD_ClrClassConfig
 .text.USBD_LL_SetupStage
                0x0000000008005f5e       0xaa ./Middlewares/ST/STM32_USB_Device_Library/Core/Src/usbd_core.o
                0x0000000008005f5e                USBD_LL_SetupStage
 .text.USBD_LL_DataOutStage
                0x0000000008006008      0x166 ./Middlewares/ST/STM32_USB_Device_Library/Core/Src/usbd_core.o
                0x0000000008006008                USBD_LL_DataOutStage
 .text.USBD_LL_DataInStage
                0x000000000800616e      0x164 ./Middlewares/ST/STM32_USB_Device_Library/Core/Src/usbd_core.o
                0x000000000800616e                USBD_LL_DataInStage
 .text.USBD_LL_Reset
                0x00000000080062d2       0xa4 ./Middlewares/ST/STM32_USB_Device_Library/Core/Src/usbd_core.o
                0x00000000080062d2                USBD_LL_Reset
 .text.USBD_LL_SetSpeed
                0x0000000008006376       0x20 ./Middlewares/ST/STM32_USB_Device_Library/Core/Src/usbd_core.o
                0x0000000008006376                USBD_LL_SetSpeed
 .text.USBD_LL_Suspend
                0x0000000008006396       0x2c ./Middlewares/ST/STM32_USB_Device_Library/Core/Src/usbd_core.o
                0x0000000008006396                USBD_LL_Suspend
 .text.USBD_LL_Resume
                0x00000000080063c2       0x30 ./Middlewares/ST/STM32_USB_Device_Library/Core/Src/usbd_core.o
                0x00000000080063c2                USBD_LL_Resume
 .text.USBD_LL_SOF
                0x00000000080063f2       0x40 ./Middlewares/ST/STM32_USB_Device_Library/Core/Src/usbd_core.o
                0x00000000080063f2                USBD_LL_SOF
 .text.USBD_LL_IsoINIncomplete
                0x0000000008006432       0x64 ./Middlewares/ST/STM32_USB_Device_Library/Core/Src/usbd_core.o
                0x0000000008006432                USBD_LL_IsoINIncomplete
 .text.USBD_LL_IsoOUTIncomplete
                0x0000000008006496       0x64 ./Middlewares/ST/STM32_USB_Device_Library/Core/Src/usbd_core.o
                0x0000000008006496                USBD_LL_IsoOUTIncomplete
 .text.USBD_LL_DevConnected
                0x00000000080064fa       0x16 ./Middlewares/ST/STM32_USB_Device_Library/Core/Src/usbd_core.o
                0x00000000080064fa                USBD_LL_DevConnected
 .text.USBD_LL_DevDisconnected
                0x0000000008006510       0x46 ./Middlewares/ST/STM32_USB_Device_Library/Core/Src/usbd_core.o
                0x0000000008006510                USBD_LL_DevDisconnected
 .text.USBD_CoreFindIF
                0x0000000008006556       0x1a ./Middlewares/ST/STM32_USB_Device_Library/Core/Src/usbd_core.o
                0x0000000008006556                USBD_CoreFindIF
 .text.USBD_CoreFindEP
                0x0000000008006570       0x1a ./Middlewares/ST/STM32_USB_Device_Library/Core/Src/usbd_core.o
                0x0000000008006570                USBD_CoreFindEP
 .text.USBD_GetEpDesc
                0x000000000800658a       0x74 ./Middlewares/ST/STM32_USB_Device_Library/Core/Src/usbd_core.o
                0x000000000800658a                USBD_GetEpDesc
 .text.USBD_GetNextDesc
                0x00000000080065fe       0x3a ./Middlewares/ST/STM32_USB_Device_Library/Core/Src/usbd_core.o
                0x00000000080065fe                USBD_GetNextDesc
 .text.SWAPBYTE
                0x0000000008006638       0x3c ./Middlewares/ST/STM32_USB_Device_Library/Core/Src/usbd_ctlreq.o
 .text.USBD_StdDevReq
                0x0000000008006674       0xe4 ./Middlewares/ST/STM32_USB_Device_Library/Core/Src/usbd_ctlreq.o
                0x0000000008006674                USBD_StdDevReq
 .text.USBD_StdItfReq
                0x0000000008006758       0xd8 ./Middlewares/ST/STM32_USB_Device_Library/Core/Src/usbd_ctlreq.o
                0x0000000008006758                USBD_StdItfReq
 .text.USBD_StdEPReq
                0x0000000008006830      0x33a ./Middlewares/ST/STM32_USB_Device_Library/Core/Src/usbd_ctlreq.o
                0x0000000008006830                USBD_StdEPReq
 *fill*         0x0000000008006b6a        0x2 
 .text.USBD_GetDescriptor
                0x0000000008006b6c      0x2d4 ./Middlewares/ST/STM32_USB_Device_Library/Core/Src/usbd_ctlreq.o
 .text.USBD_SetAddress
                0x0000000008006e40       0x88 ./Middlewares/ST/STM32_USB_Device_Library/Core/Src/usbd_ctlreq.o
 .text.USBD_SetConfig
                0x0000000008006ec8      0x154 ./Middlewares/ST/STM32_USB_Device_Library/Core/Src/usbd_ctlreq.o
 .text.USBD_GetConfig
                0x000000000800701c       0x6c ./Middlewares/ST/STM32_USB_Device_Library/Core/Src/usbd_ctlreq.o
 .text.USBD_GetStatus
                0x0000000008007088       0x68 ./Middlewares/ST/STM32_USB_Device_Library/Core/Src/usbd_ctlreq.o
 .text.USBD_SetFeature
                0x00000000080070f0       0x52 ./Middlewares/ST/STM32_USB_Device_Library/Core/Src/usbd_ctlreq.o
 .text.USBD_ClrFeature
                0x0000000008007142       0x44 ./Middlewares/ST/STM32_USB_Device_Library/Core/Src/usbd_ctlreq.o
 .text.USBD_ParseSetupRequest
                0x0000000008007186       0x74 ./Middlewares/ST/STM32_USB_Device_Library/Core/Src/usbd_ctlreq.o
                0x0000000008007186                USBD_ParseSetupRequest
 .text.USBD_CtlError
                0x00000000080071fa       0x22 ./Middlewares/ST/STM32_USB_Device_Library/Core/Src/usbd_ctlreq.o
                0x00000000080071fa                USBD_CtlError
 .text.USBD_GetString
                0x000000000800721c       0x8c ./Middlewares/ST/STM32_USB_Device_Library/Core/Src/usbd_ctlreq.o
                0x000000000800721c                USBD_GetString
 .text.USBD_GetLen
                0x00000000080072a8       0x34 ./Middlewares/ST/STM32_USB_Device_Library/Core/Src/usbd_ctlreq.o
 .text.USBD_CtlSendData
                0x00000000080072dc       0x36 ./Middlewares/ST/STM32_USB_Device_Library/Core/Src/usbd_ioreq.o
                0x00000000080072dc                USBD_CtlSendData
 .text.USBD_CtlContinueSendData
                0x0000000008007312       0x22 ./Middlewares/ST/STM32_USB_Device_Library/Core/Src/usbd_ioreq.o
                0x0000000008007312                USBD_CtlContinueSendData
 .text.USBD_CtlContinueRx
                0x0000000008007334       0x22 ./Middlewares/ST/STM32_USB_Device_Library/Core/Src/usbd_ioreq.o
                0x0000000008007334                USBD_CtlContinueRx
 .text.USBD_CtlSendStatus
                0x0000000008007356       0x26 ./Middlewares/ST/STM32_USB_Device_Library/Core/Src/usbd_ioreq.o
                0x0000000008007356                USBD_CtlSendStatus
 .text.USBD_CtlReceiveStatus
                0x000000000800737c       0x26 ./Middlewares/ST/STM32_USB_Device_Library/Core/Src/usbd_ioreq.o
                0x000000000800737c                USBD_CtlReceiveStatus
 *fill*         0x00000000080073a2        0x2 
 .text.MX_USB_DEVICE_Init
                0x00000000080073a4       0x4c ./USB_DEVICE/App/usb_device.o
                0x00000000080073a4                MX_USB_DEVICE_Init
 .text.USBD_FS_DeviceDescriptor
                0x00000000080073f0       0x24 ./USB_DEVICE/App/usbd_desc.o
                0x00000000080073f0                USBD_FS_DeviceDescriptor
 .text.USBD_FS_LangIDStrDescriptor
                0x0000000008007414       0x24 ./USB_DEVICE/App/usbd_desc.o
                0x0000000008007414                USBD_FS_LangIDStrDescriptor
 .text.USBD_FS_ProductStrDescriptor
                0x0000000008007438       0x3c ./USB_DEVICE/App/usbd_desc.o
                0x0000000008007438                USBD_FS_ProductStrDescriptor
 .text.USBD_FS_ManufacturerStrDescriptor
                0x0000000008007474       0x28 ./USB_DEVICE/App/usbd_desc.o
                0x0000000008007474                USBD_FS_ManufacturerStrDescriptor
 .text.USBD_FS_SerialStrDescriptor
                0x000000000800749c       0x24 ./USB_DEVICE/App/usbd_desc.o
                0x000000000800749c                USBD_FS_SerialStrDescriptor
 .text.USBD_FS_ConfigStrDescriptor
                0x00000000080074c0       0x3c ./USB_DEVICE/App/usbd_desc.o
                0x00000000080074c0                USBD_FS_ConfigStrDescriptor
 .text.USBD_FS_InterfaceStrDescriptor
                0x00000000080074fc       0x3c ./USB_DEVICE/App/usbd_desc.o
                0x00000000080074fc                USBD_FS_InterfaceStrDescriptor
 .text.Get_SerialNum
                0x0000000008007538       0x58 ./USB_DEVICE/App/usbd_desc.o
 .text.IntToUnicode
                0x0000000008007590       0x7e ./USB_DEVICE/App/usbd_desc.o
 *fill*         0x000000000800760e        0x2 
 .text.HAL_PCD_MspInit
                0x0000000008007610       0xc4 ./USB_DEVICE/Target/usbd_conf.o
                0x0000000008007610                HAL_PCD_MspInit
 .text.HAL_PCD_SetupStageCallback
                0x00000000080076d4       0x24 ./USB_DEVICE/Target/usbd_conf.o
                0x00000000080076d4                HAL_PCD_SetupStageCallback
 .text.HAL_PCD_DataOutStageCallback
                0x00000000080076f8       0x36 ./USB_DEVICE/Target/usbd_conf.o
                0x00000000080076f8                HAL_PCD_DataOutStageCallback
 .text.HAL_PCD_DataInStageCallback
                0x000000000800772e       0x34 ./USB_DEVICE/Target/usbd_conf.o
                0x000000000800772e                HAL_PCD_DataInStageCallback
 .text.HAL_PCD_SOFCallback
                0x0000000008007762       0x1c ./USB_DEVICE/Target/usbd_conf.o
                0x0000000008007762                HAL_PCD_SOFCallback
 .text.HAL_PCD_ResetCallback
                0x000000000800777e       0x50 ./USB_DEVICE/Target/usbd_conf.o
                0x000000000800777e                HAL_PCD_ResetCallback
 *fill*         0x00000000080077ce        0x2 
 .text.HAL_PCD_SuspendCallback
                0x00000000080077d0       0x4c ./USB_DEVICE/Target/usbd_conf.o
                0x00000000080077d0                HAL_PCD_SuspendCallback
 .text.HAL_PCD_ResumeCallback
                0x000000000800781c       0x1c ./USB_DEVICE/Target/usbd_conf.o
                0x000000000800781c                HAL_PCD_ResumeCallback
 .text.HAL_PCD_ISOOUTIncompleteCallback
                0x0000000008007838       0x24 ./USB_DEVICE/Target/usbd_conf.o
                0x0000000008007838                HAL_PCD_ISOOUTIncompleteCallback
 .text.HAL_PCD_ISOINIncompleteCallback
                0x000000000800785c       0x24 ./USB_DEVICE/Target/usbd_conf.o
                0x000000000800785c                HAL_PCD_ISOINIncompleteCallback
 .text.HAL_PCD_ConnectCallback
                0x0000000008007880       0x1c ./USB_DEVICE/Target/usbd_conf.o
                0x0000000008007880                HAL_PCD_ConnectCallback
 .text.HAL_PCD_DisconnectCallback
                0x000000000800789c       0x1c ./USB_DEVICE/Target/usbd_conf.o
                0x000000000800789c                HAL_PCD_DisconnectCallback
 .text.USBD_LL_Init
                0x00000000080078b8       0x98 ./USB_DEVICE/Target/usbd_conf.o
                0x00000000080078b8                USBD_LL_Init
 .text.USBD_LL_Start
                0x0000000008007950       0x36 ./USB_DEVICE/Target/usbd_conf.o
                0x0000000008007950                USBD_LL_Start
 .text.USBD_LL_OpenEP
                0x0000000008007986       0x4c ./USB_DEVICE/Target/usbd_conf.o
                0x0000000008007986                USBD_LL_OpenEP
 .text.USBD_LL_CloseEP
                0x00000000080079d2       0x3e ./USB_DEVICE/Target/usbd_conf.o
                0x00000000080079d2                USBD_LL_CloseEP
 .text.USBD_LL_StallEP
                0x0000000008007a10       0x3e ./USB_DEVICE/Target/usbd_conf.o
                0x0000000008007a10                USBD_LL_StallEP
 .text.USBD_LL_ClearStallEP
                0x0000000008007a4e       0x3e ./USB_DEVICE/Target/usbd_conf.o
                0x0000000008007a4e                USBD_LL_ClearStallEP
 .text.USBD_LL_IsStallEP
                0x0000000008007a8c       0x58 ./USB_DEVICE/Target/usbd_conf.o
                0x0000000008007a8c                USBD_LL_IsStallEP
 .text.USBD_LL_SetUSBAddress
                0x0000000008007ae4       0x3e ./USB_DEVICE/Target/usbd_conf.o
                0x0000000008007ae4                USBD_LL_SetUSBAddress
 .text.USBD_LL_Transmit
                0x0000000008007b22       0x42 ./USB_DEVICE/Target/usbd_conf.o
                0x0000000008007b22                USBD_LL_Transmit
 .text.USBD_LL_PrepareReceive
                0x0000000008007b64       0x42 ./USB_DEVICE/Target/usbd_conf.o
                0x0000000008007b64                USBD_LL_PrepareReceive
 *fill*         0x0000000008007ba6        0x2 
 .text.USBD_static_malloc
                0x0000000008007ba8       0x1c ./USB_DEVICE/Target/usbd_conf.o
                0x0000000008007ba8                USBD_static_malloc
 .text.USBD_static_free
                0x0000000008007bc4       0x14 ./USB_DEVICE/Target/usbd_conf.o
                0x0000000008007bc4                USBD_static_free
 .text.USBD_Get_USB_Status
                0x0000000008007bd8       0x58 ./USB_DEVICE/Target/usbd_conf.o
                0x0000000008007bd8                USBD_Get_USB_Status
 .text.__libc_init_array
                0x0000000008007c30       0x48 c:/appz/st/stm32cubeide_1.10.1/stm32cubeide/plugins/com.st.stm32cube.ide.mcu.externaltools.gnu-tools-for-stm32.10.3-2021.10.win32_1.0.0.202111181127/tools/bin/../lib/gcc/arm-none-eabi/10.3.1/../../../../arm-none-eabi/lib/thumb/v7e-m+fp/hard\libc_nano.a(lib_a-init.o)
                0x0000000008007c30                __libc_init_array
 .text.memset   0x0000000008007c78       0x10 c:/appz/st/stm32cubeide_1.10.1/stm32cubeide/plugins/com.st.stm32cube.ide.mcu.externaltools.gnu-tools-for-stm32.10.3-2021.10.win32_1.0.0.202111181127/tools/bin/../lib/gcc/arm-none-eabi/10.3.1/../../../../arm-none-eabi/lib/thumb/v7e-m+fp/hard\libc_nano.a(lib_a-memset.o)
                0x0000000008007c78                memset
 .text.cos      0x0000000008007c88       0xa8 c:/appz/st/stm32cubeide_1.10.1/stm32cubeide/plugins/com.st.stm32cube.ide.mcu.externaltools.gnu-tools-for-stm32.10.3-2021.10.win32_1.0.0.202111181127/tools/bin/../lib/gcc/arm-none-eabi/10.3.1/../../../../arm-none-eabi/lib/thumb/v7e-m+fp/hard\libm.a(lib_a-s_cos.o)
                0x0000000008007c88                cos
 .text.sin      0x0000000008007d30       0xb0 c:/appz/st/stm32cubeide_1.10.1/stm32cubeide/plugins/com.st.stm32cube.ide.mcu.externaltools.gnu-tools-for-stm32.10.3-2021.10.win32_1.0.0.202111181127/tools/bin/../lib/gcc/arm-none-eabi/10.3.1/../../../../arm-none-eabi/lib/thumb/v7e-m+fp/hard\libm.a(lib_a-s_sin.o)
                0x0000000008007d30                sin
 .text.__ieee754_rem_pio2
                0x0000000008007de0      0x418 c:/appz/st/stm32cubeide_1.10.1/stm32cubeide/plugins/com.st.stm32cube.ide.mcu.externaltools.gnu-tools-for-stm32.10.3-2021.10.win32_1.0.0.202111181127/tools/bin/../lib/gcc/arm-none-eabi/10.3.1/../../../../arm-none-eabi/lib/thumb/v7e-m+fp/hard\libm.a(lib_a-e_rem_pio2.o)
                0x0000000008007de0                __ieee754_rem_pio2
 .text.__kernel_cos
                0x00000000080081f8      0x18c c:/appz/st/stm32cubeide_1.10.1/stm32cubeide/plugins/com.st.stm32cube.ide.mcu.externaltools.gnu-tools-for-stm32.10.3-2021.10.win32_1.0.0.202111181127/tools/bin/../lib/gcc/arm-none-eabi/10.3.1/../../../../arm-none-eabi/lib/thumb/v7e-m+fp/hard\libm.a(lib_a-k_cos.o)
                0x00000000080081f8                __kernel_cos
 *fill*         0x0000000008008384        0x4 
 .text.__kernel_rem_pio2
                0x0000000008008388      0x69c c:/appz/st/stm32cubeide_1.10.1/stm32cubeide/plugins/com.st.stm32cube.ide.mcu.externaltools.gnu-tools-for-stm32.10.3-2021.10.win32_1.0.0.202111181127/tools/bin/../lib/gcc/arm-none-eabi/10.3.1/../../../../arm-none-eabi/lib/thumb/v7e-m+fp/hard\libm.a(lib_a-k_rem_pio2.o)
                0x0000000008008388                __kernel_rem_pio2
 *fill*         0x0000000008008a24        0x4 
 .text.__kernel_sin
                0x0000000008008a28      0x17c c:/appz/st/stm32cubeide_1.10.1/stm32cubeide/plugins/com.st.stm32cube.ide.mcu.externaltools.gnu-tools-for-stm32.10.3-2021.10.win32_1.0.0.202111181127/tools/bin/../lib/gcc/arm-none-eabi/10.3.1/../../../../arm-none-eabi/lib/thumb/v7e-m+fp/hard\libm.a(lib_a-k_sin.o)
                0x0000000008008a28                __kernel_sin
 .text.fabs     0x0000000008008ba4       0x12 c:/appz/st/stm32cubeide_1.10.1/stm32cubeide/plugins/com.st.stm32cube.ide.mcu.externaltools.gnu-tools-for-stm32.10.3-2021.10.win32_1.0.0.202111181127/tools/bin/../lib/gcc/arm-none-eabi/10.3.1/../../../../arm-none-eabi/lib/thumb/v7e-m+fp/hard\libm.a(lib_a-s_fabs.o)
                0x0000000008008ba4                fabs
 *fill*         0x0000000008008bb6        0x2 
 .text.floor    0x0000000008008bb8      0x100 c:/appz/st/stm32cubeide_1.10.1/stm32cubeide/plugins/com.st.stm32cube.ide.mcu.externaltools.gnu-tools-for-stm32.10.3-2021.10.win32_1.0.0.202111181127/tools/bin/../lib/gcc/arm-none-eabi/10.3.1/../../../../arm-none-eabi/lib/thumb/v7e-m+fp/hard\libm.a(lib_a-s_floor.o)
                0x0000000008008bb8                floor
 .text.scalbn   0x0000000008008cb8      0x10c c:/appz/st/stm32cubeide_1.10.1/stm32cubeide/plugins/com.st.stm32cube.ide.mcu.externaltools.gnu-tools-for-stm32.10.3-2021.10.win32_1.0.0.202111181127/tools/bin/../lib/gcc/arm-none-eabi/10.3.1/../../../../arm-none-eabi/lib/thumb/v7e-m+fp/hard\libm.a(lib_a-s_scalbn.o)
                0x0000000008008cb8                scalbn
 *(.glue_7)
 .glue_7        0x0000000008008dc4        0x0 linker stubs
 *(.glue_7t)
 .glue_7t       0x0000000008008dc4        0x0 linker stubs
 *(.eh_frame)
 .eh_frame      0x0000000008008dc4        0x0 c:/appz/st/stm32cubeide_1.10.1/stm32cubeide/plugins/com.st.stm32cube.ide.mcu.externaltools.gnu-tools-for-stm32.10.3-2021.10.win32_1.0.0.202111181127/tools/bin/../lib/gcc/arm-none-eabi/10.3.1/thumb/v7e-m+fp/hard/crtbegin.o
 *(.init)
 .init          0x0000000008008dc4        0x4 c:/appz/st/stm32cubeide_1.10.1/stm32cubeide/plugins/com.st.stm32cube.ide.mcu.externaltools.gnu-tools-for-stm32.10.3-2021.10.win32_1.0.0.202111181127/tools/bin/../lib/gcc/arm-none-eabi/10.3.1/thumb/v7e-m+fp/hard/crti.o
                0x0000000008008dc4                _init
 .init          0x0000000008008dc8        0x8 c:/appz/st/stm32cubeide_1.10.1/stm32cubeide/plugins/com.st.stm32cube.ide.mcu.externaltools.gnu-tools-for-stm32.10.3-2021.10.win32_1.0.0.202111181127/tools/bin/../lib/gcc/arm-none-eabi/10.3.1/thumb/v7e-m+fp/hard/crtn.o
 *(.fini)
 .fini          0x0000000008008dd0        0x4 c:/appz/st/stm32cubeide_1.10.1/stm32cubeide/plugins/com.st.stm32cube.ide.mcu.externaltools.gnu-tools-for-stm32.10.3-2021.10.win32_1.0.0.202111181127/tools/bin/../lib/gcc/arm-none-eabi/10.3.1/thumb/v7e-m+fp/hard/crti.o
                0x0000000008008dd0                _fini
 .fini          0x0000000008008dd4        0x8 c:/appz/st/stm32cubeide_1.10.1/stm32cubeide/plugins/com.st.stm32cube.ide.mcu.externaltools.gnu-tools-for-stm32.10.3-2021.10.win32_1.0.0.202111181127/tools/bin/../lib/gcc/arm-none-eabi/10.3.1/thumb/v7e-m+fp/hard/crtn.o
                0x0000000008008ddc                . = ALIGN (0x4)
                0x0000000008008ddc                _etext = .

.vfp11_veneer   0x0000000008008ddc        0x0
 .vfp11_veneer  0x0000000008008ddc        0x0 linker stubs

.v4_bx          0x0000000008008ddc        0x0
 .v4_bx         0x0000000008008ddc        0x0 linker stubs

.iplt           0x0000000008008ddc        0x0
 .iplt          0x0000000008008ddc        0x0 c:/appz/st/stm32cubeide_1.10.1/stm32cubeide/plugins/com.st.stm32cube.ide.mcu.externaltools.gnu-tools-for-stm32.10.3-2021.10.win32_1.0.0.202111181127/tools/bin/../lib/gcc/arm-none-eabi/10.3.1/thumb/v7e-m+fp/hard/crtbegin.o

.rodata         0x0000000008008de0      0x238
                0x0000000008008de0                . = ALIGN (0x4)
 *(.rodata)
 .rodata        0x0000000008008de0       0x46 ./USB_DEVICE/App/usbd_desc.o
 *(.rodata*)
 *fill*         0x0000000008008e26        0x2 
 .rodata.AHBPrescTable
                0x0000000008008e28       0x10 ./Core/Src/system_stm32f4xx.o
                0x0000000008008e28                AHBPrescTable
 .rodata.APBPrescTable
                0x0000000008008e38        0x8 ./Core/Src/system_stm32f4xx.o
                0x0000000008008e38                APBPrescTable
 .rodata.npio2_hw
                0x0000000008008e40       0x80 c:/appz/st/stm32cubeide_1.10.1/stm32cubeide/plugins/com.st.stm32cube.ide.mcu.externaltools.gnu-tools-for-stm32.10.3-2021.10.win32_1.0.0.202111181127/tools/bin/../lib/gcc/arm-none-eabi/10.3.1/../../../../arm-none-eabi/lib/thumb/v7e-m+fp/hard\libm.a(lib_a-e_rem_pio2.o)
 .rodata.two_over_pi
                0x0000000008008ec0      0x108 c:/appz/st/stm32cubeide_1.10.1/stm32cubeide/plugins/com.st.stm32cube.ide.mcu.externaltools.gnu-tools-for-stm32.10.3-2021.10.win32_1.0.0.202111181127/tools/bin/../lib/gcc/arm-none-eabi/10.3.1/../../../../arm-none-eabi/lib/thumb/v7e-m+fp/hard\libm.a(lib_a-e_rem_pio2.o)
 .rodata.PIo2   0x0000000008008fc8       0x40 c:/appz/st/stm32cubeide_1.10.1/stm32cubeide/plugins/com.st.stm32cube.ide.mcu.externaltools.gnu-tools-for-stm32.10.3-2021.10.win32_1.0.0.202111181127/tools/bin/../lib/gcc/arm-none-eabi/10.3.1/../../../../arm-none-eabi/lib/thumb/v7e-m+fp/hard\libm.a(lib_a-k_rem_pio2.o)
 .rodata.init_jk
                0x0000000008009008       0x10 c:/appz/st/stm32cubeide_1.10.1/stm32cubeide/plugins/com.st.stm32cube.ide.mcu.externaltools.gnu-tools-for-stm32.10.3-2021.10.win32_1.0.0.202111181127/tools/bin/../lib/gcc/arm-none-eabi/10.3.1/../../../../arm-none-eabi/lib/thumb/v7e-m+fp/hard\libm.a(lib_a-k_rem_pio2.o)
                0x0000000008009018                . = ALIGN (0x4)

.ARM.extab      0x0000000008009018        0x0
                0x0000000008009018                . = ALIGN (0x4)
 *(.ARM.extab* .gnu.linkonce.armextab.*)
                0x0000000008009018                . = ALIGN (0x4)

.ARM            0x0000000008009018        0x8
                0x0000000008009018                . = ALIGN (0x4)
                0x0000000008009018                __exidx_start = .
 *(.ARM.exidx*)
 .ARM.exidx     0x0000000008009018        0x8 c:/appz/st/stm32cubeide_1.10.1/stm32cubeide/plugins/com.st.stm32cube.ide.mcu.externaltools.gnu-tools-for-stm32.10.3-2021.10.win32_1.0.0.202111181127/tools/bin/../lib/gcc/arm-none-eabi/10.3.1/thumb/v7e-m+fp/hard\libgcc.a(_udivmoddi4.o)
                0x0000000008009020                __exidx_end = .
                0x0000000008009020                . = ALIGN (0x4)

.rel.dyn        0x0000000008009020        0x0
 .rel.iplt      0x0000000008009020        0x0 c:/appz/st/stm32cubeide_1.10.1/stm32cubeide/plugins/com.st.stm32cube.ide.mcu.externaltools.gnu-tools-for-stm32.10.3-2021.10.win32_1.0.0.202111181127/tools/bin/../lib/gcc/arm-none-eabi/10.3.1/thumb/v7e-m+fp/hard/crtbegin.o

.preinit_array  0x0000000008009020        0x0
                0x0000000008009020                . = ALIGN (0x4)
                0x0000000008009020                PROVIDE (__preinit_array_start = .)
 *(.preinit_array*)
                0x0000000008009020                PROVIDE (__preinit_array_end = .)
                0x0000000008009020                . = ALIGN (0x4)

.init_array     0x0000000008009020        0x4
                0x0000000008009020                . = ALIGN (0x4)
                0x0000000008009020                PROVIDE (__init_array_start = .)
 *(SORT_BY_NAME(.init_array.*))
 *(.init_array*)
 .init_array    0x0000000008009020        0x4 c:/appz/st/stm32cubeide_1.10.1/stm32cubeide/plugins/com.st.stm32cube.ide.mcu.externaltools.gnu-tools-for-stm32.10.3-2021.10.win32_1.0.0.202111181127/tools/bin/../lib/gcc/arm-none-eabi/10.3.1/thumb/v7e-m+fp/hard/crtbegin.o
                0x0000000008009024                PROVIDE (__init_array_end = .)
                0x0000000008009024                . = ALIGN (0x4)

.fini_array     0x0000000008009024        0x4
                0x0000000008009024                . = ALIGN (0x4)
                [!provide]                        PROVIDE (__fini_array_start = .)
 *(SORT_BY_NAME(.fini_array.*))
 *(.fini_array*)
 .fini_array    0x0000000008009024        0x4 c:/appz/st/stm32cubeide_1.10.1/stm32cubeide/plugins/com.st.stm32cube.ide.mcu.externaltools.gnu-tools-for-stm32.10.3-2021.10.win32_1.0.0.202111181127/tools/bin/../lib/gcc/arm-none-eabi/10.3.1/thumb/v7e-m+fp/hard/crtbegin.o
                [!provide]                        PROVIDE (__fini_array_end = .)
                0x0000000008009028                . = ALIGN (0x4)
                0x0000000008009028                _sidata = LOADADDR (.data)

.data           0x0000000020000000      0x11c load address 0x0000000008009028
                0x0000000020000000                . = ALIGN (0x4)
                0x0000000020000000                _sdata = .
 *(.data)
 *(.data*)
 .data.SystemCoreClock
                0x0000000020000000        0x4 ./Core/Src/system_stm32f4xx.o
                0x0000000020000000                SystemCoreClock
 .data.uwTickPrio
                0x0000000020000004        0x4 ./Drivers/STM32F4xx_HAL_Driver/Src/stm32f4xx_hal.o
                0x0000000020000004                uwTickPrio
 .data.uwTickFreq
                0x0000000020000008        0x1 ./Drivers/STM32F4xx_HAL_Driver/Src/stm32f4xx_hal.o
                0x0000000020000008                uwTickFreq
 *fill*         0x0000000020000009        0x3 
 .data.USBD_HID
                0x000000002000000c       0x38 ./Middlewares/ST/STM32_USB_Device_Library/Class/HID/Src/usbd_hid.o
                0x000000002000000c                USBD_HID
 .data.USBD_HID_CfgDesc
                0x0000000020000044       0x22 ./Middlewares/ST/STM32_USB_Device_Library/Class/HID/Src/usbd_hid.o
 *fill*         0x0000000020000066        0x2 
 .data.USBD_HID_Desc
                0x0000000020000068        0x9 ./Middlewares/ST/STM32_USB_Device_Library/Class/HID/Src/usbd_hid.o
 *fill*         0x0000000020000071        0x3 
 .data.USBD_HID_DeviceQualifierDesc
                0x0000000020000074        0xa ./Middlewares/ST/STM32_USB_Device_Library/Class/HID/Src/usbd_hid.o
 *fill*         0x000000002000007e        0x2 
 .data.HID_MOUSE_ReportDesc
                0x0000000020000080       0x4a ./Middlewares/ST/STM32_USB_Device_Library/Class/HID/Src/usbd_hid.o
 .data.HIDInEpAdd
                0x00000000200000ca        0x1 ./Middlewares/ST/STM32_USB_Device_Library/Class/HID/Src/usbd_hid.o
 *fill*         0x00000000200000cb        0x1 
 .data.FS_Desc  0x00000000200000cc       0x1c ./USB_DEVICE/App/usbd_desc.o
                0x00000000200000cc                FS_Desc
 .data.USBD_FS_DeviceDesc
                0x00000000200000e8       0x12 ./USB_DEVICE/App/usbd_desc.o
                0x00000000200000e8                USBD_FS_DeviceDesc
 *fill*         0x00000000200000fa        0x2 
 .data.USBD_LangIDDesc
                0x00000000200000fc        0x4 ./USB_DEVICE/App/usbd_desc.o
                0x00000000200000fc                USBD_LangIDDesc
 .data.USBD_StringSerial
                0x0000000020000100       0x1a ./USB_DEVICE/App/usbd_desc.o
                0x0000000020000100                USBD_StringSerial
 *(.RamFunc)
 *(.RamFunc*)
                0x000000002000011c                . = ALIGN (0x4)
 *fill*         0x000000002000011a        0x2 
                0x000000002000011c                _edata = .
                0x0000000008009144                _siccmram = LOADADDR (.ccmram)

.igot.plt       0x000000002000011c        0x0 load address 0x0000000008009144
 .igot.plt      0x000000002000011c        0x0 c:/appz/st/stm32cubeide_1.10.1/stm32cubeide/plugins/com.st.stm32cube.ide.mcu.externaltools.gnu-tools-for-stm32.10.3-2021.10.win32_1.0.0.202111181127/tools/bin/../lib/gcc/arm-none-eabi/10.3.1/thumb/v7e-m+fp/hard/crtbegin.o

.ccmram         0x0000000010000000        0x0 load address 0x0000000008009144
                0x0000000010000000                . = ALIGN (0x4)
                0x0000000010000000                _sccmram = .
 *(.ccmram)
 *(.ccmram*)
                0x0000000010000000                . = ALIGN (0x4)
                0x0000000010000000                _eccmram = .
                0x0000000010000000                . = ALIGN (0x4)

.bss            0x000000002000011c      0xa64
                0x000000002000011c                _sbss = .
                0x000000002000011c                __bss_start__ = _sbss
 *(.bss)
 .bss           0x000000002000011c       0x1c c:/appz/st/stm32cubeide_1.10.1/stm32cubeide/plugins/com.st.stm32cube.ide.mcu.externaltools.gnu-tools-for-stm32.10.3-2021.10.win32_1.0.0.202111181127/tools/bin/../lib/gcc/arm-none-eabi/10.3.1/thumb/v7e-m+fp/hard/crtbegin.o
 *(.bss*)
 .bss.huart3    0x0000000020000138       0x44 ./Core/Src/main.o
                0x0000000020000138                huart3
 .bss.uwTick    0x000000002000017c        0x4 ./Drivers/STM32F4xx_HAL_Driver/Src/stm32f4xx_hal.o
                0x000000002000017c                uwTick
 .bss.cfgidx.0  0x0000000020000180        0x1 ./Middlewares/ST/STM32_USB_Device_Library/Core/Src/usbd_ctlreq.o
 *fill*         0x0000000020000181        0x3 
 .bss.hUsbDeviceFS
                0x0000000020000184      0x2dc ./USB_DEVICE/App/usb_device.o
                0x0000000020000184                hUsbDeviceFS
 .bss.USBD_StrDesc
                0x0000000020000460      0x200 ./USB_DEVICE/App/usbd_desc.o
                0x0000000020000460                USBD_StrDesc
 .bss.hpcd_USB_OTG_FS
                0x0000000020000660      0x50c ./USB_DEVICE/Target/usbd_conf.o
                0x0000000020000660                hpcd_USB_OTG_FS
 .bss.mem.0     0x0000000020000b6c       0x14 ./USB_DEVICE/Target/usbd_conf.o
 *(COMMON)
                0x0000000020000b80                . = ALIGN (0x4)
                0x0000000020000b80                _ebss = .
                0x0000000020000b80                __bss_end__ = _ebss

._user_heap_stack
                0x0000000020000b80      0x600
                0x0000000020000b80                . = ALIGN (0x8)
                [!provide]                        PROVIDE (end = .)
                0x0000000020000b80                PROVIDE (_end = .)
                0x0000000020000d80                . = (. + _Min_Heap_Size)
 *fill*         0x0000000020000b80      0x200 
                0x0000000020001180                . = (. + _Min_Stack_Size)
 *fill*         0x0000000020000d80      0x400 
                0x0000000020001180                . = ALIGN (0x8)

/DISCARD/
 libc.a(*)
 libm.a(*)
 libgcc.a(*)

.ARM.attributes
                0x0000000000000000       0x30
 *(.ARM.attributes)
 .ARM.attributes
                0x0000000000000000       0x1e c:/appz/st/stm32cubeide_1.10.1/stm32cubeide/plugins/com.st.stm32cube.ide.mcu.externaltools.gnu-tools-for-stm32.10.3-2021.10.win32_1.0.0.202111181127/tools/bin/../lib/gcc/arm-none-eabi/10.3.1/thumb/v7e-m+fp/hard/crti.o
 .ARM.attributes
                0x000000000000001e       0x34 c:/appz/st/stm32cubeide_1.10.1/stm32cubeide/plugins/com.st.stm32cube.ide.mcu.externaltools.gnu-tools-for-stm32.10.3-2021.10.win32_1.0.0.202111181127/tools/bin/../lib/gcc/arm-none-eabi/10.3.1/thumb/v7e-m+fp/hard/crtbegin.o
 .ARM.attributes
                0x0000000000000052       0x34 ./Core/Src/main.o
 .ARM.attributes
                0x0000000000000086       0x34 ./Core/Src/stm32f4xx_hal_msp.o
 .ARM.attributes
                0x00000000000000ba       0x34 ./Core/Src/stm32f4xx_it.o
 .ARM.attributes
                0x00000000000000ee       0x34 ./Core/Src/system_stm32f4xx.o
 .ARM.attributes
                0x0000000000000122       0x21 ./Core/Startup/startup_stm32f429zitx.o
 .ARM.attributes
                0x0000000000000143       0x34 ./Drivers/STM32F4xx_HAL_Driver/Src/stm32f4xx_hal.o
 .ARM.attributes
                0x0000000000000177       0x34 ./Drivers/STM32F4xx_HAL_Driver/Src/stm32f4xx_hal_cortex.o
 .ARM.attributes
                0x00000000000001ab       0x34 ./Drivers/STM32F4xx_HAL_Driver/Src/stm32f4xx_hal_gpio.o
 .ARM.attributes
                0x00000000000001df       0x34 ./Drivers/STM32F4xx_HAL_Driver/Src/stm32f4xx_hal_pcd.o
 .ARM.attributes
                0x0000000000000213       0x34 ./Drivers/STM32F4xx_HAL_Driver/Src/stm32f4xx_hal_pcd_ex.o
 .ARM.attributes
                0x0000000000000247       0x34 ./Drivers/STM32F4xx_HAL_Driver/Src/stm32f4xx_hal_rcc.o
 .ARM.attributes
                0x000000000000027b       0x34 ./Drivers/STM32F4xx_HAL_Driver/Src/stm32f4xx_hal_uart.o
 .ARM.attributes
                0x00000000000002af       0x34 ./Drivers/STM32F4xx_HAL_Driver/Src/stm32f4xx_ll_usb.o
 .ARM.attributes
                0x00000000000002e3       0x34 ./Middlewares/ST/STM32_USB_Device_Library/Class/HID/Src/usbd_hid.o
 .ARM.attributes
                0x0000000000000317       0x34 ./Middlewares/ST/STM32_USB_Device_Library/Core/Src/usbd_core.o
 .ARM.attributes
                0x000000000000034b       0x34 ./Middlewares/ST/STM32_USB_Device_Library/Core/Src/usbd_ctlreq.o
 .ARM.attributes
                0x000000000000037f       0x34 ./Middlewares/ST/STM32_USB_Device_Library/Core/Src/usbd_ioreq.o
 .ARM.attributes
                0x00000000000003b3       0x34 ./USB_DEVICE/App/usb_device.o
 .ARM.attributes
                0x00000000000003e7       0x34 ./USB_DEVICE/App/usbd_desc.o
 .ARM.attributes
                0x000000000000041b       0x34 ./USB_DEVICE/Target/usbd_conf.o
 .ARM.attributes
                0x000000000000044f       0x34 c:/appz/st/stm32cubeide_1.10.1/stm32cubeide/plugins/com.st.stm32cube.ide.mcu.externaltools.gnu-tools-for-stm32.10.3-2021.10.win32_1.0.0.202111181127/tools/bin/../lib/gcc/arm-none-eabi/10.3.1/../../../../arm-none-eabi/lib/thumb/v7e-m+fp/hard\libc_nano.a(lib_a-init.o)
 .ARM.attributes
                0x0000000000000483       0x34 c:/appz/st/stm32cubeide_1.10.1/stm32cubeide/plugins/com.st.stm32cube.ide.mcu.externaltools.gnu-tools-for-stm32.10.3-2021.10.win32_1.0.0.202111181127/tools/bin/../lib/gcc/arm-none-eabi/10.3.1/../../../../arm-none-eabi/lib/thumb/v7e-m+fp/hard\libc_nano.a(lib_a-memset.o)
 .ARM.attributes
                0x00000000000004b7       0x34 c:/appz/st/stm32cubeide_1.10.1/stm32cubeide/plugins/com.st.stm32cube.ide.mcu.externaltools.gnu-tools-for-stm32.10.3-2021.10.win32_1.0.0.202111181127/tools/bin/../lib/gcc/arm-none-eabi/10.3.1/../../../../arm-none-eabi/lib/thumb/v7e-m+fp/hard\libm.a(lib_a-s_cos.o)
 .ARM.attributes
                0x00000000000004eb       0x34 c:/appz/st/stm32cubeide_1.10.1/stm32cubeide/plugins/com.st.stm32cube.ide.mcu.externaltools.gnu-tools-for-stm32.10.3-2021.10.win32_1.0.0.202111181127/tools/bin/../lib/gcc/arm-none-eabi/10.3.1/../../../../arm-none-eabi/lib/thumb/v7e-m+fp/hard\libm.a(lib_a-s_sin.o)
 .ARM.attributes
                0x000000000000051f       0x34 c:/appz/st/stm32cubeide_1.10.1/stm32cubeide/plugins/com.st.stm32cube.ide.mcu.externaltools.gnu-tools-for-stm32.10.3-2021.10.win32_1.0.0.202111181127/tools/bin/../lib/gcc/arm-none-eabi/10.3.1/../../../../arm-none-eabi/lib/thumb/v7e-m+fp/hard\libm.a(lib_a-e_rem_pio2.o)
 .ARM.attributes
                0x0000000000000553       0x34 c:/appz/st/stm32cubeide_1.10.1/stm32cubeide/plugins/com.st.stm32cube.ide.mcu.externaltools.gnu-tools-for-stm32.10.3-2021.10.win32_1.0.0.202111181127/tools/bin/../lib/gcc/arm-none-eabi/10.3.1/../../../../arm-none-eabi/lib/thumb/v7e-m+fp/hard\libm.a(lib_a-k_cos.o)
 .ARM.attributes
                0x0000000000000587       0x34 c:/appz/st/stm32cubeide_1.10.1/stm32cubeide/plugins/com.st.stm32cube.ide.mcu.externaltools.gnu-tools-for-stm32.10.3-2021.10.win32_1.0.0.202111181127/tools/bin/../lib/gcc/arm-none-eabi/10.3.1/../../../../arm-none-eabi/lib/thumb/v7e-m+fp/hard\libm.a(lib_a-k_rem_pio2.o)
 .ARM.attributes
                0x00000000000005bb       0x34 c:/appz/st/stm32cubeide_1.10.1/stm32cubeide/plugins/com.st.stm32cube.ide.mcu.externaltools.gnu-tools-for-stm32.10.3-2021.10.win32_1.0.0.202111181127/tools/bin/../lib/gcc/arm-none-eabi/10.3.1/../../../../arm-none-eabi/lib/thumb/v7e-m+fp/hard\libm.a(lib_a-k_sin.o)
 .ARM.attributes
                0x00000000000005ef       0x34 c:/appz/st/stm32cubeide_1.10.1/stm32cubeide/plugins/com.st.stm32cube.ide.mcu.externaltools.gnu-tools-for-stm32.10.3-2021.10.win32_1.0.0.202111181127/tools/bin/../lib/gcc/arm-none-eabi/10.3.1/../../../../arm-none-eabi/lib/thumb/v7e-m+fp/hard\libm.a(lib_a-s_fabs.o)
 .ARM.attributes
                0x0000000000000623       0x34 c:/appz/st/stm32cubeide_1.10.1/stm32cubeide/plugins/com.st.stm32cube.ide.mcu.externaltools.gnu-tools-for-stm32.10.3-2021.10.win32_1.0.0.202111181127/tools/bin/../lib/gcc/arm-none-eabi/10.3.1/../../../../arm-none-eabi/lib/thumb/v7e-m+fp/hard\libm.a(lib_a-s_floor.o)
 .ARM.attributes
                0x0000000000000657       0x34 c:/appz/st/stm32cubeide_1.10.1/stm32cubeide/plugins/com.st.stm32cube.ide.mcu.externaltools.gnu-tools-for-stm32.10.3-2021.10.win32_1.0.0.202111181127/tools/bin/../lib/gcc/arm-none-eabi/10.3.1/../../../../arm-none-eabi/lib/thumb/v7e-m+fp/hard\libm.a(lib_a-s_scalbn.o)
 .ARM.attributes
                0x000000000000068b       0x1e c:/appz/st/stm32cubeide_1.10.1/stm32cubeide/plugins/com.st.stm32cube.ide.mcu.externaltools.gnu-tools-for-stm32.10.3-2021.10.win32_1.0.0.202111181127/tools/bin/../lib/gcc/arm-none-eabi/10.3.1/thumb/v7e-m+fp/hard\libgcc.a(_arm_addsubdf3.o)
 .ARM.attributes
                0x00000000000006a9       0x1e c:/appz/st/stm32cubeide_1.10.1/stm32cubeide/plugins/com.st.stm32cube.ide.mcu.externaltools.gnu-tools-for-stm32.10.3-2021.10.win32_1.0.0.202111181127/tools/bin/../lib/gcc/arm-none-eabi/10.3.1/thumb/v7e-m+fp/hard\libgcc.a(_arm_muldivdf3.o)
 .ARM.attributes
                0x00000000000006c7       0x1e c:/appz/st/stm32cubeide_1.10.1/stm32cubeide/plugins/com.st.stm32cube.ide.mcu.externaltools.gnu-tools-for-stm32.10.3-2021.10.win32_1.0.0.202111181127/tools/bin/../lib/gcc/arm-none-eabi/10.3.1/thumb/v7e-m+fp/hard\libgcc.a(_arm_cmpdf2.o)
 .ARM.attributes
                0x00000000000006e5       0x1e c:/appz/st/stm32cubeide_1.10.1/stm32cubeide/plugins/com.st.stm32cube.ide.mcu.externaltools.gnu-tools-for-stm32.10.3-2021.10.win32_1.0.0.202111181127/tools/bin/../lib/gcc/arm-none-eabi/10.3.1/thumb/v7e-m+fp/hard\libgcc.a(_arm_fixdfsi.o)
 .ARM.attributes
                0x0000000000000703       0x1e c:/appz/st/stm32cubeide_1.10.1/stm32cubeide/plugins/com.st.stm32cube.ide.mcu.externaltools.gnu-tools-for-stm32.10.3-2021.10.win32_1.0.0.202111181127/tools/bin/../lib/gcc/arm-none-eabi/10.3.1/thumb/v7e-m+fp/hard\libgcc.a(_arm_truncdfsf2.o)
 .ARM.attributes
                0x0000000000000721       0x1e c:/appz/st/stm32cubeide_1.10.1/stm32cubeide/plugins/com.st.stm32cube.ide.mcu.externaltools.gnu-tools-for-stm32.10.3-2021.10.win32_1.0.0.202111181127/tools/bin/../lib/gcc/arm-none-eabi/10.3.1/thumb/v7e-m+fp/hard\libgcc.a(_aeabi_uldivmod.o)
 .ARM.attributes
                0x000000000000073f       0x34 c:/appz/st/stm32cubeide_1.10.1/stm32cubeide/plugins/com.st.stm32cube.ide.mcu.externaltools.gnu-tools-for-stm32.10.3-2021.10.win32_1.0.0.202111181127/tools/bin/../lib/gcc/arm-none-eabi/10.3.1/thumb/v7e-m+fp/hard\libgcc.a(_udivmoddi4.o)
 .ARM.attributes
                0x0000000000000773       0x1e c:/appz/st/stm32cubeide_1.10.1/stm32cubeide/plugins/com.st.stm32cube.ide.mcu.externaltools.gnu-tools-for-stm32.10.3-2021.10.win32_1.0.0.202111181127/tools/bin/../lib/gcc/arm-none-eabi/10.3.1/thumb/v7e-m+fp/hard\libgcc.a(_dvmd_tls.o)
 .ARM.attributes
                0x0000000000000791       0x1e c:/appz/st/stm32cubeide_1.10.1/stm32cubeide/plugins/com.st.stm32cube.ide.mcu.externaltools.gnu-tools-for-stm32.10.3-2021.10.win32_1.0.0.202111181127/tools/bin/../lib/gcc/arm-none-eabi/10.3.1/thumb/v7e-m+fp/hard/crtn.o
OUTPUT(cv11.elf elf32-littlearm)
LOAD linker stubs
LOAD c:/appz/st/stm32cubeide_1.10.1/stm32cubeide/plugins/com.st.stm32cube.ide.mcu.externaltools.gnu-tools-for-stm32.10.3-2021.10.win32_1.0.0.202111181127/tools/bin/../lib/gcc/arm-none-eabi/10.3.1/../../../../arm-none-eabi/lib/thumb/v7e-m+fp/hard\libc.a
LOAD c:/appz/st/stm32cubeide_1.10.1/stm32cubeide/plugins/com.st.stm32cube.ide.mcu.externaltools.gnu-tools-for-stm32.10.3-2021.10.win32_1.0.0.202111181127/tools/bin/../lib/gcc/arm-none-eabi/10.3.1/../../../../arm-none-eabi/lib/thumb/v7e-m+fp/hard\libm.a
LOAD c:/appz/st/stm32cubeide_1.10.1/stm32cubeide/plugins/com.st.stm32cube.ide.mcu.externaltools.gnu-tools-for-stm32.10.3-2021.10.win32_1.0.0.202111181127/tools/bin/../lib/gcc/arm-none-eabi/10.3.1/thumb/v7e-m+fp/hard\libgcc.a

.debug_info     0x0000000000000000    0x111b5
 .debug_info    0x0000000000000000     0x138a ./Core/Src/main.o
 .debug_info    0x000000000000138a      0x987 ./Core/Src/stm32f4xx_hal_msp.o
 .debug_info    0x0000000000001d11      0x650 ./Core/Src/stm32f4xx_it.o
 .debug_info    0x0000000000002361      0x53f ./Core/Src/system_stm32f4xx.o
 .debug_info    0x00000000000028a0       0x22 ./Core/Startup/startup_stm32f429zitx.o
 .debug_info    0x00000000000028c2      0x9f4 ./Drivers/STM32F4xx_HAL_Driver/Src/stm32f4xx_hal.o
 .debug_info    0x00000000000032b6      0xe51 ./Drivers/STM32F4xx_HAL_Driver/Src/stm32f4xx_hal_cortex.o
 .debug_info    0x0000000000004107      0x786 ./Drivers/STM32F4xx_HAL_Driver/Src/stm32f4xx_hal_gpio.o
 .debug_info    0x000000000000488d     0x1695 ./Drivers/STM32F4xx_HAL_Driver/Src/stm32f4xx_hal_pcd.o
 .debug_info    0x0000000000005f22      0x717 ./Drivers/STM32F4xx_HAL_Driver/Src/stm32f4xx_hal_pcd_ex.o
 .debug_info    0x0000000000006639      0x982 ./Drivers/STM32F4xx_HAL_Driver/Src/stm32f4xx_hal_rcc.o
 .debug_info    0x0000000000006fbb     0x31bc ./Drivers/STM32F4xx_HAL_Driver/Src/stm32f4xx_hal_uart.o
 .debug_info    0x000000000000a177     0x1a97 ./Drivers/STM32F4xx_HAL_Driver/Src/stm32f4xx_ll_usb.o
 .debug_info    0x000000000000bc0e      0xb0b ./Middlewares/ST/STM32_USB_Device_Library/Class/HID/Src/usbd_hid.o
 .debug_info    0x000000000000c719      0xee7 ./Middlewares/ST/STM32_USB_Device_Library/Core/Src/usbd_core.o
 .debug_info    0x000000000000d600      0xb7f ./Middlewares/ST/STM32_USB_Device_Library/Core/Src/usbd_ctlreq.o
 .debug_info    0x000000000000e17f      0x7da ./Middlewares/ST/STM32_USB_Device_Library/Core/Src/usbd_ioreq.o
 .debug_info    0x000000000000e959      0x661 ./USB_DEVICE/App/usb_device.o
 .debug_info    0x000000000000efba      0x498 ./USB_DEVICE/App/usbd_desc.o
 .debug_info    0x000000000000f452     0x1d63 ./USB_DEVICE/Target/usbd_conf.o

.debug_abbrev   0x0000000000000000     0x2aa7
 .debug_abbrev  0x0000000000000000      0x347 ./Core/Src/main.o
 .debug_abbrev  0x0000000000000347      0x19b ./Core/Src/stm32f4xx_hal_msp.o
 .debug_abbrev  0x00000000000004e2      0x199 ./Core/Src/stm32f4xx_it.o
 .debug_abbrev  0x000000000000067b      0x116 ./Core/Src/system_stm32f4xx.o
 .debug_abbrev  0x0000000000000791       0x12 ./Core/Startup/startup_stm32f429zitx.o
 .debug_abbrev  0x00000000000007a3      0x20d ./Drivers/STM32F4xx_HAL_Driver/Src/stm32f4xx_hal.o
 .debug_abbrev  0x00000000000009b0      0x316 ./Drivers/STM32F4xx_HAL_Driver/Src/stm32f4xx_hal_cortex.o
 .debug_abbrev  0x0000000000000cc6      0x1c4 ./Drivers/STM32F4xx_HAL_Driver/Src/stm32f4xx_hal_gpio.o
 .debug_abbrev  0x0000000000000e8a      0x2bb ./Drivers/STM32F4xx_HAL_Driver/Src/stm32f4xx_hal_pcd.o
 .debug_abbrev  0x0000000000001145      0x1ce ./Drivers/STM32F4xx_HAL_Driver/Src/stm32f4xx_hal_pcd_ex.o
 .debug_abbrev  0x0000000000001313      0x2aa ./Drivers/STM32F4xx_HAL_Driver/Src/stm32f4xx_hal_rcc.o
 .debug_abbrev  0x00000000000015bd      0x2f4 ./Drivers/STM32F4xx_HAL_Driver/Src/stm32f4xx_hal_uart.o
 .debug_abbrev  0x00000000000018b1      0x296 ./Drivers/STM32F4xx_HAL_Driver/Src/stm32f4xx_ll_usb.o
 .debug_abbrev  0x0000000000001b47      0x291 ./Middlewares/ST/STM32_USB_Device_Library/Class/HID/Src/usbd_hid.o
 .debug_abbrev  0x0000000000001dd8      0x263 ./Middlewares/ST/STM32_USB_Device_Library/Core/Src/usbd_core.o
 .debug_abbrev  0x000000000000203b      0x25c ./Middlewares/ST/STM32_USB_Device_Library/Core/Src/usbd_ctlreq.o
 .debug_abbrev  0x0000000000002297      0x18a ./Middlewares/ST/STM32_USB_Device_Library/Core/Src/usbd_ioreq.o
 .debug_abbrev  0x0000000000002421      0x181 ./USB_DEVICE/App/usb_device.o
 .debug_abbrev  0x00000000000025a2      0x1da ./USB_DEVICE/App/usbd_desc.o
 .debug_abbrev  0x000000000000277c      0x32b ./USB_DEVICE/Target/usbd_conf.o

.debug_aranges  0x0000000000000000      0xd20
 .debug_aranges
                0x0000000000000000       0x70 ./Core/Src/main.o
 .debug_aranges
                0x0000000000000070       0x30 ./Core/Src/stm32f4xx_hal_msp.o
 .debug_aranges
                0x00000000000000a0       0x68 ./Core/Src/stm32f4xx_it.o
 .debug_aranges
                0x0000000000000108       0x28 ./Core/Src/system_stm32f4xx.o
 .debug_aranges
                0x0000000000000130       0x28 ./Core/Startup/startup_stm32f429zitx.o
 .debug_aranges
                0x0000000000000158      0x100 ./Drivers/STM32F4xx_HAL_Driver/Src/stm32f4xx_hal.o
 .debug_aranges
                0x0000000000000258      0x118 ./Drivers/STM32F4xx_HAL_Driver/Src/stm32f4xx_hal_cortex.o
 .debug_aranges
                0x0000000000000370       0x58 ./Drivers/STM32F4xx_HAL_Driver/Src/stm32f4xx_hal_gpio.o
 .debug_aranges
                0x00000000000003c8      0x148 ./Drivers/STM32F4xx_HAL_Driver/Src/stm32f4xx_hal_pcd.o
 .debug_aranges
                0x0000000000000510       0x38 ./Drivers/STM32F4xx_HAL_Driver/Src/stm32f4xx_hal_pcd_ex.o
 .debug_aranges
                0x0000000000000548       0x88 ./Drivers/STM32F4xx_HAL_Driver/Src/stm32f4xx_hal_rcc.o
 .debug_aranges
                0x00000000000005d0      0x200 ./Drivers/STM32F4xx_HAL_Driver/Src/stm32f4xx_hal_uart.o
 .debug_aranges
                0x00000000000007d0      0x1a0 ./Drivers/STM32F4xx_HAL_Driver/Src/stm32f4xx_ll_usb.o
 .debug_aranges
                0x0000000000000970       0x68 ./Middlewares/ST/STM32_USB_Device_Library/Class/HID/Src/usbd_hid.o
 .debug_aranges
                0x00000000000009d8       0xd8 ./Middlewares/ST/STM32_USB_Device_Library/Core/Src/usbd_core.o
 .debug_aranges
                0x0000000000000ab0       0x90 ./Middlewares/ST/STM32_USB_Device_Library/Core/Src/usbd_ctlreq.o
 .debug_aranges
                0x0000000000000b40       0x50 ./Middlewares/ST/STM32_USB_Device_Library/Core/Src/usbd_ioreq.o
 .debug_aranges
                0x0000000000000b90       0x20 ./USB_DEVICE/App/usb_device.o
 .debug_aranges
                0x0000000000000bb0       0x60 ./USB_DEVICE/App/usbd_desc.o
 .debug_aranges
                0x0000000000000c10      0x110 ./USB_DEVICE/Target/usbd_conf.o

.debug_ranges   0x0000000000000000      0xc18
 .debug_ranges  0x0000000000000000       0x60 ./Core/Src/main.o
 .debug_ranges  0x0000000000000060       0x20 ./Core/Src/stm32f4xx_hal_msp.o
 .debug_ranges  0x0000000000000080       0x58 ./Core/Src/stm32f4xx_it.o
 .debug_ranges  0x00000000000000d8       0x18 ./Core/Src/system_stm32f4xx.o
 .debug_ranges  0x00000000000000f0       0x20 ./Core/Startup/startup_stm32f429zitx.o
 .debug_ranges  0x0000000000000110       0xf0 ./Drivers/STM32F4xx_HAL_Driver/Src/stm32f4xx_hal.o
 .debug_ranges  0x0000000000000200      0x108 ./Drivers/STM32F4xx_HAL_Driver/Src/stm32f4xx_hal_cortex.o
 .debug_ranges  0x0000000000000308       0x48 ./Drivers/STM32F4xx_HAL_Driver/Src/stm32f4xx_hal_gpio.o
 .debug_ranges  0x0000000000000350      0x138 ./Drivers/STM32F4xx_HAL_Driver/Src/stm32f4xx_hal_pcd.o
 .debug_ranges  0x0000000000000488       0x28 ./Drivers/STM32F4xx_HAL_Driver/Src/stm32f4xx_hal_pcd_ex.o
 .debug_ranges  0x00000000000004b0       0x78 ./Drivers/STM32F4xx_HAL_Driver/Src/stm32f4xx_hal_rcc.o
 .debug_ranges  0x0000000000000528      0x220 ./Drivers/STM32F4xx_HAL_Driver/Src/stm32f4xx_hal_uart.o
 .debug_ranges  0x0000000000000748      0x190 ./Drivers/STM32F4xx_HAL_Driver/Src/stm32f4xx_ll_usb.o
 .debug_ranges  0x00000000000008d8       0x58 ./Middlewares/ST/STM32_USB_Device_Library/Class/HID/Src/usbd_hid.o
 .debug_ranges  0x0000000000000930       0xc8 ./Middlewares/ST/STM32_USB_Device_Library/Core/Src/usbd_core.o
 .debug_ranges  0x00000000000009f8       0x80 ./Middlewares/ST/STM32_USB_Device_Library/Core/Src/usbd_ctlreq.o
 .debug_ranges  0x0000000000000a78       0x40 ./Middlewares/ST/STM32_USB_Device_Library/Core/Src/usbd_ioreq.o
 .debug_ranges  0x0000000000000ab8       0x10 ./USB_DEVICE/App/usb_device.o
 .debug_ranges  0x0000000000000ac8       0x50 ./USB_DEVICE/App/usbd_desc.o
 .debug_ranges  0x0000000000000b18      0x100 ./USB_DEVICE/Target/usbd_conf.o

.debug_macro    0x0000000000000000    0x2580c
 .debug_macro   0x0000000000000000      0x426 ./Core/Src/main.o
 .debug_macro   0x0000000000000426      0xa78 ./Core/Src/main.o
 .debug_macro   0x0000000000000e9e      0x29b ./Core/Src/main.o
 .debug_macro   0x0000000000001139       0x2e ./Core/Src/main.o
 .debug_macro   0x0000000000001167       0x28 ./Core/Src/main.o
 .debug_macro   0x000000000000118f       0x22 ./Core/Src/main.o
 .debug_macro   0x00000000000011b1       0x8e ./Core/Src/main.o
 .debug_macro   0x000000000000123f       0x51 ./Core/Src/main.o
 .debug_macro   0x0000000000001290      0x103 ./Core/Src/main.o
 .debug_macro   0x0000000000001393       0x6a ./Core/Src/main.o
 .debug_macro   0x00000000000013fd      0x1df ./Core/Src/main.o
 .debug_macro   0x00000000000015dc       0x1c ./Core/Src/main.o
 .debug_macro   0x00000000000015f8       0x22 ./Core/Src/main.o
 .debug_macro   0x000000000000161a       0xd9 ./Core/Src/main.o
 .debug_macro   0x00000000000016f3     0x102d ./Core/Src/main.o
 .debug_macro   0x0000000000002720      0x11f ./Core/Src/main.o
 .debug_macro   0x000000000000283f    0x17fc0 ./Core/Src/main.o
 .debug_macro   0x000000000001a7ff       0x6d ./Core/Src/main.o
 .debug_macro   0x000000000001a86c     0x36f5 ./Core/Src/main.o
 .debug_macro   0x000000000001df61      0x174 ./Core/Src/main.o
 .debug_macro   0x000000000001e0d5       0x5c ./Core/Src/main.o
 .debug_macro   0x000000000001e131      0xca5 ./Core/Src/main.o
 .debug_macro   0x000000000001edd6      0x9fe ./Core/Src/main.o
 .debug_macro   0x000000000001f7d4      0x115 ./Core/Src/main.o
 .debug_macro   0x000000000001f8e9      0x156 ./Core/Src/main.o
 .debug_macro   0x000000000001fa3f       0xa5 ./Core/Src/main.o
 .debug_macro   0x000000000001fae4      0x182 ./Core/Src/main.o
 .debug_macro   0x000000000001fc66      0x287 ./Core/Src/main.o
 .debug_macro   0x000000000001feed       0x5f ./Core/Src/main.o
 .debug_macro   0x000000000001ff4c      0x236 ./Core/Src/main.o
 .debug_macro   0x0000000000020182      0x132 ./Core/Src/main.o
 .debug_macro   0x00000000000202b4      0x41d ./Core/Src/main.o
 .debug_macro   0x00000000000206d1       0x2e ./Core/Src/main.o
 .debug_macro   0x00000000000206ff      0x11a ./Core/Src/main.o
 .debug_macro   0x0000000000020819       0xe2 ./Core/Src/main.o
 .debug_macro   0x00000000000208fb       0x89 ./Core/Src/main.o
 .debug_macro   0x0000000000020984      0x295 ./Core/Src/main.o
 .debug_macro   0x0000000000020c19      0x248 ./Core/Src/main.o
 .debug_macro   0x0000000000020e61       0xba ./Core/Src/main.o
 .debug_macro   0x0000000000020f1b      0x134 ./Core/Src/main.o
 .debug_macro   0x000000000002104f      0x130 ./Core/Src/main.o
 .debug_macro   0x000000000002117f       0x52 ./Core/Src/main.o
 .debug_macro   0x00000000000211d1       0x1e ./Core/Src/main.o
 .debug_macro   0x00000000000211ef       0x3c ./Core/Src/main.o
 .debug_macro   0x000000000002122b       0x34 ./Core/Src/main.o
 .debug_macro   0x000000000002125f       0x16 ./Core/Src/main.o
 .debug_macro   0x0000000000021275       0x35 ./Core/Src/main.o
 .debug_macro   0x00000000000212aa      0x341 ./Core/Src/main.o
 .debug_macro   0x00000000000215eb       0x10 ./Core/Src/main.o
 .debug_macro   0x00000000000215fb       0x16 ./Core/Src/main.o
 .debug_macro   0x0000000000021611       0x43 ./Core/Src/main.o
 .debug_macro   0x0000000000021654       0x34 ./Core/Src/main.o
 .debug_macro   0x0000000000021688       0x10 ./Core/Src/main.o
 .debug_macro   0x0000000000021698       0x58 ./Core/Src/main.o
 .debug_macro   0x00000000000216f0       0x71 ./Core/Src/main.o
 .debug_macro   0x0000000000021761       0x1c ./Core/Src/main.o
 .debug_macro   0x000000000002177d      0x12a ./Core/Src/main.o
 .debug_macro   0x00000000000218a7       0x10 ./Core/Src/main.o
 .debug_macro   0x00000000000218b7       0x1c ./Core/Src/main.o
 .debug_macro   0x00000000000218d3       0x52 ./Core/Src/main.o
 .debug_macro   0x0000000000021925       0x22 ./Core/Src/main.o
 .debug_macro   0x0000000000021947       0x10 ./Core/Src/main.o
 .debug_macro   0x0000000000021957       0x52 ./Core/Src/main.o
 .debug_macro   0x00000000000219a9       0xd5 ./Core/Src/main.o
 .debug_macro   0x0000000000021a7e       0x1c ./Core/Src/main.o
 .debug_macro   0x0000000000021a9a       0x3d ./Core/Src/main.o
 .debug_macro   0x0000000000021ad7       0x16 ./Core/Src/main.o
 .debug_macro   0x0000000000021aed      0x145 ./Core/Src/main.o
 .debug_macro   0x0000000000021c32       0x16 ./Core/Src/main.o
 .debug_macro   0x0000000000021c48       0x16 ./Core/Src/main.o
 .debug_macro   0x0000000000021c5e       0x29 ./Core/Src/main.o
 .debug_macro   0x0000000000021c87       0x16 ./Core/Src/main.o
 .debug_macro   0x0000000000021c9d       0x20 ./Core/Src/main.o
 .debug_macro   0x0000000000021cbd       0x6b ./Core/Src/main.o
 .debug_macro   0x0000000000021d28      0x20f ./Core/Src/main.o
 .debug_macro   0x0000000000021f37       0x5f ./Core/Src/main.o
 .debug_macro   0x0000000000021f96      0x19b ./Core/Src/main.o
 .debug_macro   0x0000000000022131      0x1ed ./Core/Src/stm32f4xx_hal_msp.o
 .debug_macro   0x000000000002231e      0x1f7 ./Core/Src/stm32f4xx_it.o
 .debug_macro   0x0000000000022515      0x1de ./Core/Src/system_stm32f4xx.o
 .debug_macro   0x00000000000226f3      0x23e ./Drivers/STM32F4xx_HAL_Driver/Src/stm32f4xx_hal.o
 .debug_macro   0x0000000000022931      0x1de ./Drivers/STM32F4xx_HAL_Driver/Src/stm32f4xx_hal_cortex.o
 .debug_macro   0x0000000000022b0f      0x1e4 ./Drivers/STM32F4xx_HAL_Driver/Src/stm32f4xx_hal_gpio.o
 .debug_macro   0x0000000000022cf3      0x1ea ./Drivers/STM32F4xx_HAL_Driver/Src/stm32f4xx_hal_pcd.o
 .debug_macro   0x0000000000022edd      0x1de ./Drivers/STM32F4xx_HAL_Driver/Src/stm32f4xx_hal_pcd_ex.o
 .debug_macro   0x00000000000230bb      0x202 ./Drivers/STM32F4xx_HAL_Driver/Src/stm32f4xx_hal_rcc.o
 .debug_macro   0x00000000000232bd      0x1df ./Drivers/STM32F4xx_HAL_Driver/Src/stm32f4xx_hal_uart.o
 .debug_macro   0x000000000002349c      0x1de ./Drivers/STM32F4xx_HAL_Driver/Src/stm32f4xx_ll_usb.o
 .debug_macro   0x000000000002367a      0x403 ./Middlewares/ST/STM32_USB_Device_Library/Class/HID/Src/usbd_hid.o
 .debug_macro   0x0000000000023a7d       0x97 ./Middlewares/ST/STM32_USB_Device_Library/Class/HID/Src/usbd_hid.o
 .debug_macro   0x0000000000023b14       0xfd ./Middlewares/ST/STM32_USB_Device_Library/Class/HID/Src/usbd_hid.o
 .debug_macro   0x0000000000023c11       0x56 ./Middlewares/ST/STM32_USB_Device_Library/Class/HID/Src/usbd_hid.o
 .debug_macro   0x0000000000023c67      0x3ea ./Middlewares/ST/STM32_USB_Device_Library/Core/Src/usbd_core.o
 .debug_macro   0x0000000000024051      0x215 ./Middlewares/ST/STM32_USB_Device_Library/Core/Src/usbd_core.o
 .debug_macro   0x0000000000024266      0x3f4 ./Middlewares/ST/STM32_USB_Device_Library/Core/Src/usbd_ctlreq.o
 .debug_macro   0x000000000002465a      0x3f0 ./Middlewares/ST/STM32_USB_Device_Library/Core/Src/usbd_ioreq.o
 .debug_macro   0x0000000000024a4a      0x41a ./USB_DEVICE/App/usb_device.o
 .debug_macro   0x0000000000024e64      0x136 ./USB_DEVICE/App/usb_device.o
 .debug_macro   0x0000000000024f9a       0x22 ./USB_DEVICE/App/usb_device.o
 .debug_macro   0x0000000000024fbc      0x42d ./USB_DEVICE/App/usbd_desc.o
 .debug_macro   0x00000000000253e9       0x1c ./USB_DEVICE/App/usbd_desc.o
 .debug_macro   0x0000000000025405      0x407 ./USB_DEVICE/Target/usbd_conf.o

.debug_line     0x0000000000000000    0x10f41
 .debug_line    0x0000000000000000      0xca2 ./Core/Src/main.o
 .debug_line    0x0000000000000ca2      0x732 ./Core/Src/stm32f4xx_hal_msp.o
 .debug_line    0x00000000000013d4      0x7c0 ./Core/Src/stm32f4xx_it.o
 .debug_line    0x0000000000001b94      0x767 ./Core/Src/system_stm32f4xx.o
 .debug_line    0x00000000000022fb       0x88 ./Core/Startup/startup_stm32f429zitx.o
 .debug_line    0x0000000000002383      0xa03 ./Drivers/STM32F4xx_HAL_Driver/Src/stm32f4xx_hal.o
 .debug_line    0x0000000000002d86      0xc7c ./Drivers/STM32F4xx_HAL_Driver/Src/stm32f4xx_hal_cortex.o
 .debug_line    0x0000000000003a02      0xb69 ./Drivers/STM32F4xx_HAL_Driver/Src/stm32f4xx_hal_gpio.o
 .debug_line    0x000000000000456b     0x1470 ./Drivers/STM32F4xx_HAL_Driver/Src/stm32f4xx_hal_pcd.o
 .debug_line    0x00000000000059db      0x7b0 ./Drivers/STM32F4xx_HAL_Driver/Src/stm32f4xx_hal_pcd_ex.o
 .debug_line    0x000000000000618b      0xd49 ./Drivers/STM32F4xx_HAL_Driver/Src/stm32f4xx_hal_rcc.o
 .debug_line    0x0000000000006ed4     0x2a72 ./Drivers/STM32F4xx_HAL_Driver/Src/stm32f4xx_hal_uart.o
 .debug_line    0x0000000000009946     0x1a8a ./Drivers/STM32F4xx_HAL_Driver/Src/stm32f4xx_ll_usb.o