../Core/Src/main.c:71:5:_write	24	static
../Core/Src/main.c:77:13:uart_process_command	40	static
../Core/Src/main.c:151:13:uart_byte_available	16	static
../Core/Src/main.c:169:5:main	16	static
../Core/Src/main.c:227:6:SystemClock_Config	96	static
../Core/Src/main.c:273:13:MX_I2C1_Init	8	static
../Core/Src/main.c:321:13:MX_USART2_UART_Init	8	static
../Core/Src/main.c:354:13:MX_DMA_Init	16	static
../Core/Src/main.c:372:13:MX_GPIO_Init	56	static
../Core/Src/main.c:418:6:Error_Handler	8	static,ignoring_inline_asm
