../Core/Src/main.c:74:13:step	24	static
../Core/Src/main.c:84:13:paint	48	static
../Core/Src/main.c:105:13:eye	16	static
../Core/Src/main.c:109:13:eye2	16	static
../Core/Src/main.c:113:13:nose	16	static
../Core/Src/main.c:120:13:eye3	16	static
../Core/Src/main.c:131:5:main	8	static
../Core/Src/main.c:199:6:SystemClock_Config	88	static
../Core/Src/main.c:245:13:MX_USART3_UART_Init	8	static
../Core/Src/main.c:278:13:MX_GPIO_Init	56	static
../Core/Src/main.c:364:6:Error_Handler	4	static,ignoring_inline_asm
