14:04:30 **** Clean-only build of configuration Debug for project lpcxpresso55s69_hello_world ****
make -r -j4 clean 
rm -rf ./utilities/fsl_assert.d ./utilities/fsl_assert.o ./utilities/fsl_debug_console.d ./utilities/fsl_debug_console.o ./utilities/fsl_str.d ./utilities/fsl_str.o
rm -rf ./startup/boot_multicore_slave.d ./startup/boot_multicore_slave.o ./startup/startup_lpc55s69_cm33_core0.d ./startup/startup_lpc55s69_cm33_core0.o
rm -rf ./source/hello_world.d ./source/hello_world.o ./source/semihost_hardfault.d ./source/semihost_hardfault.o
rm -rf ./drivers/fsl_clock.d ./drivers/fsl_clock.o ./drivers/fsl_common.d ./drivers/fsl_common.o ./drivers/fsl_common_arm.d ./drivers/fsl_common_arm.o ./drivers/fsl_ctimer.d ./drivers/fsl_ctimer.o ./drivers/fsl_flexcomm.d ./drivers/fsl_flexcomm.o ./drivers/fsl_gpio.d ./drivers/fsl_gpio.o ./drivers/fsl_i2c.d ./drivers/fsl_i2c.o ./drivers/fsl_power.d ./drivers/fsl_power.o ./drivers/fsl_powerquad_basic.d ./drivers/fsl_powerquad_basic.o ./drivers/fsl_powerquad_data.d ./drivers/fsl_powerquad_data.o ./drivers/fsl_powerquad_filter.d ./drivers/fsl_powerquad_filter.o ./drivers/fsl_powerquad_math.d ./drivers/fsl_powerquad_math.o ./drivers/fsl_powerquad_matrix.d ./drivers/fsl_powerquad_matrix.o ./drivers/fsl_powerquad_transform.d ./drivers/fsl_powerquad_transform.o ./drivers/fsl_reset.d ./drivers/fsl_reset.o ./drivers/fsl_usart.d ./drivers/fsl_usart.o
rm -rf ./device/system_LPC55S69_cm33_core0.d ./device/system_LPC55S69_cm33_core0.o
rm -rf ./component/uart/fsl_adapter_usart.d ./component/uart/fsl_adapter_usart.o
rm -rf ./component/serial_manager/fsl_component_serial_manager.d ./component/serial_manager/fsl_component_serial_manager.o ./component/serial_manager/fsl_component_serial_port_uart.d ./component/serial_manager/fsl_component_serial_port_uart.o
rm -rf ./component/lists/fsl_component_generic_list.d ./component/lists/fsl_component_generic_list.o
rm -rf ./board/board.d ./board/board.o ./board/clock_config.d ./board/clock_config.o ./board/peripherals.d ./board/peripherals.o ./board/pin_mux.d ./board/pin_mux.o
rm -rf lpcxpresso55s69_hello_world.axf
 
14:04:34 **** Build of configuration Debug for project lpcxpresso55s69_hello_world ****
make -r -j4 all 
Building file: ../utilities/fsl_assert.c
Building file: ../utilities/fsl_debug_console.c
Building file: ../utilities/fsl_str.c
Building file: ../startup/boot_multicore_slave.c
Invoking: MCU C Compiler
arm-none-eabi-gcc -std=gnu99 -D__REDLIB__ -DCPU_LPC55S69JBD100 -DCPU_LPC55S69JBD100_cm33 -DCPU_LPC55S69JBD100_cm33_core0 -DMCUXPRESSO_SDK -DSDK_DEBUGCONSOLE=1 -DCR_INTEGER_PRINTF -DPRINTF_FLOAT_ENABLE=1 -D__MCUXPRESSO -D__USE_CMSIS -DDEBUG -DSDK_OS_BAREMETAL -DSERIAL_PORT_TYPE_UART=1 -I"C:\Temp\MKS\cv08\lpcxpresso55s69_hello_world\utilities" -I"C:\Temp\MKS\cv08\lpcxpresso55s69_hello_world\drivers" -I"C:\Temp\MKS\cv08\lpcxpresso55s69_hello_world\device" -I"C:\Temp\MKS\cv08\lpcxpresso55s69_hello_world\startup" -I"C:\Temp\MKS\cv08\lpcxpresso55s69_hello_world\component\uart" -I"C:\Temp\MKS\cv08\lpcxpresso55s69_hello_world\component\lists" -I"C:\Temp\MKS\cv08\lpcxpresso55s69_hello_world\CMSIS" -I"C:\Temp\MKS\cv08\lpcxpresso55s69_hello_world\board" -I"C:\Temp\MKS\cv08\lpcxpresso55s69_hello_world\component\serial_manager" -I"C:\Temp\MKS\cv08\lpcxpresso55s69_hello_world\source" -I"C:\Temp\MKS\cv08\lpcxpresso55s69_hello_world\utilities" -I"C:\Temp\MKS\cv08\lpcxpresso55s69_hello_world\drivers" -I"C:\Temp\MKS\cv08\lpcxpresso55s69_hello_world\device" -I"C:\Temp\MKS\cv08\lpcxpresso55s69_hello_world\startup" -I"C:\Temp\MKS\cv08\lpcxpresso55s69_hello_world\component\uart" -I"C:\Temp\MKS\cv08\lpcxpresso55s69_hello_world\component\lists" -I"C:\Temp\MKS\cv08\lpcxpresso55s69_hello_world\CMSIS" -I"C:\Temp\MKS\cv08\lpcxpresso55s69_hello_world\board" -O0 -fno-common -g3 -mcpu=cortex-m33 -c -ffunction-sections -fdata-sections -ffreestanding -fno-builtin -fmerge-constants -fmacro-prefix-map="../utilities/"= -mcpu=cortex-m33 -mfpu=fpv5-sp-d16 -mfloat-abi=hard -mthumb -D__REDLIB__ -fstack-usage -specs=redlib.specs -MMD -MP -MF"utilities/fsl_assert.d" -MT"utilities/fsl_assert.o" -MT"utilities/fsl_assert.d" -o "utilities/fsl_assert.o" "../utilities/fsl_assert.c"
Invoking: MCU C Compiler
Invoking: MCU C Compiler
arm-none-eabi-gcc -std=gnu99 -D__REDLIB__ -DCPU_LPC55S69JBD100 -DCPU_LPC55S69JBD100_cm33 -DCPU_LPC55S69JBD100_cm33_core0 -DMCUXPRESSO_SDK -DSDK_DEBUGCONSOLE=1 -DCR_INTEGER_PRINTF -DPRINTF_FLOAT_ENABLE=1 -D__MCUXPRESSO -D__USE_CMSIS -DDEBUG -DSDK_OS_BAREMETAL -DSERIAL_PORT_TYPE_UART=1 -I"C:\Temp\MKS\cv08\lpcxpresso55s69_hello_world\utilities" -I"C:\Temp\MKS\cv08\lpcxpresso55s69_hello_world\drivers" -I"C:\Temp\MKS\cv08\lpcxpresso55s69_hello_world\device" -I"C:\Temp\MKS\cv08\lpcxpresso55s69_hello_world\startup" -I"C:\Temp\MKS\cv08\lpcxpresso55s69_hello_world\component\uart" -I"C:\Temp\MKS\cv08\lpcxpresso55s69_hello_world\component\lists" -I"C:\Temp\MKS\cv08\lpcxpresso55s69_hello_world\CMSIS" -I"C:\Temp\MKS\cv08\lpcxpresso55s69_hello_world\board" -I"C:\Temp\MKS\cv08\lpcxpresso55s69_hello_world\component\serial_manager" -I"C:\Temp\MKS\cv08\lpcxpresso55s69_hello_world\source" -I"C:\Temp\MKS\cv08\lpcxpresso55s69_hello_world\utilities" -I"C:\Temp\MKS\cv08\lpcxpresso55s69_hello_world\drivers" -I"C:\Temp\MKS\cv08\lpcxpresso55s69_hello_world\device" -I"C:\Temp\MKS\cv08\lpcxpresso55s69_hello_world\startup" -I"C:\Temp\MKS\cv08\lpcxpresso55s69_hello_world\component\uart" -I"C:\Temp\MKS\cv08\lpcxpresso55s69_hello_world\component\lists" -I"C:\Temp\MKS\cv08\lpcxpresso55s69_hello_world\CMSIS" -I"C:\Temp\MKS\cv08\lpcxpresso55s69_hello_world\board" -O0 -fno-common -g3 -mcpu=cortex-m33 -c -ffunction-sections -fdata-sections -ffreestanding -fno-builtin -fmerge-constants -fmacro-prefix-map="../utilities/"= -mcpu=cortex-m33 -mfpu=fpv5-sp-d16 -mfloat-abi=hard -mthumb -D__REDLIB__ -fstack-usage -specs=redlib.specs -MMD -MP -MF"utilities/fsl_str.d" -MT"utilities/fsl_str.o" -MT"utilities/fsl_str.d" -o "utilities/fsl_str.o" "../utilities/fsl_str.c"
Invoking: MCU C Compiler
arm-none-eabi-gcc -std=gnu99 -D__REDLIB__ -DCPU_LPC55S69JBD100 -DCPU_LPC55S69JBD100_cm33 -DCPU_LPC55S69JBD100_cm33_core0 -DMCUXPRESSO_SDK -DSDK_DEBUGCONSOLE=1 -DCR_INTEGER_PRINTF -DPRINTF_FLOAT_ENABLE=1 -D__MCUXPRESSO -D__USE_CMSIS -DDEBUG -DSDK_OS_BAREMETAL -DSERIAL_PORT_TYPE_UART=1 -I"C:\Temp\MKS\cv08\lpcxpresso55s69_hello_world\utilities" -I"C:\Temp\MKS\cv08\lpcxpresso55s69_hello_world\drivers" -I"C:\Temp\MKS\cv08\lpcxpresso55s69_hello_world\device" -I"C:\Temp\MKS\cv08\lpcxpresso55s69_hello_world\startup" -I"C:\Temp\MKS\cv08\lpcxpresso55s69_hello_world\component\uart" -I"C:\Temp\MKS\cv08\lpcxpresso55s69_hello_world\component\lists" -I"C:\Temp\MKS\cv08\lpcxpresso55s69_hello_world\CMSIS" -I"C:\Temp\MKS\cv08\lpcxpresso55s69_hello_world\board" -I"C:\Temp\MKS\cv08\lpcxpresso55s69_hello_world\component\serial_manager" -I"C:\Temp\MKS\cv08\lpcxpresso55s69_hello_world\source" -I"C:\Temp\MKS\cv08\lpcxpresso55s69_hello_world\utilities" -I"C:\Temp\MKS\cv08\lpcxpresso55s69_hello_world\drivers" -I"C:\Temp\MKS\cv08\lpcxpresso55s69_hello_world\device" -I"C:\Temp\MKS\cv08\lpcxpresso55s69_hello_world\startup" -I"C:\Temp\MKS\cv08\lpcxpresso55s69_hello_world\component\uart" -I"C:\Temp\MKS\cv08\lpcxpresso55s69_hello_world\component\lists" -I"C:\Temp\MKS\cv08\lpcxpresso55s69_hello_world\CMSIS" -I"C:\Temp\MKS\cv08\lpcxpresso55s69_hello_world\board" -O0 -fno-common -g3 -mcpu=cortex-m33 -c -ffunction-sections -fdata-sections -ffreestanding -fno-builtin -fmerge-constants -fmacro-prefix-map="../utilities/"= -mcpu=cortex-m33 -mfpu=fpv5-sp-d16 -mfloat-abi=hard -mthumb -D__REDLIB__ -fstack-usage -specs=redlib.specs -MMD -MP -MF"utilities/fsl_debug_console.d" -MT"utilities/fsl_debug_console.o" -MT"utilities/fsl_debug_console.d" -o "utilities/fsl_debug_console.o" "../utilities/fsl_debug_console.c"
arm-none-eabi-gcc -std=gnu99 -D__REDLIB__ -DCPU_LPC55S69JBD100 -DCPU_LPC55S69JBD100_cm33 -DCPU_LPC55S69JBD100_cm33_core0 -DMCUXPRESSO_SDK -DSDK_DEBUGCONSOLE=1 -DCR_INTEGER_PRINTF -DPRINTF_FLOAT_ENABLE=1 -D__MCUXPRESSO -D__USE_CMSIS -DDEBUG -DSDK_OS_BAREMETAL -DSERIAL_PORT_TYPE_UART=1 -I"C:\Temp\MKS\cv08\lpcxpresso55s69_hello_world\utilities" -I"C:\Temp\MKS\cv08\lpcxpresso55s69_hello_world\drivers" -I"C:\Temp\MKS\cv08\lpcxpresso55s69_hello_world\device" -I"C:\Temp\MKS\cv08\lpcxpresso55s69_hello_world\startup" -I"C:\Temp\MKS\cv08\lpcxpresso55s69_hello_world\component\uart" -I"C:\Temp\MKS\cv08\lpcxpresso55s69_hello_world\component\lists" -I"C:\Temp\MKS\cv08\lpcxpresso55s69_hello_world\CMSIS" -I"C:\Temp\MKS\cv08\lpcxpresso55s69_hello_world\board" -I"C:\Temp\MKS\cv08\lpcxpresso55s69_hello_world\component\serial_manager" -I"C:\Temp\MKS\cv08\lpcxpresso55s69_hello_world\source" -I"C:\Temp\MKS\cv08\lpcxpresso55s69_hello_world\utilities" -I"C:\Temp\MKS\cv08\lpcxpresso55s69_hello_world\drivers" -I"C:\Temp\MKS\cv08\lpcxpresso55s69_hello_world\device" -I"C:\Temp\MKS\cv08\lpcxpresso55s69_hello_world\startup" -I"C:\Temp\MKS\cv08\lpcxpresso55s69_hello_world\component\uart" -I"C:\Temp\MKS\cv08\lpcxpresso55s69_hello_world\component\lists" -I"C:\Temp\MKS\cv08\lpcxpresso55s69_hello_world\CMSIS" -I"C:\Temp\MKS\cv08\lpcxpresso55s69_hello_world\board" -O0 -fno-common -g3 -mcpu=cortex-m33 -c -ffunction-sections -fdata-sections -ffreestanding -fno-builtin -fmerge-constants -fmacro-prefix-map="../startup/"= -mcpu=cortex-m33 -mfpu=fpv5-sp-d16 -mfloat-abi=hard -mthumb -D__REDLIB__ -fstack-usage -specs=redlib.specs -MMD -MP -MF"startup/boot_multicore_slave.d" -MT"startup/boot_multicore_slave.o" -MT"startup/boot_multicore_slave.d" -o "startup/boot_multicore_slave.o" "../startup/boot_multicore_slave.c"
Finished building: ../startup/boot_multicore_slave.c
 
Building file: ../startup/startup_lpc55s69_cm33_core0.c
Invoking: MCU C Compiler
arm-none-eabi-gcc -std=gnu99 -D__REDLIB__ -DCPU_LPC55S69JBD100 -DCPU_LPC55S69JBD100_cm33 -DCPU_LPC55S69JBD100_cm33_core0 -DMCUXPRESSO_SDK -DSDK_DEBUGCONSOLE=1 -DCR_INTEGER_PRINTF -DPRINTF_FLOAT_ENABLE=1 -D__MCUXPRESSO -D__USE_CMSIS -DDEBUG -DSDK_OS_BAREMETAL -DSERIAL_PORT_TYPE_UART=1 -I"C:\Temp\MKS\cv08\lpcxpresso55s69_hello_world\utilities" -I"C:\Temp\MKS\cv08\lpcxpresso55s69_hello_world\drivers" -I"C:\Temp\MKS\cv08\lpcxpresso55s69_hello_world\device" -I"C:\Temp\MKS\cv08\lpcxpresso55s69_hello_world\startup" -I"C:\Temp\MKS\cv08\lpcxpresso55s69_hello_world\component\uart" -I"C:\Temp\MKS\cv08\lpcxpresso55s69_hello_world\component\lists" -I"C:\Temp\MKS\cv08\lpcxpresso55s69_hello_world\CMSIS" -I"C:\Temp\MKS\cv08\lpcxpresso55s69_hello_world\board" -I"C:\Temp\MKS\cv08\lpcxpresso55s69_hello_world\component\serial_manager" -I"C:\Temp\MKS\cv08\lpcxpresso55s69_hello_world\source" -I"C:\Temp\MKS\cv08\lpcxpresso55s69_hello_world\utilities" -I"C:\Temp\MKS\cv08\lpcxpresso55s69_hello_world\drivers" -I"C:\Temp\MKS\cv08\lpcxpresso55s69_hello_world\device" -I"C:\Temp\MKS\cv08\lpcxpresso55s69_hello_world\startup" -I"C:\Temp\MKS\cv08\lpcxpresso55s69_hello_world\component\uart" -I"C:\Temp\MKS\cv08\lpcxpresso55s69_hello_world\component\lists" -I"C:\Temp\MKS\cv08\lpcxpresso55s69_hello_world\CMSIS" -I"C:\Temp\MKS\cv08\lpcxpresso55s69_hello_world\board" -O0 -fno-common -g3 -mcpu=cortex-m33 -c -ffunction-sections -fdata-sections -ffreestanding -fno-builtin -fmerge-constants -fmacro-prefix-map="../startup/"= -mcpu=cortex-m33 -mfpu=fpv5-sp-d16 -mfloat-abi=hard -mthumb -D__REDLIB__ -fstack-usage -specs=redlib.specs -MMD -MP -MF"startup/startup_lpc55s69_cm33_core0.d" -MT"startup/startup_lpc55s69_cm33_core0.o" -MT"startup/startup_lpc55s69_cm33_core0.d" -o "startup/startup_lpc55s69_cm33_core0.o" "../startup/startup_lpc55s69_cm33_core0.c"
Finished building: ../utilities/fsl_assert.c
 
Building file: ../source/hello_world.c
Finished building: ../startup/startup_lpc55s69_cm33_core0.c
Finished building: ../utilities/fsl_debug_console.c
Invoking: MCU C Compiler
 
arm-none-eabi-gcc -std=gnu99 -D__REDLIB__ -DCPU_LPC55S69JBD100 -DCPU_LPC55S69JBD100_cm33 -DCPU_LPC55S69JBD100_cm33_core0 -DMCUXPRESSO_SDK -DSDK_DEBUGCONSOLE=1 -DCR_INTEGER_PRINTF -DPRINTF_FLOAT_ENABLE=1 -D__MCUXPRESSO -D__USE_CMSIS -DDEBUG -DSDK_OS_BAREMETAL -DSERIAL_PORT_TYPE_UART=1 -I"C:\Temp\MKS\cv08\lpcxpresso55s69_hello_world\utilities" -I"C:\Temp\MKS\cv08\lpcxpresso55s69_hello_world\drivers" -I"C:\Temp\MKS\cv08\lpcxpresso55s69_hello_world\device" -I"C:\Temp\MKS\cv08\lpcxpresso55s69_hello_world\startup" -I"C:\Temp\MKS\cv08\lpcxpresso55s69_hello_world\component\uart" -I"C:\Temp\MKS\cv08\lpcxpresso55s69_hello_world\component\lists" -I"C:\Temp\MKS\cv08\lpcxpresso55s69_hello_world\CMSIS" -I"C:\Temp\MKS\cv08\lpcxpresso55s69_hello_world\board" -I"C:\Temp\MKS\cv08\lpcxpresso55s69_hello_world\component\serial_manager" -I"C:\Temp\MKS\cv08\lpcxpresso55s69_hello_world\source" -I"C:\Temp\MKS\cv08\lpcxpresso55s69_hello_world\utilities" -I"C:\Temp\MKS\cv08\lpcxpresso55s69_hello_world\drivers" -I"C:\Temp\MKS\cv08\lpcxpresso55s69_hello_world\device" -I"C:\Temp\MKS\cv08\lpcxpresso55s69_hello_world\startup" -I"C:\Temp\MKS\cv08\lpcxpresso55s69_hello_world\component\uart" -I"C:\Temp\MKS\cv08\lpcxpresso55s69_hello_world\component\lists" -I"C:\Temp\MKS\cv08\lpcxpresso55s69_hello_world\CMSIS" -I"C:\Temp\MKS\cv08\lpcxpresso55s69_hello_world\board" -O0 -fno-common -g3 -mcpu=cortex-m33 -c -ffunction-sections -fdata-sections -ffreestanding -fno-builtin -fmerge-constants -fmacro-prefix-map="../source/"= -mcpu=cortex-m33 -mfpu=fpv5-sp-d16 -mfloat-abi=hard -mthumb -D__REDLIB__ -fstack-usage -specs=redlib.specs -MMD -MP -MF"source/hello_world.d" -MT"source/hello_world.o" -MT"source/hello_world.d" -o "source/hello_world.o" "../source/hello_world.c"
Finished building: ../utilities/fsl_str.c
 
Building file: ../source/semihost_hardfault.c
Building file: ../drivers/fsl_clock.c
 
Invoking: MCU C Compiler
arm-none-eabi-gcc -std=gnu99 -D__REDLIB__ -DCPU_LPC55S69JBD100 -DCPU_LPC55S69JBD100_cm33 -DCPU_LPC55S69JBD100_cm33_core0 -DMCUXPRESSO_SDK -DSDK_DEBUGCONSOLE=1 -DCR_INTEGER_PRINTF -DPRINTF_FLOAT_ENABLE=1 -D__MCUXPRESSO -D__USE_CMSIS -DDEBUG -DSDK_OS_BAREMETAL -DSERIAL_PORT_TYPE_UART=1 -I"C:\Temp\MKS\cv08\lpcxpresso55s69_hello_world\utilities" -I"C:\Temp\MKS\cv08\lpcxpresso55s69_hello_world\drivers" -I"C:\Temp\MKS\cv08\lpcxpresso55s69_hello_world\device" -I"C:\Temp\MKS\cv08\lpcxpresso55s69_hello_world\startup" -I"C:\Temp\MKS\cv08\lpcxpresso55s69_hello_world\component\uart" -I"C:\Temp\MKS\cv08\lpcxpresso55s69_hello_world\component\lists" -I"C:\Temp\MKS\cv08\lpcxpresso55s69_hello_world\CMSIS" -I"C:\Temp\MKS\cv08\lpcxpresso55s69_hello_world\board" -I"C:\Temp\MKS\cv08\lpcxpresso55s69_hello_world\component\serial_manager" -I"C:\Temp\MKS\cv08\lpcxpresso55s69_hello_world\source" -I"C:\Temp\MKS\cv08\lpcxpresso55s69_hello_world\utilities" -I"C:\Temp\MKS\cv08\lpcxpresso55s69_hello_world\drivers" -I"C:\Temp\MKS\cv08\lpcxpresso55s69_hello_world\device" -I"C:\Temp\MKS\cv08\lpcxpresso55s69_hello_world\startup" -I"C:\Temp\MKS\cv08\lpcxpresso55s69_hello_world\component\uart" -I"C:\Temp\MKS\cv08\lpcxpresso55s69_hello_world\component\lists" -I"C:\Temp\MKS\cv08\lpcxpresso55s69_hello_world\CMSIS" -I"C:\Temp\MKS\cv08\lpcxpresso55s69_hello_world\board" -O0 -fno-common -g3 -mcpu=cortex-m33 -c -ffunction-sections -fdata-sections -ffreestanding -fno-builtin -fmerge-constants -fmacro-prefix-map="../source/"= -mcpu=cortex-m33 -mfpu=fpv5-sp-d16 -mfloat-abi=hard -mthumb -D__REDLIB__ -fstack-usage -specs=redlib.specs -MMD -MP -MF"source/semihost_hardfault.d" -MT"source/semihost_hardfault.o" -MT"source/semihost_hardfault.d" -o "source/semihost_hardfault.o" "../source/semihost_hardfault.c"
Invoking: MCU C Compiler
arm-none-eabi-gcc -std=gnu99 -D__REDLIB__ -DCPU_LPC55S69JBD100 -DCPU_LPC55S69JBD100_cm33 -DCPU_LPC55S69JBD100_cm33_core0 -DMCUXPRESSO_SDK -DSDK_DEBUGCONSOLE=1 -DCR_INTEGER_PRINTF -DPRINTF_FLOAT_ENABLE=1 -D__MCUXPRESSO -D__USE_CMSIS -DDEBUG -DSDK_OS_BAREMETAL -DSERIAL_PORT_TYPE_UART=1 -I"C:\Temp\MKS\cv08\lpcxpresso55s69_hello_world\utilities" -I"C:\Temp\MKS\cv08\lpcxpresso55s69_hello_world\drivers" -I"C:\Temp\MKS\cv08\lpcxpresso55s69_hello_world\device" -I"C:\Temp\MKS\cv08\lpcxpresso55s69_hello_world\startup" -I"C:\Temp\MKS\cv08\lpcxpresso55s69_hello_world\component\uart" -I"C:\Temp\MKS\cv08\lpcxpresso55s69_hello_world\component\lists" -I"C:\Temp\MKS\cv08\lpcxpresso55s69_hello_world\CMSIS" -I"C:\Temp\MKS\cv08\lpcxpresso55s69_hello_world\board" -I"C:\Temp\MKS\cv08\lpcxpresso55s69_hello_world\component\serial_manager" -I"C:\Temp\MKS\cv08\lpcxpresso55s69_hello_world\source" -I"C:\Temp\MKS\cv08\lpcxpresso55s69_hello_world\utilities" -I"C:\Temp\MKS\cv08\lpcxpresso55s69_hello_world\drivers" -I"C:\Temp\MKS\cv08\lpcxpresso55s69_hello_world\device" -I"C:\Temp\MKS\cv08\lpcxpresso55s69_hello_world\startup" -I"C:\Temp\MKS\cv08\lpcxpresso55s69_hello_world\component\uart" -I"C:\Temp\MKS\cv08\lpcxpresso55s69_hello_world\component\lists" -I"C:\Temp\MKS\cv08\lpcxpresso55s69_hello_world\CMSIS" -I"C:\Temp\MKS\cv08\lpcxpresso55s69_hello_world\board" -O0 -fno-common -g3 -mcpu=cortex-m33 -c -ffunction-sections -fdata-sections -ffreestanding -fno-builtin -fmerge-constants -fmacro-prefix-map="../drivers/"= -mcpu=cortex-m33 -mfpu=fpv5-sp-d16 -mfloat-abi=hard -mthumb -D__REDLIB__ -fstack-usage -specs=redlib.specs -MMD -MP -MF"drivers/fsl_clock.d" -MT"drivers/fsl_clock.o" -MT"drivers/fsl_clock.d" -o "drivers/fsl_clock.o" "../drivers/fsl_clock.c"
Building file: ../drivers/fsl_common.c
Invoking: MCU C Compiler
arm-none-eabi-gcc -std=gnu99 -D__REDLIB__ -DCPU_LPC55S69JBD100 -DCPU_LPC55S69JBD100_cm33 -DCPU_LPC55S69JBD100_cm33_core0 -DMCUXPRESSO_SDK -DSDK_DEBUGCONSOLE=1 -DCR_INTEGER_PRINTF -DPRINTF_FLOAT_ENABLE=1 -D__MCUXPRESSO -D__USE_CMSIS -DDEBUG -DSDK_OS_BAREMETAL -DSERIAL_PORT_TYPE_UART=1 -I"C:\Temp\MKS\cv08\lpcxpresso55s69_hello_world\utilities" -I"C:\Temp\MKS\cv08\lpcxpresso55s69_hello_world\drivers" -I"C:\Temp\MKS\cv08\lpcxpresso55s69_hello_world\device" -I"C:\Temp\MKS\cv08\lpcxpresso55s69_hello_world\startup" -I"C:\Temp\MKS\cv08\lpcxpresso55s69_hello_world\component\uart" -I"C:\Temp\MKS\cv08\lpcxpresso55s69_hello_world\component\lists" -I"C:\Temp\MKS\cv08\lpcxpresso55s69_hello_world\CMSIS" -I"C:\Temp\MKS\cv08\lpcxpresso55s69_hello_world\board" -I"C:\Temp\MKS\cv08\lpcxpresso55s69_hello_world\component\serial_manager" -I"C:\Temp\MKS\cv08\lpcxpresso55s69_hello_world\source" -I"C:\Temp\MKS\cv08\lpcxpresso55s69_hello_world\utilities" -I"C:\Temp\MKS\cv08\lpcxpresso55s69_hello_world\drivers" -I"C:\Temp\MKS\cv08\lpcxpresso55s69_hello_world\device" -I"C:\Temp\MKS\cv08\lpcxpresso55s69_hello_world\startup" -I"C:\Temp\MKS\cv08\lpcxpresso55s69_hello_world\component\uart" -I"C:\Temp\MKS\cv08\lpcxpresso55s69_hello_world\component\lists" -I"C:\Temp\MKS\cv08\lpcxpresso55s69_hello_world\CMSIS" -I"C:\Temp\MKS\cv08\lpcxpresso55s69_hello_world\board" -O0 -fno-common -g3 -mcpu=cortex-m33 -c -ffunction-sections -fdata-sections -ffreestanding -fno-builtin -fmerge-constants -fmacro-prefix-map="../drivers/"= -mcpu=cortex-m33 -mfpu=fpv5-sp-d16 -mfloat-abi=hard -mthumb -D__REDLIB__ -fstack-usage -specs=redlib.specs -MMD -MP -MF"drivers/fsl_common.d" -MT"drivers/fsl_common.o" -MT"drivers/fsl_common.d" -o "drivers/fsl_common.o" "../drivers/fsl_common.c"
Finished building: ../source/semihost_hardfault.c
 
Building file: ../drivers/fsl_common_arm.c
Invoking: MCU C Compiler
arm-none-eabi-gcc -std=gnu99 -D__REDLIB__ -DCPU_LPC55S69JBD100 -DCPU_LPC55S69JBD100_cm33 -DCPU_LPC55S69JBD100_cm33_core0 -DMCUXPRESSO_SDK -DSDK_DEBUGCONSOLE=1 -DCR_INTEGER_PRINTF -DPRINTF_FLOAT_ENABLE=1 -D__MCUXPRESSO -D__USE_CMSIS -DDEBUG -DSDK_OS_BAREMETAL -DSERIAL_PORT_TYPE_UART=1 -I"C:\Temp\MKS\cv08\lpcxpresso55s69_hello_world\utilities" -I"C:\Temp\MKS\cv08\lpcxpresso55s69_hello_world\drivers" -I"C:\Temp\MKS\cv08\lpcxpresso55s69_hello_world\device" -I"C:\Temp\MKS\cv08\lpcxpresso55s69_hello_world\startup" -I"C:\Temp\MKS\cv08\lpcxpresso55s69_hello_world\component\uart" -I"C:\Temp\MKS\cv08\lpcxpresso55s69_hello_world\component\lists" -I"C:\Temp\MKS\cv08\lpcxpresso55s69_hello_world\CMSIS" -I"C:\Temp\MKS\cv08\lpcxpresso55s69_hello_world\board" -I"C:\Temp\MKS\cv08\lpcxpresso55s69_hello_world\component\serial_manager" -I"C:\Temp\MKS\cv08\lpcxpresso55s69_hello_world\source" -I"C:\Temp\MKS\cv08\lpcxpresso55s69_hello_world\utilities" -I"C:\Temp\MKS\cv08\lpcxpresso55s69_hello_world\drivers" -I"C:\Temp\MKS\cv08\lpcxpresso55s69_hello_world\device" -I"C:\Temp\MKS\cv08\lpcxpresso55s69_hello_world\startup" -I"C:\Temp\MKS\cv08\lpcxpresso55s69_hello_world\component\uart" -I"C:\Temp\MKS\cv08\lpcxpresso55s69_hello_world\component\lists" -I"C:\Temp\MKS\cv08\lpcxpresso55s69_hello_world\CMSIS" -I"C:\Temp\MKS\cv08\lpcxpresso55s69_hello_world\board" -O0 -fno-common -g3 -mcpu=cortex-m33 -c -ffunction-sections -fdata-sections -ffreestanding -fno-builtin -fmerge-constants -fmacro-prefix-map="../drivers/"= -mcpu=cortex-m33 -mfpu=fpv5-sp-d16 -mfloat-abi=hard -mthumb -D__REDLIB__ -fstack-usage -specs=redlib.specs -MMD -MP -MF"drivers/fsl_common_arm.d" -MT"drivers/fsl_common_arm.o" -MT"drivers/fsl_common_arm.d" -o "drivers/fsl_common_arm.o" "../drivers/fsl_common_arm.c"
Finished building: ../source/hello_world.c
 
Finished building: ../drivers/fsl_common.c
Building file: ../drivers/fsl_ctimer.c
 
Invoking: MCU C Compiler
arm-none-eabi-gcc -std=gnu99 -D__REDLIB__ -DCPU_LPC55S69JBD100 -DCPU_LPC55S69JBD100_cm33 -DCPU_LPC55S69JBD100_cm33_core0 -DMCUXPRESSO_SDK -DSDK_DEBUGCONSOLE=1 -DCR_INTEGER_PRINTF -DPRINTF_FLOAT_ENABLE=1 -D__MCUXPRESSO -D__USE_CMSIS -DDEBUG -DSDK_OS_BAREMETAL -DSERIAL_PORT_TYPE_UART=1 -I"C:\Temp\MKS\cv08\lpcxpresso55s69_hello_world\utilities" -I"C:\Temp\MKS\cv08\lpcxpresso55s69_hello_world\drivers" -I"C:\Temp\MKS\cv08\lpcxpresso55s69_hello_world\device" -I"C:\Temp\MKS\cv08\lpcxpresso55s69_hello_world\startup" -I"C:\Temp\MKS\cv08\lpcxpresso55s69_hello_world\component\uart" -I"C:\Temp\MKS\cv08\lpcxpresso55s69_hello_world\component\lists" -I"C:\Temp\MKS\cv08\lpcxpresso55s69_hello_world\CMSIS" -I"C:\Temp\MKS\cv08\lpcxpresso55s69_hello_world\board" -I"C:\Temp\MKS\cv08\lpcxpresso55s69_hello_world\component\serial_manager" -I"C:\Temp\MKS\cv08\lpcxpresso55s69_hello_world\source" -I"C:\Temp\MKS\cv08\lpcxpresso55s69_hello_world\utilities" -I"C:\Temp\MKS\cv08\lpcxpresso55s69_hello_world\drivers" -I"C:\Temp\MKS\cv08\lpcxpresso55s69_hello_world\device" -I"C:\Temp\MKS\cv08\lpcxpresso55s69_hello_world\startup" -I"C:\Temp\MKS\cv08\lpcxpresso55s69_hello_world\component\uart" -I"C:\Temp\MKS\cv08\lpcxpresso55s69_hello_world\component\lists" -I"C:\Temp\MKS\cv08\lpcxpresso55s69_hello_world\CMSIS" -I"C:\Temp\MKS\cv08\lpcxpresso55s69_hello_world\board" -O0 -fno-common -g3 -mcpu=cortex-m33 -c -ffunction-sections -fdata-sections -ffreestanding -fno-builtin -fmerge-constants -fmacro-prefix-map="../drivers/"= -mcpu=cortex-m33 -mfpu=fpv5-sp-d16 -mfloat-abi=hard -mthumb -D__REDLIB__ -fstack-usage -specs=redlib.specs -MMD -MP -MF"drivers/fsl_ctimer.d" -MT"drivers/fsl_ctimer.o" -MT"drivers/fsl_ctimer.d" -o "drivers/fsl_ctimer.o" "../drivers/fsl_ctimer.c"
Building file: ../drivers/fsl_flexcomm.c
Invoking: MCU C Compiler
arm-none-eabi-gcc -std=gnu99 -D__REDLIB__ -DCPU_LPC55S69JBD100 -DCPU_LPC55S69JBD100_cm33 -DCPU_LPC55S69JBD100_cm33_core0 -DMCUXPRESSO_SDK -DSDK_DEBUGCONSOLE=1 -DCR_INTEGER_PRINTF -DPRINTF_FLOAT_ENABLE=1 -D__MCUXPRESSO -D__USE_CMSIS -DDEBUG -DSDK_OS_BAREMETAL -DSERIAL_PORT_TYPE_UART=1 -I"C:\Temp\MKS\cv08\lpcxpresso55s69_hello_world\utilities" -I"C:\Temp\MKS\cv08\lpcxpresso55s69_hello_world\drivers" -I"C:\Temp\MKS\cv08\lpcxpresso55s69_hello_world\device" -I"C:\Temp\MKS\cv08\lpcxpresso55s69_hello_world\startup" -I"C:\Temp\MKS\cv08\lpcxpresso55s69_hello_world\component\uart" -I"C:\Temp\MKS\cv08\lpcxpresso55s69_hello_world\component\lists" -I"C:\Temp\MKS\cv08\lpcxpresso55s69_hello_world\CMSIS" -I"C:\Temp\MKS\cv08\lpcxpresso55s69_hello_world\board" -I"C:\Temp\MKS\cv08\lpcxpresso55s69_hello_world\component\serial_manager" -I"C:\Temp\MKS\cv08\lpcxpresso55s69_hello_world\source" -I"C:\Temp\MKS\cv08\lpcxpresso55s69_hello_world\utilities" -I"C:\Temp\MKS\cv08\lpcxpresso55s69_hello_world\drivers" -I"C:\Temp\MKS\cv08\lpcxpresso55s69_hello_world\device" -I"C:\Temp\MKS\cv08\lpcxpresso55s69_hello_world\startup" -I"C:\Temp\MKS\cv08\lpcxpresso55s69_hello_world\component\uart" -I"C:\Temp\MKS\cv08\lpcxpresso55s69_hello_world\component\lists" -I"C:\Temp\MKS\cv08\lpcxpresso55s69_hello_world\CMSIS" -I"C:\Temp\MKS\cv08\lpcxpresso55s69_hello_world\board" -O0 -fno-common -g3 -mcpu=cortex-m33 -c -ffunction-sections -fdata-sections -ffreestanding -fno-builtin -fmerge-constants -fmacro-prefix-map="../drivers/"= -mcpu=cortex-m33 -mfpu=fpv5-sp-d16 -mfloat-abi=hard -mthumb -D__REDLIB__ -fstack-usage -specs=redlib.specs -MMD -MP -MF"drivers/fsl_flexcomm.d" -MT"drivers/fsl_flexcomm.o" -MT"drivers/fsl_flexcomm.d" -o "drivers/fsl_flexcomm.o" "../drivers/fsl_flexcomm.c"
Finished building: ../drivers/fsl_clock.c
 
Building file: ../drivers/fsl_gpio.c
Finished building: ../drivers/fsl_common_arm.c
Invoking: MCU C Compiler
arm-none-eabi-gcc -std=gnu99 -D__REDLIB__ -DCPU_LPC55S69JBD100 -DCPU_LPC55S69JBD100_cm33 -DCPU_LPC55S69JBD100_cm33_core0 -DMCUXPRESSO_SDK -DSDK_DEBUGCONSOLE=1 -DCR_INTEGER_PRINTF -DPRINTF_FLOAT_ENABLE=1 -D__MCUXPRESSO -D__USE_CMSIS -DDEBUG -DSDK_OS_BAREMETAL -DSERIAL_PORT_TYPE_UART=1 -I"C:\Temp\MKS\cv08\lpcxpresso55s69_hello_world\utilities" -I"C:\Temp\MKS\cv08\lpcxpresso55s69_hello_world\drivers" -I"C:\Temp\MKS\cv08\lpcxpresso55s69_hello_world\device" -I"C:\Temp\MKS\cv08\lpcxpresso55s69_hello_world\startup" -I"C:\Temp\MKS\cv08\lpcxpresso55s69_hello_world\component\uart" -I"C:\Temp\MKS\cv08\lpcxpresso55s69_hello_world\component\lists" -I"C:\Temp\MKS\cv08\lpcxpresso55s69_hello_world\CMSIS" -I"C:\Temp\MKS\cv08\lpcxpresso55s69_hello_world\board" -I"C:\Temp\MKS\cv08\lpcxpresso55s69_hello_world\component\serial_manager" -I"C:\Temp\MKS\cv08\lpcxpresso55s69_hello_world\source" -I"C:\Temp\MKS\cv08\lpcxpresso55s69_hello_world\utilities" -I"C:\Temp\MKS\cv08\lpcxpresso55s69_hello_world\drivers" -I"C:\Temp\MKS\cv08\lpcxpresso55s69_hello_world\device" -I"C:\Temp\MKS\cv08\lpcxpresso55s69_hello_world\startup" -I"C:\Temp\MKS\cv08\lpcxpresso55s69_hello_world\component\uart" -I"C:\Temp\MKS\cv08\lpcxpresso55s69_hello_world\component\lists" -I"C:\Temp\MKS\cv08\lpcxpresso55s69_hello_world\CMSIS" -I"C:\Temp\MKS\cv08\lpcxpresso55s69_hello_world\board" -O0 -fno-common -g3 -mcpu=cortex-m33 -c -ffunction-sections -fdata-sections -ffreestanding -fno-builtin -fmerge-constants -fmacro-prefix-map="../drivers/"= -mcpu=cortex-m33 -mfpu=fpv5-sp-d16 -mfloat-abi=hard -mthumb -D__REDLIB__ -fstack-usage -specs=redlib.specs -MMD -MP -MF"drivers/fsl_gpio.d" -MT"drivers/fsl_gpio.o" -MT"drivers/fsl_gpio.d" -o "drivers/fsl_gpio.o" "../drivers/fsl_gpio.c"
 
Building file: ../drivers/fsl_i2c.c
Invoking: MCU C Compiler
arm-none-eabi-gcc -std=gnu99 -D__REDLIB__ -DCPU_LPC55S69JBD100 -DCPU_LPC55S69JBD100_cm33 -DCPU_LPC55S69JBD100_cm33_core0 -DMCUXPRESSO_SDK -DSDK_DEBUGCONSOLE=1 -DCR_INTEGER_PRINTF -DPRINTF_FLOAT_ENABLE=1 -D__MCUXPRESSO -D__USE_CMSIS -DDEBUG -DSDK_OS_BAREMETAL -DSERIAL_PORT_TYPE_UART=1 -I"C:\Temp\MKS\cv08\lpcxpresso55s69_hello_world\utilities" -I"C:\Temp\MKS\cv08\lpcxpresso55s69_hello_world\drivers" -I"C:\Temp\MKS\cv08\lpcxpresso55s69_hello_world\device" -I"C:\Temp\MKS\cv08\lpcxpresso55s69_hello_world\startup" -I"C:\Temp\MKS\cv08\lpcxpresso55s69_hello_world\component\uart" -I"C:\Temp\MKS\cv08\lpcxpresso55s69_hello_world\component\lists" -I"C:\Temp\MKS\cv08\lpcxpresso55s69_hello_world\CMSIS" -I"C:\Temp\MKS\cv08\lpcxpresso55s69_hello_world\board" -I"C:\Temp\MKS\cv08\lpcxpresso55s69_hello_world\component\serial_manager" -I"C:\Temp\MKS\cv08\lpcxpresso55s69_hello_world\source" -I"C:\Temp\MKS\cv08\lpcxpresso55s69_hello_world\utilities" -I"C:\Temp\MKS\cv08\lpcxpresso55s69_hello_world\drivers" -I"C:\Temp\MKS\cv08\lpcxpresso55s69_hello_world\device" -I"C:\Temp\MKS\cv08\lpcxpresso55s69_hello_world\startup" -I"C:\Temp\MKS\cv08\lpcxpresso55s69_hello_world\component\uart" -I"C:\Temp\MKS\cv08\lpcxpresso55s69_hello_world\component\lists" -I"C:\Temp\MKS\cv08\lpcxpresso55s69_hello_world\CMSIS" -I"C:\Temp\MKS\cv08\lpcxpresso55s69_hello_world\board" -O0 -fno-common -g3 -mcpu=cortex-m33 -c -ffunction-sections -fdata-sections -ffreestanding -fno-builtin -fmerge-constants -fmacro-prefix-map="../drivers/"= -mcpu=cortex-m33 -mfpu=fpv5-sp-d16 -mfloat-abi=hard -mthumb -D__REDLIB__ -fstack-usage -specs=redlib.specs -MMD -MP -MF"drivers/fsl_i2c.d" -MT"drivers/fsl_i2c.o" -MT"drivers/fsl_i2c.d" -o "drivers/fsl_i2c.o" "../drivers/fsl_i2c.c"
Finished building: ../drivers/fsl_ctimer.c
 
Finished building: ../drivers/fsl_flexcomm.c
Building file: ../drivers/fsl_power.c
 
Invoking: MCU C Compiler
Building file: ../drivers/fsl_powerquad_basic.c
arm-none-eabi-gcc -std=gnu99 -D__REDLIB__ -DCPU_LPC55S69JBD100 -DCPU_LPC55S69JBD100_cm33 -DCPU_LPC55S69JBD100_cm33_core0 -DMCUXPRESSO_SDK -DSDK_DEBUGCONSOLE=1 -DCR_INTEGER_PRINTF -DPRINTF_FLOAT_ENABLE=1 -D__MCUXPRESSO -D__USE_CMSIS -DDEBUG -DSDK_OS_BAREMETAL -DSERIAL_PORT_TYPE_UART=1 -I"C:\Temp\MKS\cv08\lpcxpresso55s69_hello_world\utilities" -I"C:\Temp\MKS\cv08\lpcxpresso55s69_hello_world\drivers" -I"C:\Temp\MKS\cv08\lpcxpresso55s69_hello_world\device" -I"C:\Temp\MKS\cv08\lpcxpresso55s69_hello_world\startup" -I"C:\Temp\MKS\cv08\lpcxpresso55s69_hello_world\component\uart" -I"C:\Temp\MKS\cv08\lpcxpresso55s69_hello_world\component\lists" -I"C:\Temp\MKS\cv08\lpcxpresso55s69_hello_world\CMSIS" -I"C:\Temp\MKS\cv08\lpcxpresso55s69_hello_world\board" -I"C:\Temp\MKS\cv08\lpcxpresso55s69_hello_world\component\serial_manager" -I"C:\Temp\MKS\cv08\lpcxpresso55s69_hello_world\source" -I"C:\Temp\MKS\cv08\lpcxpresso55s69_hello_world\utilities" -I"C:\Temp\MKS\cv08\lpcxpresso55s69_hello_world\drivers" -I"C:\Temp\MKS\cv08\lpcxpresso55s69_hello_world\device" -I"C:\Temp\MKS\cv08\lpcxpresso55s69_hello_world\startup" -I"C:\Temp\MKS\cv08\lpcxpresso55s69_hello_world\component\uart" -I"C:\Temp\MKS\cv08\lpcxpresso55s69_hello_world\component\lists" -I"C:\Temp\MKS\cv08\lpcxpresso55s69_hello_world\CMSIS" -I"C:\Temp\MKS\cv08\lpcxpresso55s69_hello_world\board" -O0 -fno-common -g3 -mcpu=cortex-m33 -c -ffunction-sections -fdata-sections -ffreestanding -fno-builtin -fmerge-constants -fmacro-prefix-map="../drivers/"= -mcpu=cortex-m33 -mfpu=fpv5-sp-d16 -mfloat-abi=hard -mthumb -D__REDLIB__ -fstack-usage -specs=redlib.specs -MMD -MP -MF"drivers/fsl_power.d" -MT"drivers/fsl_power.o" -MT"drivers/fsl_power.d" -o "drivers/fsl_power.o" "../drivers/fsl_power.c"
Invoking: MCU C Compiler
arm-none-eabi-gcc -std=gnu99 -D__REDLIB__ -DCPU_LPC55S69JBD100 -DCPU_LPC55S69JBD100_cm33 -DCPU_LPC55S69JBD100_cm33_core0 -DMCUXPRESSO_SDK -DSDK_DEBUGCONSOLE=1 -DCR_INTEGER_PRINTF -DPRINTF_FLOAT_ENABLE=1 -D__MCUXPRESSO -D__USE_CMSIS -DDEBUG -DSDK_OS_BAREMETAL -DSERIAL_PORT_TYPE_UART=1 -I"C:\Temp\MKS\cv08\lpcxpresso55s69_hello_world\utilities" -I"C:\Temp\MKS\cv08\lpcxpresso55s69_hello_world\drivers" -I"C:\Temp\MKS\cv08\lpcxpresso55s69_hello_world\device" -I"C:\Temp\MKS\cv08\lpcxpresso55s69_hello_world\startup" -I"C:\Temp\MKS\cv08\lpcxpresso55s69_hello_world\component\uart" -I"C:\Temp\MKS\cv08\lpcxpresso55s69_hello_world\component\lists" -I"C:\Temp\MKS\cv08\lpcxpresso55s69_hello_world\CMSIS" -I"C:\Temp\MKS\cv08\lpcxpresso55s69_hello_world\board" -I"C:\Temp\MKS\cv08\lpcxpresso55s69_hello_world\component\serial_manager" -I"C:\Temp\MKS\cv08\lpcxpresso55s69_hello_world\source" -I"C:\Temp\MKS\cv08\lpcxpresso55s69_hello_world\utilities" -I"C:\Temp\MKS\cv08\lpcxpresso55s69_hello_world\drivers" -I"C:\Temp\MKS\cv08\lpcxpresso55s69_hello_world\device" -I"C:\Temp\MKS\cv08\lpcxpresso55s69_hello_world\startup" -I"C:\Temp\MKS\cv08\lpcxpresso55s69_hello_world\component\uart" -I"C:\Temp\MKS\cv08\lpcxpresso55s69_hello_world\component\lists" -I"C:\Temp\MKS\cv08\lpcxpresso55s69_hello_world\CMSIS" -I"C:\Temp\MKS\cv08\lpcxpresso55s69_hello_world\board" -O0 -fno-common -g3 -mcpu=cortex-m33 -c -ffunction-sections -fdata-sections -ffreestanding -fno-builtin -fmerge-constants -fmacro-prefix-map="../drivers/"= -mcpu=cortex-m33 -mfpu=fpv5-sp-d16 -mfloat-abi=hard -mthumb -D__REDLIB__ -fstack-usage -specs=redlib.specs -MMD -MP -MF"drivers/fsl_powerquad_basic.d" -MT"drivers/fsl_powerquad_basic.o" -MT"drivers/fsl_powerquad_basic.d" -o "drivers/fsl_powerquad_basic.o" "../drivers/fsl_powerquad_basic.c"
Finished building: ../drivers/fsl_gpio.c
 
Building file: ../drivers/fsl_powerquad_data.c
Invoking: MCU C Compiler
arm-none-eabi-gcc -std=gnu99 -D__REDLIB__ -DCPU_LPC55S69JBD100 -DCPU_LPC55S69JBD100_cm33 -DCPU_LPC55S69JBD100_cm33_core0 -DMCUXPRESSO_SDK -DSDK_DEBUGCONSOLE=1 -DCR_INTEGER_PRINTF -DPRINTF_FLOAT_ENABLE=1 -D__MCUXPRESSO -D__USE_CMSIS -DDEBUG -DSDK_OS_BAREMETAL -DSERIAL_PORT_TYPE_UART=1 -I"C:\Temp\MKS\cv08\lpcxpresso55s69_hello_world\utilities" -I"C:\Temp\MKS\cv08\lpcxpresso55s69_hello_world\drivers" -I"C:\Temp\MKS\cv08\lpcxpresso55s69_hello_world\device" -I"C:\Temp\MKS\cv08\lpcxpresso55s69_hello_world\startup" -I"C:\Temp\MKS\cv08\lpcxpresso55s69_hello_world\component\uart" -I"C:\Temp\MKS\cv08\lpcxpresso55s69_hello_world\component\lists" -I"C:\Temp\MKS\cv08\lpcxpresso55s69_hello_world\CMSIS" -I"C:\Temp\MKS\cv08\lpcxpresso55s69_hello_world\board" -I"C:\Temp\MKS\cv08\lpcxpresso55s69_hello_world\component\serial_manager" -I"C:\Temp\MKS\cv08\lpcxpresso55s69_hello_world\source" -I"C:\Temp\MKS\cv08\lpcxpresso55s69_hello_world\utilities" -I"C:\Temp\MKS\cv08\lpcxpresso55s69_hello_world\drivers" -I"C:\Temp\MKS\cv08\lpcxpresso55s69_hello_world\device" -I"C:\Temp\MKS\cv08\lpcxpresso55s69_hello_world\startup" -I"C:\Temp\MKS\cv08\lpcxpresso55s69_hello_world\component\uart" -I"C:\Temp\MKS\cv08\lpcxpresso55s69_hello_world\component\lists" -I"C:\Temp\MKS\cv08\lpcxpresso55s69_hello_world\CMSIS" -I"C:\Temp\MKS\cv08\lpcxpresso55s69_hello_world\board" -O0 -fno-common -g3 -mcpu=cortex-m33 -c -ffunction-sections -fdata-sections -ffreestanding -fno-builtin -fmerge-constants -fmacro-prefix-map="../drivers/"= -mcpu=cortex-m33 -mfpu=fpv5-sp-d16 -mfloat-abi=hard -mthumb -D__REDLIB__ -fstack-usage -specs=redlib.specs -MMD -MP -MF"drivers/fsl_powerquad_data.d" -MT"drivers/fsl_powerquad_data.o" -MT"drivers/fsl_powerquad_data.d" -o "drivers/fsl_powerquad_data.o" "../drivers/fsl_powerquad_data.c"
Finished building: ../drivers/fsl_i2c.c
 
Building file: ../drivers/fsl_powerquad_filter.c
Finished building: ../drivers/fsl_powerquad_data.c
 
Invoking: MCU C Compiler
arm-none-eabi-gcc -std=gnu99 -D__REDLIB__ -DCPU_LPC55S69JBD100 -DCPU_LPC55S69JBD100_cm33 -DCPU_LPC55S69JBD100_cm33_core0 -DMCUXPRESSO_SDK -DSDK_DEBUGCONSOLE=1 -DCR_INTEGER_PRINTF -DPRINTF_FLOAT_ENABLE=1 -D__MCUXPRESSO -D__USE_CMSIS -DDEBUG -DSDK_OS_BAREMETAL -DSERIAL_PORT_TYPE_UART=1 -I"C:\Temp\MKS\cv08\lpcxpresso55s69_hello_world\utilities" -I"C:\Temp\MKS\cv08\lpcxpresso55s69_hello_world\drivers" -I"C:\Temp\MKS\cv08\lpcxpresso55s69_hello_world\device" -I"C:\Temp\MKS\cv08\lpcxpresso55s69_hello_world\startup" -I"C:\Temp\MKS\cv08\lpcxpresso55s69_hello_world\component\uart" -I"C:\Temp\MKS\cv08\lpcxpresso55s69_hello_world\component\lists" -I"C:\Temp\MKS\cv08\lpcxpresso55s69_hello_world\CMSIS" -I"C:\Temp\MKS\cv08\lpcxpresso55s69_hello_world\board" -I"C:\Temp\MKS\cv08\lpcxpresso55s69_hello_world\component\serial_manager" -I"C:\Temp\MKS\cv08\lpcxpresso55s69_hello_world\source" -I"C:\Temp\MKS\cv08\lpcxpresso55s69_hello_world\utilities" -I"C:\Temp\MKS\cv08\lpcxpresso55s69_hello_world\drivers" -I"C:\Temp\MKS\cv08\lpcxpresso55s69_hello_world\device" -I"C:\Temp\MKS\cv08\lpcxpresso55s69_hello_world\startup" -I"C:\Temp\MKS\cv08\lpcxpresso55s69_hello_world\component\uart" -I"C:\Temp\MKS\cv08\lpcxpresso55s69_hello_world\component\lists" -I"C:\Temp\MKS\cv08\lpcxpresso55s69_hello_world\CMSIS" -I"C:\Temp\MKS\cv08\lpcxpresso55s69_hello_world\board" -O0 -fno-common -g3 -mcpu=cortex-m33 -c -ffunction-sections -fdata-sections -ffreestanding -fno-builtin -fmerge-constants -fmacro-prefix-map="../drivers/"= -mcpu=cortex-m33 -mfpu=fpv5-sp-d16 -mfloat-abi=hard -mthumb -D__REDLIB__ -fstack-usage -specs=redlib.specs -MMD -MP -MF"drivers/fsl_powerquad_filter.d" -MT"drivers/fsl_powerquad_filter.o" -MT"drivers/fsl_powerquad_filter.d" -o "drivers/fsl_powerquad_filter.o" "../drivers/fsl_powerquad_filter.c"
Building file: ../drivers/fsl_powerquad_math.c
Invoking: MCU C Compiler
Finished building: ../drivers/fsl_powerquad_basic.c
arm-none-eabi-gcc -std=gnu99 -D__REDLIB__ -DCPU_LPC55S69JBD100 -DCPU_LPC55S69JBD100_cm33 -DCPU_LPC55S69JBD100_cm33_core0 -DMCUXPRESSO_SDK -DSDK_DEBUGCONSOLE=1 -DCR_INTEGER_PRINTF -DPRINTF_FLOAT_ENABLE=1 -D__MCUXPRESSO -D__USE_CMSIS -DDEBUG -DSDK_OS_BAREMETAL -DSERIAL_PORT_TYPE_UART=1 -I"C:\Temp\MKS\cv08\lpcxpresso55s69_hello_world\utilities" -I"C:\Temp\MKS\cv08\lpcxpresso55s69_hello_world\drivers" -I"C:\Temp\MKS\cv08\lpcxpresso55s69_hello_world\device" -I"C:\Temp\MKS\cv08\lpcxpresso55s69_hello_world\startup" -I"C:\Temp\MKS\cv08\lpcxpresso55s69_hello_world\component\uart" -I"C:\Temp\MKS\cv08\lpcxpresso55s69_hello_world\component\lists" -I"C:\Temp\MKS\cv08\lpcxpresso55s69_hello_world\CMSIS" -I"C:\Temp\MKS\cv08\lpcxpresso55s69_hello_world\board" -I"C:\Temp\MKS\cv08\lpcxpresso55s69_hello_world\component\serial_manager" -I"C:\Temp\MKS\cv08\lpcxpresso55s69_hello_world\source" -I"C:\Temp\MKS\cv08\lpcxpresso55s69_hello_world\utilities" -I"C:\Temp\MKS\cv08\lpcxpresso55s69_hello_world\drivers" -I"C:\Temp\MKS\cv08\lpcxpresso55s69_hello_world\device" -I"C:\Temp\MKS\cv08\lpcxpresso55s69_hello_world\startup" -I"C:\Temp\MKS\cv08\lpcxpresso55s69_hello_world\component\uart" -I"C:\Temp\MKS\cv08\lpcxpresso55s69_hello_world\component\lists" -I"C:\Temp\MKS\cv08\lpcxpresso55s69_hello_world\CMSIS" -I"C:\Temp\MKS\cv08\lpcxpresso55s69_hello_world\board" -O0 -fno-common -g3 -mcpu=cortex-m33 -c -ffunction-sections -fdata-sections -ffreestanding -fno-builtin -fmerge-constants -fmacro-prefix-map="../drivers/"= -mcpu=cortex-m33 -mfpu=fpv5-sp-d16 -mfloat-abi=hard -mthumb -D__REDLIB__ -fstack-usage -specs=redlib.specs -MMD -MP -MF"drivers/fsl_powerquad_math.d" -MT"drivers/fsl_powerquad_math.o" -MT"drivers/fsl_powerquad_math.d" -o "drivers/fsl_powerquad_math.o" "../drivers/fsl_powerquad_math.c"
 
Finished building: ../drivers/fsl_power.c
Building file: ../drivers/fsl_powerquad_matrix.c
 
Invoking: MCU C Compiler
arm-none-eabi-gcc -std=gnu99 -D__REDLIB__ -DCPU_LPC55S69JBD100 -DCPU_LPC55S69JBD100_cm33 -DCPU_LPC55S69JBD100_cm33_core0 -DMCUXPRESSO_SDK -DSDK_DEBUGCONSOLE=1 -DCR_INTEGER_PRINTF -DPRINTF_FLOAT_ENABLE=1 -D__MCUXPRESSO -D__USE_CMSIS -DDEBUG -DSDK_OS_BAREMETAL -DSERIAL_PORT_TYPE_UART=1 -I"C:\Temp\MKS\cv08\lpcxpresso55s69_hello_world\utilities" -I"C:\Temp\MKS\cv08\lpcxpresso55s69_hello_world\drivers" -I"C:\Temp\MKS\cv08\lpcxpresso55s69_hello_world\device" -I"C:\Temp\MKS\cv08\lpcxpresso55s69_hello_world\startup" -I"C:\Temp\MKS\cv08\lpcxpresso55s69_hello_world\component\uart" -I"C:\Temp\MKS\cv08\lpcxpresso55s69_hello_world\component\lists" -I"C:\Temp\MKS\cv08\lpcxpresso55s69_hello_world\CMSIS" -I"C:\Temp\MKS\cv08\lpcxpresso55s69_hello_world\board" -I"C:\Temp\MKS\cv08\lpcxpresso55s69_hello_world\component\serial_manager" -I"C:\Temp\MKS\cv08\lpcxpresso55s69_hello_world\source" -I"C:\Temp\MKS\cv08\lpcxpresso55s69_hello_world\utilities" -I"C:\Temp\MKS\cv08\lpcxpresso55s69_hello_world\drivers" -I"C:\Temp\MKS\cv08\lpcxpresso55s69_hello_world\device" -I"C:\Temp\MKS\cv08\lpcxpresso55s69_hello_world\startup" -I"C:\Temp\MKS\cv08\lpcxpresso55s69_hello_world\component\uart" -I"C:\Temp\MKS\cv08\lpcxpresso55s69_hello_world\component\lists" -I"C:\Temp\MKS\cv08\lpcxpresso55s69_hello_world\CMSIS" -I"C:\Temp\MKS\cv08\lpcxpresso55s69_hello_world\board" -O0 -fno-common -g3 -mcpu=cortex-m33 -c -ffunction-sections -fdata-sections -ffreestanding -fno-builtin -fmerge-constants -fmacro-prefix-map="../drivers/"= -mcpu=cortex-m33 -mfpu=fpv5-sp-d16 -mfloat-abi=hard -mthumb -D__REDLIB__ -fstack-usage -specs=redlib.specs -MMD -MP -MF"drivers/fsl_powerquad_matrix.d" -MT"drivers/fsl_powerquad_matrix.o" -MT"drivers/fsl_powerquad_matrix.d" -o "drivers/fsl_powerquad_matrix.o" "../drivers/fsl_powerquad_matrix.c"
Building file: ../drivers/fsl_powerquad_transform.c
Invoking: MCU C Compiler
arm-none-eabi-gcc -std=gnu99 -D__REDLIB__ -DCPU_LPC55S69JBD100 -DCPU_LPC55S69JBD100_cm33 -DCPU_LPC55S69JBD100_cm33_core0 -DMCUXPRESSO_SDK -DSDK_DEBUGCONSOLE=1 -DCR_INTEGER_PRINTF -DPRINTF_FLOAT_ENABLE=1 -D__MCUXPRESSO -D__USE_CMSIS -DDEBUG -DSDK_OS_BAREMETAL -DSERIAL_PORT_TYPE_UART=1 -I"C:\Temp\MKS\cv08\lpcxpresso55s69_hello_world\utilities" -I"C:\Temp\MKS\cv08\lpcxpresso55s69_hello_world\drivers" -I"C:\Temp\MKS\cv08\lpcxpresso55s69_hello_world\device" -I"C:\Temp\MKS\cv08\lpcxpresso55s69_hello_world\startup" -I"C:\Temp\MKS\cv08\lpcxpresso55s69_hello_world\component\uart" -I"C:\Temp\MKS\cv08\lpcxpresso55s69_hello_world\component\lists" -I"C:\Temp\MKS\cv08\lpcxpresso55s69_hello_world\CMSIS" -I"C:\Temp\MKS\cv08\lpcxpresso55s69_hello_world\board" -I"C:\Temp\MKS\cv08\lpcxpresso55s69_hello_world\component\serial_manager" -I"C:\Temp\MKS\cv08\lpcxpresso55s69_hello_world\source" -I"C:\Temp\MKS\cv08\lpcxpresso55s69_hello_world\utilities" -I"C:\Temp\MKS\cv08\lpcxpresso55s69_hello_world\drivers" -I"C:\Temp\MKS\cv08\lpcxpresso55s69_hello_world\device" -I"C:\Temp\MKS\cv08\lpcxpresso55s69_hello_world\startup" -I"C:\Temp\MKS\cv08\lpcxpresso55s69_hello_world\component\uart" -I"C:\Temp\MKS\cv08\lpcxpresso55s69_hello_world\component\lists" -I"C:\Temp\MKS\cv08\lpcxpresso55s69_hello_world\CMSIS" -I"C:\Temp\MKS\cv08\lpcxpresso55s69_hello_world\board" -O0 -fno-common -g3 -mcpu=cortex-m33 -c -ffunction-sections -fdata-sections -ffreestanding -fno-builtin -fmerge-constants -fmacro-prefix-map="../drivers/"= -mcpu=cortex-m33 -mfpu=fpv5-sp-d16 -mfloat-abi=hard -mthumb -D__REDLIB__ -fstack-usage -specs=redlib.specs -MMD -MP -MF"drivers/fsl_powerquad_transform.d" -MT"drivers/fsl_powerquad_transform.o" -MT"drivers/fsl_powerquad_transform.d" -o "drivers/fsl_powerquad_transform.o" "../drivers/fsl_powerquad_transform.c"
Finished building: ../drivers/fsl_powerquad_filter.c
 
Building file: ../drivers/fsl_reset.c
Finished building: ../drivers/fsl_powerquad_matrix.c
Finished building: ../drivers/fsl_powerquad_transform.c
Invoking: MCU C Compiler
arm-none-eabi-gcc -std=gnu99 -D__REDLIB__ -DCPU_LPC55S69JBD100 -DCPU_LPC55S69JBD100_cm33 -DCPU_LPC55S69JBD100_cm33_core0 -DMCUXPRESSO_SDK -DSDK_DEBUGCONSOLE=1 -DCR_INTEGER_PRINTF -DPRINTF_FLOAT_ENABLE=1 -D__MCUXPRESSO -D__USE_CMSIS -DDEBUG -DSDK_OS_BAREMETAL -DSERIAL_PORT_TYPE_UART=1 -I"C:\Temp\MKS\cv08\lpcxpresso55s69_hello_world\utilities" -I"C:\Temp\MKS\cv08\lpcxpresso55s69_hello_world\drivers" -I"C:\Temp\MKS\cv08\lpcxpresso55s69_hello_world\device" -I"C:\Temp\MKS\cv08\lpcxpresso55s69_hello_world\startup" -I"C:\Temp\MKS\cv08\lpcxpresso55s69_hello_world\component\uart" -I"C:\Temp\MKS\cv08\lpcxpresso55s69_hello_world\component\lists" -I"C:\Temp\MKS\cv08\lpcxpresso55s69_hello_world\CMSIS" -I"C:\Temp\MKS\cv08\lpcxpresso55s69_hello_world\board" -I"C:\Temp\MKS\cv08\lpcxpresso55s69_hello_world\component\serial_manager" -I"C:\Temp\MKS\cv08\lpcxpresso55s69_hello_world\source" -I"C:\Temp\MKS\cv08\lpcxpresso55s69_hello_world\utilities" -I"C:\Temp\MKS\cv08\lpcxpresso55s69_hello_world\drivers" -I"C:\Temp\MKS\cv08\lpcxpresso55s69_hello_world\device" -I"C:\Temp\MKS\cv08\lpcxpresso55s69_hello_world\startup" -I"C:\Temp\MKS\cv08\lpcxpresso55s69_hello_world\component\uart" -I"C:\Temp\MKS\cv08\lpcxpresso55s69_hello_world\component\lists" -I"C:\Temp\MKS\cv08\lpcxpresso55s69_hello_world\CMSIS" -I"C:\Temp\MKS\cv08\lpcxpresso55s69_hello_world\board" -O0 -fno-common -g3 -mcpu=cortex-m33 -c -ffunction-sections -fdata-sections -ffreestanding -fno-builtin -fmerge-constants -fmacro-prefix-map="../drivers/"= -mcpu=cortex-m33 -mfpu=fpv5-sp-d16 -mfloat-abi=hard -mthumb -D__REDLIB__ -fstack-usage -specs=redlib.specs -MMD -MP -MF"drivers/fsl_reset.d" -MT"drivers/fsl_reset.o" -MT"drivers/fsl_reset.d" -o "drivers/fsl_reset.o" "../drivers/fsl_reset.c"
 
 
Building file: ../drivers/fsl_usart.c
Building file: ../device/system_LPC55S69_cm33_core0.c
Invoking: MCU C Compiler
Invoking: MCU C Compiler
arm-none-eabi-gcc -std=gnu99 -D__REDLIB__ -DCPU_LPC55S69JBD100 -DCPU_LPC55S69JBD100_cm33 -DCPU_LPC55S69JBD100_cm33_core0 -DMCUXPRESSO_SDK -DSDK_DEBUGCONSOLE=1 -DCR_INTEGER_PRINTF -DPRINTF_FLOAT_ENABLE=1 -D__MCUXPRESSO -D__USE_CMSIS -DDEBUG -DSDK_OS_BAREMETAL -DSERIAL_PORT_TYPE_UART=1 -I"C:\Temp\MKS\cv08\lpcxpresso55s69_hello_world\utilities" -I"C:\Temp\MKS\cv08\lpcxpresso55s69_hello_world\drivers" -I"C:\Temp\MKS\cv08\lpcxpresso55s69_hello_world\device" -I"C:\Temp\MKS\cv08\lpcxpresso55s69_hello_world\startup" -I"C:\Temp\MKS\cv08\lpcxpresso55s69_hello_world\component\uart" -I"C:\Temp\MKS\cv08\lpcxpresso55s69_hello_world\component\lists" -I"C:\Temp\MKS\cv08\lpcxpresso55s69_hello_world\CMSIS" -I"C:\Temp\MKS\cv08\lpcxpresso55s69_hello_world\board" -I"C:\Temp\MKS\cv08\lpcxpresso55s69_hello_world\component\serial_manager" -I"C:\Temp\MKS\cv08\lpcxpresso55s69_hello_world\source" -I"C:\Temp\MKS\cv08\lpcxpresso55s69_hello_world\utilities" -I"C:\Temp\MKS\cv08\lpcxpresso55s69_hello_world\drivers" -I"C:\Temp\MKS\cv08\lpcxpresso55s69_hello_world\device" -I"C:\Temp\MKS\cv08\lpcxpresso55s69_hello_world\startup" -I"C:\Temp\MKS\cv08\lpcxpresso55s69_hello_world\component\uart" -I"C:\Temp\MKS\cv08\lpcxpresso55s69_hello_world\component\lists" -I"C:\Temp\MKS\cv08\lpcxpresso55s69_hello_world\CMSIS" -I"C:\Temp\MKS\cv08\lpcxpresso55s69_hello_world\board" -O0 -fno-common -g3 -mcpu=cortex-m33 -c -ffunction-sections -fdata-sections -ffreestanding -fno-builtin -fmerge-constants -fmacro-prefix-map="../drivers/"= -mcpu=cortex-m33 -mfpu=fpv5-sp-d16 -mfloat-abi=hard -mthumb -D__REDLIB__ -fstack-usage -specs=redlib.specs -MMD -MP -MF"drivers/fsl_usart.d" -MT"drivers/fsl_usart.o" -MT"drivers/fsl_usart.d" -o "drivers/fsl_usart.o" "../drivers/fsl_usart.c"
Finished building: ../drivers/fsl_powerquad_math.c
arm-none-eabi-gcc -std=gnu99 -D__REDLIB__ -DCPU_LPC55S69JBD100 -DCPU_LPC55S69JBD100_cm33 -DCPU_LPC55S69JBD100_cm33_core0 -DMCUXPRESSO_SDK -DSDK_DEBUGCONSOLE=1 -DCR_INTEGER_PRINTF -DPRINTF_FLOAT_ENABLE=1 -D__MCUXPRESSO -D__USE_CMSIS -DDEBUG -DSDK_OS_BAREMETAL -DSERIAL_PORT_TYPE_UART=1 -I"C:\Temp\MKS\cv08\lpcxpresso55s69_hello_world\utilities" -I"C:\Temp\MKS\cv08\lpcxpresso55s69_hello_world\drivers" -I"C:\Temp\MKS\cv08\lpcxpresso55s69_hello_world\device" -I"C:\Temp\MKS\cv08\lpcxpresso55s69_hello_world\startup" -I"C:\Temp\MKS\cv08\lpcxpresso55s69_hello_world\component\uart" -I"C:\Temp\MKS\cv08\lpcxpresso55s69_hello_world\component\lists" -I"C:\Temp\MKS\cv08\lpcxpresso55s69_hello_world\CMSIS" -I"C:\Temp\MKS\cv08\lpcxpresso55s69_hello_world\board" -I"C:\Temp\MKS\cv08\lpcxpresso55s69_hello_world\component\serial_manager" -I"C:\Temp\MKS\cv08\lpcxpresso55s69_hello_world\source" -I"C:\Temp\MKS\cv08\lpcxpresso55s69_hello_world\utilities" -I"C:\Temp\MKS\cv08\lpcxpresso55s69_hello_world\drivers" -I"C:\Temp\MKS\cv08\lpcxpresso55s69_hello_world\device" -I"C:\Temp\MKS\cv08\lpcxpresso55s69_hello_world\startup" -I"C:\Temp\MKS\cv08\lpcxpresso55s69_hello_world\component\uart" -I"C:\Temp\MKS\cv08\lpcxpresso55s69_hello_world\component\lists" -I"C:\Temp\MKS\cv08\lpcxpresso55s69_hello_world\CMSIS" -I"C:\Temp\MKS\cv08\lpcxpresso55s69_hello_world\board" -O0 -fno-common -g3 -mcpu=cortex-m33 -c -ffunction-sections -fdata-sections -ffreestanding -fno-builtin -fmerge-constants -fmacro-prefix-map="../device/"= -mcpu=cortex-m33 -mfpu=fpv5-sp-d16 -mfloat-abi=hard -mthumb -D__REDLIB__ -fstack-usage -specs=redlib.specs -MMD -MP -MF"device/system_LPC55S69_cm33_core0.d" -MT"device/system_LPC55S69_cm33_core0.o" -MT"device/system_LPC55S69_cm33_core0.d" -o "device/system_LPC55S69_cm33_core0.o" "../device/system_LPC55S69_cm33_core0.c"
 
Building file: ../component/uart/fsl_adapter_usart.c
Invoking: MCU C Compiler
arm-none-eabi-gcc -std=gnu99 -D__REDLIB__ -DCPU_LPC55S69JBD100 -DCPU_LPC55S69JBD100_cm33 -DCPU_LPC55S69JBD100_cm33_core0 -DMCUXPRESSO_SDK -DSDK_DEBUGCONSOLE=1 -DCR_INTEGER_PRINTF -DPRINTF_FLOAT_ENABLE=1 -D__MCUXPRESSO -D__USE_CMSIS -DDEBUG -DSDK_OS_BAREMETAL -DSERIAL_PORT_TYPE_UART=1 -I"C:\Temp\MKS\cv08\lpcxpresso55s69_hello_world\utilities" -I"C:\Temp\MKS\cv08\lpcxpresso55s69_hello_world\drivers" -I"C:\Temp\MKS\cv08\lpcxpresso55s69_hello_world\device" -I"C:\Temp\MKS\cv08\lpcxpresso55s69_hello_world\startup" -I"C:\Temp\MKS\cv08\lpcxpresso55s69_hello_world\component\uart" -I"C:\Temp\MKS\cv08\lpcxpresso55s69_hello_world\component\lists" -I"C:\Temp\MKS\cv08\lpcxpresso55s69_hello_world\CMSIS" -I"C:\Temp\MKS\cv08\lpcxpresso55s69_hello_world\board" -I"C:\Temp\MKS\cv08\lpcxpresso55s69_hello_world\component\serial_manager" -I"C:\Temp\MKS\cv08\lpcxpresso55s69_hello_world\source" -I"C:\Temp\MKS\cv08\lpcxpresso55s69_hello_world\utilities" -I"C:\Temp\MKS\cv08\lpcxpresso55s69_hello_world\drivers" -I"C:\Temp\MKS\cv08\lpcxpresso55s69_hello_world\device" -I"C:\Temp\MKS\cv08\lpcxpresso55s69_hello_world\startup" -I"C:\Temp\MKS\cv08\lpcxpresso55s69_hello_world\component\uart" -I"C:\Temp\MKS\cv08\lpcxpresso55s69_hello_world\component\lists" -I"C:\Temp\MKS\cv08\lpcxpresso55s69_hello_world\CMSIS" -I"C:\Temp\MKS\cv08\lpcxpresso55s69_hello_world\board" -O0 -fno-common -g3 -mcpu=cortex-m33 -c -ffunction-sections -fdata-sections -ffreestanding -fno-builtin -fmerge-constants -fmacro-prefix-map="../component/uart/"= -mcpu=cortex-m33 -mfpu=fpv5-sp-d16 -mfloat-abi=hard -mthumb -D__REDLIB__ -fstack-usage -specs=redlib.specs -MMD -MP -MF"component/uart/fsl_adapter_usart.d" -MT"component/uart/fsl_adapter_usart.o" -MT"component/uart/fsl_adapter_usart.d" -o "component/uart/fsl_adapter_usart.o" "../component/uart/fsl_adapter_usart.c"
Finished building: ../drivers/fsl_reset.c
 
Building file: ../component/serial_manager/fsl_component_serial_manager.c
Invoking: MCU C Compiler
arm-none-eabi-gcc -std=gnu99 -D__REDLIB__ -DCPU_LPC55S69JBD100 -DCPU_LPC55S69JBD100_cm33 -DCPU_LPC55S69JBD100_cm33_core0 -DMCUXPRESSO_SDK -DSDK_DEBUGCONSOLE=1 -DCR_INTEGER_PRINTF -DPRINTF_FLOAT_ENABLE=1 -D__MCUXPRESSO -D__USE_CMSIS -DDEBUG -DSDK_OS_BAREMETAL -DSERIAL_PORT_TYPE_UART=1 -I"C:\Temp\MKS\cv08\lpcxpresso55s69_hello_world\utilities" -I"C:\Temp\MKS\cv08\lpcxpresso55s69_hello_world\drivers" -I"C:\Temp\MKS\cv08\lpcxpresso55s69_hello_world\device" -I"C:\Temp\MKS\cv08\lpcxpresso55s69_hello_world\startup" -I"C:\Temp\MKS\cv08\lpcxpresso55s69_hello_world\component\uart" -I"C:\Temp\MKS\cv08\lpcxpresso55s69_hello_world\component\lists" -I"C:\Temp\MKS\cv08\lpcxpresso55s69_hello_world\CMSIS" -I"C:\Temp\MKS\cv08\lpcxpresso55s69_hello_world\board" -I"C:\Temp\MKS\cv08\lpcxpresso55s69_hello_world\component\serial_manager" -I"C:\Temp\MKS\cv08\lpcxpresso55s69_hello_world\source" -I"C:\Temp\MKS\cv08\lpcxpresso55s69_hello_world\utilities" -I"C:\Temp\MKS\cv08\lpcxpresso55s69_hello_world\drivers" -I"C:\Temp\MKS\cv08\lpcxpresso55s69_hello_world\device" -I"C:\Temp\MKS\cv08\lpcxpresso55s69_hello_world\startup" -I"C:\Temp\MKS\cv08\lpcxpresso55s69_hello_world\component\uart" -I"C:\Temp\MKS\cv08\lpcxpresso55s69_hello_world\component\lists" -I"C:\Temp\MKS\cv08\lpcxpresso55s69_hello_world\CMSIS" -I"C:\Temp\MKS\cv08\lpcxpresso55s69_hello_world\board" -O0 -fno-common -g3 -mcpu=cortex-m33 -c -ffunction-sections -fdata-sections -ffreestanding -fno-builtin -fmerge-constants -fmacro-prefix-map="../component/serial_manager/"= -mcpu=cortex-m33 -mfpu=fpv5-sp-d16 -mfloat-abi=hard -mthumb -D__REDLIB__ -fstack-usage -specs=redlib.specs -MMD -MP -MF"component/serial_manager/fsl_component_serial_manager.d" -MT"component/serial_manager/fsl_component_serial_manager.o" -MT"component/serial_manager/fsl_component_serial_manager.d" -o "component/serial_manager/fsl_component_serial_manager.o" "../component/serial_manager/fsl_component_serial_manager.c"
Finished building: ../device/system_LPC55S69_cm33_core0.c
 
Building file: ../component/serial_manager/fsl_component_serial_port_uart.c
Invoking: MCU C Compiler
arm-none-eabi-gcc -std=gnu99 -D__REDLIB__ -DCPU_LPC55S69JBD100 -DCPU_LPC55S69JBD100_cm33 -DCPU_LPC55S69JBD100_cm33_core0 -DMCUXPRESSO_SDK -DSDK_DEBUGCONSOLE=1 -DCR_INTEGER_PRINTF -DPRINTF_FLOAT_ENABLE=1 -D__MCUXPRESSO -D__USE_CMSIS -DDEBUG -DSDK_OS_BAREMETAL -DSERIAL_PORT_TYPE_UART=1 -I"C:\Temp\MKS\cv08\lpcxpresso55s69_hello_world\utilities" -I"C:\Temp\MKS\cv08\lpcxpresso55s69_hello_world\drivers" -I"C:\Temp\MKS\cv08\lpcxpresso55s69_hello_world\device" -I"C:\Temp\MKS\cv08\lpcxpresso55s69_hello_world\startup" -I"C:\Temp\MKS\cv08\lpcxpresso55s69_hello_world\component\uart" -I"C:\Temp\MKS\cv08\lpcxpresso55s69_hello_world\component\lists" -I"C:\Temp\MKS\cv08\lpcxpresso55s69_hello_world\CMSIS" -I"C:\Temp\MKS\cv08\lpcxpresso55s69_hello_world\board" -I"C:\Temp\MKS\cv08\lpcxpresso55s69_hello_world\component\serial_manager" -I"C:\Temp\MKS\cv08\lpcxpresso55s69_hello_world\source" -I"C:\Temp\MKS\cv08\lpcxpresso55s69_hello_world\utilities" -I"C:\Temp\MKS\cv08\lpcxpresso55s69_hello_world\drivers" -I"C:\Temp\MKS\cv08\lpcxpresso55s69_hello_world\device" -I"C:\Temp\MKS\cv08\lpcxpresso55s69_hello_world\startup" -I"C:\Temp\MKS\cv08\lpcxpresso55s69_hello_world\component\uart" -I"C:\Temp\MKS\cv08\lpcxpresso55s69_hello_world\component\lists" -I"C:\Temp\MKS\cv08\lpcxpresso55s69_hello_world\CMSIS" -I"C:\Temp\MKS\cv08\lpcxpresso55s69_hello_world\board" -O0 -fno-common -g3 -mcpu=cortex-m33 -c -ffunction-sections -fdata-sections -ffreestanding -fno-builtin -fmerge-constants -fmacro-prefix-map="../component/serial_manager/"= -mcpu=cortex-m33 -mfpu=fpv5-sp-d16 -mfloat-abi=hard -mthumb -D__REDLIB__ -fstack-usage -specs=redlib.specs -MMD -MP -MF"component/serial_manager/fsl_component_serial_port_uart.d" -MT"component/serial_manager/fsl_component_serial_port_uart.o" -MT"component/serial_manager/fsl_component_serial_port_uart.d" -o "component/serial_manager/fsl_component_serial_port_uart.o" "../component/serial_manager/fsl_component_serial_port_uart.c"
Finished building: ../component/uart/fsl_adapter_usart.c
 
Finished building: ../drivers/fsl_usart.c
Building file: ../component/lists/fsl_component_generic_list.c
 
Invoking: MCU C Compiler
Building file: ../board/board.c
arm-none-eabi-gcc -std=gnu99 -D__REDLIB__ -DCPU_LPC55S69JBD100 -DCPU_LPC55S69JBD100_cm33 -DCPU_LPC55S69JBD100_cm33_core0 -DMCUXPRESSO_SDK -DSDK_DEBUGCONSOLE=1 -DCR_INTEGER_PRINTF -DPRINTF_FLOAT_ENABLE=1 -D__MCUXPRESSO -D__USE_CMSIS -DDEBUG -DSDK_OS_BAREMETAL -DSERIAL_PORT_TYPE_UART=1 -I"C:\Temp\MKS\cv08\lpcxpresso55s69_hello_world\utilities" -I"C:\Temp\MKS\cv08\lpcxpresso55s69_hello_world\drivers" -I"C:\Temp\MKS\cv08\lpcxpresso55s69_hello_world\device" -I"C:\Temp\MKS\cv08\lpcxpresso55s69_hello_world\startup" -I"C:\Temp\MKS\cv08\lpcxpresso55s69_hello_world\component\uart" -I"C:\Temp\MKS\cv08\lpcxpresso55s69_hello_world\component\lists" -I"C:\Temp\MKS\cv08\lpcxpresso55s69_hello_world\CMSIS" -I"C:\Temp\MKS\cv08\lpcxpresso55s69_hello_world\board" -I"C:\Temp\MKS\cv08\lpcxpresso55s69_hello_world\component\serial_manager" -I"C:\Temp\MKS\cv08\lpcxpresso55s69_hello_world\source" -I"C:\Temp\MKS\cv08\lpcxpresso55s69_hello_world\utilities" -I"C:\Temp\MKS\cv08\lpcxpresso55s69_hello_world\drivers" -I"C:\Temp\MKS\cv08\lpcxpresso55s69_hello_world\device" -I"C:\Temp\MKS\cv08\lpcxpresso55s69_hello_world\startup" -I"C:\Temp\MKS\cv08\lpcxpresso55s69_hello_world\component\uart" -I"C:\Temp\MKS\cv08\lpcxpresso55s69_hello_world\component\lists" -I"C:\Temp\MKS\cv08\lpcxpresso55s69_hello_world\CMSIS" -I"C:\Temp\MKS\cv08\lpcxpresso55s69_hello_world\board" -O0 -fno-common -g3 -mcpu=cortex-m33 -c -ffunction-sections -fdata-sections -ffreestanding -fno-builtin -fmerge-constants -fmacro-prefix-map="../component/lists/"= -mcpu=cortex-m33 -mfpu=fpv5-sp-d16 -mfloat-abi=hard -mthumb -D__REDLIB__ -fstack-usage -specs=redlib.specs -MMD -MP -MF"component/lists/fsl_component_generic_list.d" -MT"component/lists/fsl_component_generic_list.o" -MT"component/lists/fsl_component_generic_list.d" -o "component/lists/fsl_component_generic_list.o" "../component/lists/fsl_component_generic_list.c"
Invoking: MCU C Compiler
arm-none-eabi-gcc -std=gnu99 -D__REDLIB__ -DCPU_LPC55S69JBD100 -DCPU_LPC55S69JBD100_cm33 -DCPU_LPC55S69JBD100_cm33_core0 -DMCUXPRESSO_SDK -DSDK_DEBUGCONSOLE=1 -DCR_INTEGER_PRINTF -DPRINTF_FLOAT_ENABLE=1 -D__MCUXPRESSO -D__USE_CMSIS -DDEBUG -DSDK_OS_BAREMETAL -DSERIAL_PORT_TYPE_UART=1 -I"C:\Temp\MKS\cv08\lpcxpresso55s69_hello_world\utilities" -I"C:\Temp\MKS\cv08\lpcxpresso55s69_hello_world\drivers" -I"C:\Temp\MKS\cv08\lpcxpresso55s69_hello_world\device" -I"C:\Temp\MKS\cv08\lpcxpresso55s69_hello_world\startup" -I"C:\Temp\MKS\cv08\lpcxpresso55s69_hello_world\component\uart" -I"C:\Temp\MKS\cv08\lpcxpresso55s69_hello_world\component\lists" -I"C:\Temp\MKS\cv08\lpcxpresso55s69_hello_world\CMSIS" -I"C:\Temp\MKS\cv08\lpcxpresso55s69_hello_world\board" -I"C:\Temp\MKS\cv08\lpcxpresso55s69_hello_world\component\serial_manager" -I"C:\Temp\MKS\cv08\lpcxpresso55s69_hello_world\source" -I"C:\Temp\MKS\cv08\lpcxpresso55s69_hello_world\utilities" -I"C:\Temp\MKS\cv08\lpcxpresso55s69_hello_world\drivers" -I"C:\Temp\MKS\cv08\lpcxpresso55s69_hello_world\device" -I"C:\Temp\MKS\cv08\lpcxpresso55s69_hello_world\startup" -I"C:\Temp\MKS\cv08\lpcxpresso55s69_hello_world\component\uart" -I"C:\Temp\MKS\cv08\lpcxpresso55s69_hello_world\component\lists" -I"C:\Temp\MKS\cv08\lpcxpresso55s69_hello_world\CMSIS" -I"C:\Temp\MKS\cv08\lpcxpresso55s69_hello_world\board" -O0 -fno-common -g3 -mcpu=cortex-m33 -c -ffunction-sections -fdata-sections -ffreestanding -fno-builtin -fmerge-constants -fmacro-prefix-map="../board/"= -mcpu=cortex-m33 -mfpu=fpv5-sp-d16 -mfloat-abi=hard -mthumb -D__REDLIB__ -fstack-usage -specs=redlib.specs -MMD -MP -MF"board/board.d" -MT"board/board.o" -MT"board/board.d" -o "board/board.o" "../board/board.c"
Finished building: ../component/serial_manager/fsl_component_serial_manager.c
Finished building: ../component/serial_manager/fsl_component_serial_port_uart.c
 
 
Building file: ../board/clock_config.c
Building file: ../board/peripherals.c
Invoking: MCU C Compiler
arm-none-eabi-gcc -std=gnu99 -D__REDLIB__ -DCPU_LPC55S69JBD100 -DCPU_LPC55S69JBD100_cm33 -DCPU_LPC55S69JBD100_cm33_core0 -DMCUXPRESSO_SDK -DSDK_DEBUGCONSOLE=1 -DCR_INTEGER_PRINTF -DPRINTF_FLOAT_ENABLE=1 -D__MCUXPRESSO -D__USE_CMSIS -DDEBUG -DSDK_OS_BAREMETAL -DSERIAL_PORT_TYPE_UART=1 -I"C:\Temp\MKS\cv08\lpcxpresso55s69_hello_world\utilities" -I"C:\Temp\MKS\cv08\lpcxpresso55s69_hello_world\drivers" -I"C:\Temp\MKS\cv08\lpcxpresso55s69_hello_world\device" -I"C:\Temp\MKS\cv08\lpcxpresso55s69_hello_world\startup" -I"C:\Temp\MKS\cv08\lpcxpresso55s69_hello_world\component\uart" -I"C:\Temp\MKS\cv08\lpcxpresso55s69_hello_world\component\lists" -I"C:\Temp\MKS\cv08\lpcxpresso55s69_hello_world\CMSIS" -I"C:\Temp\MKS\cv08\lpcxpresso55s69_hello_world\board" -I"C:\Temp\MKS\cv08\lpcxpresso55s69_hello_world\component\serial_manager" -I"C:\Temp\MKS\cv08\lpcxpresso55s69_hello_world\source" -I"C:\Temp\MKS\cv08\lpcxpresso55s69_hello_world\utilities" -I"C:\Temp\MKS\cv08\lpcxpresso55s69_hello_world\drivers" -I"C:\Temp\MKS\cv08\lpcxpresso55s69_hello_world\device" -I"C:\Temp\MKS\cv08\lpcxpresso55s69_hello_world\startup" -I"C:\Temp\MKS\cv08\lpcxpresso55s69_hello_world\component\uart" -I"C:\Temp\MKS\cv08\lpcxpresso55s69_hello_world\component\lists" -I"C:\Temp\MKS\cv08\lpcxpresso55s69_hello_world\CMSIS" -I"C:\Temp\MKS\cv08\lpcxpresso55s69_hello_world\board" -O0 -fno-common -g3 -mcpu=cortex-m33 -c -ffunction-sections -fdata-sections -ffreestanding -fno-builtin -fmerge-constants -fmacro-prefix-map="../board/"= -mcpu=cortex-m33 -mfpu=fpv5-sp-d16 -mfloat-abi=hard -mthumb -D__REDLIB__ -fstack-usage -specs=redlib.specs -MMD -MP -MF"board/clock_config.d" -MT"board/clock_config.o" -MT"board/clock_config.d" -o "board/clock_config.o" "../board/clock_config.c"
Invoking: MCU C Compiler
arm-none-eabi-gcc -std=gnu99 -D__REDLIB__ -DCPU_LPC55S69JBD100 -DCPU_LPC55S69JBD100_cm33 -DCPU_LPC55S69JBD100_cm33_core0 -DMCUXPRESSO_SDK -DSDK_DEBUGCONSOLE=1 -DCR_INTEGER_PRINTF -DPRINTF_FLOAT_ENABLE=1 -D__MCUXPRESSO -D__USE_CMSIS -DDEBUG -DSDK_OS_BAREMETAL -DSERIAL_PORT_TYPE_UART=1 -I"C:\Temp\MKS\cv08\lpcxpresso55s69_hello_world\utilities" -I"C:\Temp\MKS\cv08\lpcxpresso55s69_hello_world\drivers" -I"C:\Temp\MKS\cv08\lpcxpresso55s69_hello_world\device" -I"C:\Temp\MKS\cv08\lpcxpresso55s69_hello_world\startup" -I"C:\Temp\MKS\cv08\lpcxpresso55s69_hello_world\component\uart" -I"C:\Temp\MKS\cv08\lpcxpresso55s69_hello_world\component\lists" -I"C:\Temp\MKS\cv08\lpcxpresso55s69_hello_world\CMSIS" -I"C:\Temp\MKS\cv08\lpcxpresso55s69_hello_world\board" -I"C:\Temp\MKS\cv08\lpcxpresso55s69_hello_world\component\serial_manager" -I"C:\Temp\MKS\cv08\lpcxpresso55s69_hello_world\source" -I"C:\Temp\MKS\cv08\lpcxpresso55s69_hello_world\utilities" -I"C:\Temp\MKS\cv08\lpcxpresso55s69_hello_world\drivers" -I"C:\Temp\MKS\cv08\lpcxpresso55s69_hello_world\device" -I"C:\Temp\MKS\cv08\lpcxpresso55s69_hello_world\startup" -I"C:\Temp\MKS\cv08\lpcxpresso55s69_hello_world\component\uart" -I"C:\Temp\MKS\cv08\lpcxpresso55s69_hello_world\component\lists" -I"C:\Temp\MKS\cv08\lpcxpresso55s69_hello_world\CMSIS" -I"C:\Temp\MKS\cv08\lpcxpresso55s69_hello_world\board" -O0 -fno-common -g3 -mcpu=cortex-m33 -c -ffunction-sections -fdata-sections -ffreestanding -fno-builtin -fmerge-constants -fmacro-prefix-map="../board/"= -mcpu=cortex-m33 -mfpu=fpv5-sp-d16 -mfloat-abi=hard -mthumb -D__REDLIB__ -fstack-usage -specs=redlib.specs -MMD -MP -MF"board/peripherals.d" -MT"board/peripherals.o" -MT"board/peripherals.d" -o "board/peripherals.o" "../board/peripherals.c"
Finished building: ../board/board.c
Finished building: ../component/lists/fsl_component_generic_list.c
 
 
Building file: ../board/pin_mux.c
Invoking: MCU C Compiler
arm-none-eabi-gcc -std=gnu99 -D__REDLIB__ -DCPU_LPC55S69JBD100 -DCPU_LPC55S69JBD100_cm33 -DCPU_LPC55S69JBD100_cm33_core0 -DMCUXPRESSO_SDK -DSDK_DEBUGCONSOLE=1 -DCR_INTEGER_PRINTF -DPRINTF_FLOAT_ENABLE=1 -D__MCUXPRESSO -D__USE_CMSIS -DDEBUG -DSDK_OS_BAREMETAL -DSERIAL_PORT_TYPE_UART=1 -I"C:\Temp\MKS\cv08\lpcxpresso55s69_hello_world\utilities" -I"C:\Temp\MKS\cv08\lpcxpresso55s69_hello_world\drivers" -I"C:\Temp\MKS\cv08\lpcxpresso55s69_hello_world\device" -I"C:\Temp\MKS\cv08\lpcxpresso55s69_hello_world\startup" -I"C:\Temp\MKS\cv08\lpcxpresso55s69_hello_world\component\uart" -I"C:\Temp\MKS\cv08\lpcxpresso55s69_hello_world\component\lists" -I"C:\Temp\MKS\cv08\lpcxpresso55s69_hello_world\CMSIS" -I"C:\Temp\MKS\cv08\lpcxpresso55s69_hello_world\board" -I"C:\Temp\MKS\cv08\lpcxpresso55s69_hello_world\component\serial_manager" -I"C:\Temp\MKS\cv08\lpcxpresso55s69_hello_world\source" -I"C:\Temp\MKS\cv08\lpcxpresso55s69_hello_world\utilities" -I"C:\Temp\MKS\cv08\lpcxpresso55s69_hello_world\drivers" -I"C:\Temp\MKS\cv08\lpcxpresso55s69_hello_world\device" -I"C:\Temp\MKS\cv08\lpcxpresso55s69_hello_world\startup" -I"C:\Temp\MKS\cv08\lpcxpresso55s69_hello_world\component\uart" -I"C:\Temp\MKS\cv08\lpcxpresso55s69_hello_world\component\lists" -I"C:\Temp\MKS\cv08\lpcxpresso55s69_hello_world\CMSIS" -I"C:\Temp\MKS\cv08\lpcxpresso55s69_hello_world\board" -O0 -fno-common -g3 -mcpu=cortex-m33 -c -ffunction-sections -fdata-sections -ffreestanding -fno-builtin -fmerge-constants -fmacro-prefix-map="../board/"= -mcpu=cortex-m33 -mfpu=fpv5-sp-d16 -mfloat-abi=hard -mthumb -D__REDLIB__ -fstack-usage -specs=redlib.specs -MMD -MP -MF"board/pin_mux.d" -MT"board/pin_mux.o" -MT"board/pin_mux.d" -o "board/pin_mux.o" "../board/pin_mux.c"
Finished building: ../board/clock_config.c
Finished building: ../board/peripherals.c
 
 
Finished building: ../board/pin_mux.c
 
Building target: lpcxpresso55s69_hello_world.axf
Invoking: MCU Linker
arm-none-eabi-gcc -nostdlib -Xlinker -Map="lpcxpresso55s69_hello_world.map" -Xlinker --gc-sections -Xlinker -print-memory-usage -Xlinker --sort-section=alignment -Xlinker --cref -mcpu=cortex-m33 -mfpu=fpv5-sp-d16 -mfloat-abi=hard -mthumb -T lpcxpresso55s69_hello_world_Debug.ld -o "lpcxpresso55s69_hello_world.axf" ./utilities/fsl_assert.o ./utilities/fsl_debug_console.o ./utilities/fsl_str.o  ./startup/boot_multicore_slave.o ./startup/startup_lpc55s69_cm33_core0.o  ./source/hello_world.o ./source/semihost_hardfault.o  ./drivers/fsl_clock.o ./drivers/fsl_common.o ./drivers/fsl_common_arm.o ./drivers/fsl_ctimer.o ./drivers/fsl_flexcomm.o ./drivers/fsl_gpio.o ./drivers/fsl_i2c.o ./drivers/fsl_power.o ./drivers/fsl_powerquad_basic.o ./drivers/fsl_powerquad_data.o ./drivers/fsl_powerquad_filter.o ./drivers/fsl_powerquad_math.o ./drivers/fsl_powerquad_matrix.o ./drivers/fsl_powerquad_transform.o ./drivers/fsl_reset.o ./drivers/fsl_usart.o  ./device/system_LPC55S69_cm33_core0.o  ./component/uart/fsl_adapter_usart.o  ./component/serial_manager/fsl_component_serial_manager.o ./component/serial_manager/fsl_component_serial_port_uart.o  ./component/lists/fsl_component_generic_list.o  ./board/board.o ./board/clock_config.o ./board/peripherals.o ./board/pin_mux.o   
Memory region         Used Size  Region Size  %age Used
   PROGRAM_FLASH:       20452 B       630 KB      3.17%
            SRAM:        8924 B       256 KB      3.40%
           SRAMX:          0 GB        32 KB      0.00%
         USB_RAM:          0 GB        16 KB      0.00%
           SRAM4:          0 GB        16 KB      0.00%
Finished building target: lpcxpresso55s69_hello_world.axf
 
Performing post-build steps
arm-none-eabi-size "lpcxpresso55s69_hello_world.axf"; # arm-none-eabi-objcopy -v -O binary "lpcxpresso55s69_hello_world.axf" "lpcxpresso55s69_hello_world.bin" ; # checksum -p LPC55S69 -d "lpcxpresso55s69_hello_world.bin";
   text	   data	    bss	    dec	    hex	filename
  20440	     12	   8912	  29364	   72b4	lpcxpresso55s69_hello_world.axf
 
14:12:46 **** Incremental Build of configuration Debug for project lpcxpresso55s69_hello_world ****
make -r -j4 all 
Building file: ../source/hello_world.c
Building file: ../board/board.c
Invoking: MCU C Compiler
arm-none-eabi-gcc -std=gnu99 -D__REDLIB__ -DCPU_LPC55S69JBD100 -DCPU_LPC55S69JBD100_cm33 -DCPU_LPC55S69JBD100_cm33_core0 -DMCUXPRESSO_SDK -DSDK_DEBUGCONSOLE=1 -DCR_INTEGER_PRINTF -DPRINTF_FLOAT_ENABLE=1 -D__MCUXPRESSO -D__USE_CMSIS -DDEBUG -DSDK_OS_BAREMETAL -DSERIAL_PORT_TYPE_UART=1 -I"C:\Temp\MKS\cv08\lpcxpresso55s69_hello_world\utilities" -I"C:\Temp\MKS\cv08\lpcxpresso55s69_hello_world\drivers" -I"C:\Temp\MKS\cv08\lpcxpresso55s69_hello_world\device" -I"C:\Temp\MKS\cv08\lpcxpresso55s69_hello_world\startup" -I"C:\Temp\MKS\cv08\lpcxpresso55s69_hello_world\component\uart" -I"C:\Temp\MKS\cv08\lpcxpresso55s69_hello_world\component\lists" -I"C:\Temp\MKS\cv08\lpcxpresso55s69_hello_world\CMSIS" -I"C:\Temp\MKS\cv08\lpcxpresso55s69_hello_world\board" -I"C:\Temp\MKS\cv08\lpcxpresso55s69_hello_world\component\serial_manager" -I"C:\Temp\MKS\cv08\lpcxpresso55s69_hello_world\source" -I"C:\Temp\MKS\cv08\lpcxpresso55s69_hello_world\utilities" -I"C:\Temp\MKS\cv08\lpcxpresso55s69_hello_world\drivers" -I"C:\Temp\MKS\cv08\lpcxpresso55s69_hello_world\device" -I"C:\Temp\MKS\cv08\lpcxpresso55s69_hello_world\startup" -I"C:\Temp\MKS\cv08\lpcxpresso55s69_hello_world\component\uart" -I"C:\Temp\MKS\cv08\lpcxpresso55s69_hello_world\component\lists" -I"C:\Temp\MKS\cv08\lpcxpresso55s69_hello_world\CMSIS" -I"C:\Temp\MKS\cv08\lpcxpresso55s69_hello_world\board" -O0 -fno-common -g3 -mcpu=cortex-m33 -c -ffunction-sections -fdata-sections -ffreestanding -fno-builtin -fmerge-constants -fmacro-prefix-map="../source/"= -mcpu=cortex-m33 -mfpu=fpv5-sp-d16 -mfloat-abi=hard -mthumb -D__REDLIB__ -fstack-usage -specs=redlib.specs -MMD -MP -MF"source/hello_world.d" -MT"source/hello_world.o" -MT"source/hello_world.d" -o "source/hello_world.o" "../source/hello_world.c"
Invoking: MCU C Compiler
arm-none-eabi-gcc -std=gnu99 -D__REDLIB__ -DCPU_LPC55S69JBD100 -DCPU_LPC55S69JBD100_cm33 -DCPU_LPC55S69JBD100_cm33_core0 -DMCUXPRESSO_SDK -DSDK_DEBUGCONSOLE=1 -DCR_INTEGER_PRINTF -DPRINTF_FLOAT_ENABLE=1 -D__MCUXPRESSO -D__USE_CMSIS -DDEBUG -DSDK_OS_BAREMETAL -DSERIAL_PORT_TYPE_UART=1 -I"C:\Temp\MKS\cv08\lpcxpresso55s69_hello_world\utilities" -I"C:\Temp\MKS\cv08\lpcxpresso55s69_hello_world\drivers" -I"C:\Temp\MKS\cv08\lpcxpresso55s69_hello_world\device" -I"C:\Temp\MKS\cv08\lpcxpresso55s69_hello_world\startup" -I"C:\Temp\MKS\cv08\lpcxpresso55s69_hello_world\component\uart" -I"C:\Temp\MKS\cv08\lpcxpresso55s69_hello_world\component\lists" -I"C:\Temp\MKS\cv08\lpcxpresso55s69_hello_world\CMSIS" -I"C:\Temp\MKS\cv08\lpcxpresso55s69_hello_world\board" -I"C:\Temp\MKS\cv08\lpcxpresso55s69_hello_world\component\serial_manager" -I"C:\Temp\MKS\cv08\lpcxpresso55s69_hello_world\source" -I"C:\Temp\MKS\cv08\lpcxpresso55s69_hello_world\utilities" -I"C:\Temp\MKS\cv08\lpcxpresso55s69_hello_world\drivers" -I"C:\Temp\MKS\cv08\lpcxpresso55s69_hello_world\device" -I"C:\Temp\MKS\cv08\lpcxpresso55s69_hello_world\startup" -I"C:\Temp\MKS\cv08\lpcxpresso55s69_hello_world\component\uart" -I"C:\Temp\MKS\cv08\lpcxpresso55s69_hello_world\component\lists" -I"C:\Temp\MKS\cv08\lpcxpresso55s69_hello_world\CMSIS" -I"C:\Temp\MKS\cv08\lpcxpresso55s69_hello_world\board" -O0 -fno-common -g3 -mcpu=cortex-m33 -c -ffunction-sections -fdata-sections -ffreestanding -fno-builtin -fmerge-constants -fmacro-prefix-map="../board/"= -mcpu=cortex-m33 -mfpu=fpv5-sp-d16 -mfloat-abi=hard -mthumb -D__REDLIB__ -fstack-usage -specs=redlib.specs -MMD -MP -MF"board/board.d" -MT"board/board.o" -MT"board/board.d" -o "board/board.o" "../board/board.c"
../source/hello_world.c: In function 'main':
../source/hello_world.c:103:5: error: 'status' undeclared (first use in this function); did you mean 'status_t'?
  103 |     status=function(x,y);
      |     ^~~~~~
      |     status_t
../source/hello_world.c:103:5: note: each undeclared identifier is reported only once for each function it appears in
../source/hello_world.c:103:12: warning: implicit declaration of function 'function' [-Wimplicit-function-declaration]
  103 |     status=function(x,y);
      |            ^~~~~~~~
../source/hello_world.c:103:21: error: 'x' undeclared (first use in this function)
  103 |     status=function(x,y);
      |                     ^
../source/hello_world.c:103:23: error: 'y' undeclared (first use in this function)
  103 |     status=function(x,y);
      |                       ^
make[1]: *** [source/subdir.mk:23: source/hello_world.o] Error 1
make[1]: *** Waiting for unfinished jobs....
Finished building: ../board/board.c
 
make: *** [makefile:45: all] Error 2
"make -r -j4 all" terminated with exit code 2. Build might be incomplete.
14:13:32 **** Incremental Build of configuration Debug for project lpcxpresso55s69_hello_world ****
make -r -j4 all 
Building file: ../source/hello_world.c
Invoking: MCU C Compiler
arm-none-eabi-gcc -std=gnu99 -D__REDLIB__ -DCPU_LPC55S69JBD100 -DCPU_LPC55S69JBD100_cm33 -DCPU_LPC55S69JBD100_cm33_core0 -DMCUXPRESSO_SDK -DSDK_DEBUGCONSOLE=1 -DCR_INTEGER_PRINTF -DPRINTF_FLOAT_ENABLE=1 -D__MCUXPRESSO -D__USE_CMSIS -DDEBUG -DSDK_OS_BAREMETAL -DSERIAL_PORT_TYPE_UART=1 -I"C:\Temp\MKS\cv08\lpcxpresso55s69_hello_world\utilities" -I"C:\Temp\MKS\cv08\lpcxpresso55s69_hello_world\drivers" -I"C:\Temp\MKS\cv08\lpcxpresso55s69_hello_world\device" -I"C:\Temp\MKS\cv08\lpcxpresso55s69_hello_world\startup" -I"C:\Temp\MKS\cv08\lpcxpresso55s69_hello_world\component\uart" -I"C:\Temp\MKS\cv08\lpcxpresso55s69_hello_world\component\lists" -I"C:\Temp\MKS\cv08\lpcxpresso55s69_hello_world\CMSIS" -I"C:\Temp\MKS\cv08\lpcxpresso55s69_hello_world\board" -I"C:\Temp\MKS\cv08\lpcxpresso55s69_hello_world\component\serial_manager" -I"C:\Temp\MKS\cv08\lpcxpresso55s69_hello_world\source" -I"C:\Temp\MKS\cv08\lpcxpresso55s69_hello_world\utilities" -I"C:\Temp\MKS\cv08\lpcxpresso55s69_hello_world\drivers" -I"C:\Temp\MKS\cv08\lpcxpresso55s69_hello_world\device" -I"C:\Temp\MKS\cv08\lpcxpresso55s69_hello_world\startup" -I"C:\Temp\MKS\cv08\lpcxpresso55s69_hello_world\component\uart" -I"C:\Temp\MKS\cv08\lpcxpresso55s69_hello_world\component\lists" -I"C:\Temp\MKS\cv08\lpcxpresso55s69_hello_world\CMSIS" -I"C:\Temp\MKS\cv08\lpcxpresso55s69_hello_world\board" -O0 -fno-common -g3 -mcpu=cortex-m33 -c -ffunction-sections -fdata-sections -ffreestanding -fno-builtin -fmerge-constants -fmacro-prefix-map="../source/"= -mcpu=cortex-m33 -mfpu=fpv5-sp-d16 -mfloat-abi=hard -mthumb -D__REDLIB__ -fstack-usage -specs=redlib.specs -MMD -MP -MF"source/hello_world.d" -MT"source/hello_world.o" -MT"source/hello_world.d" -o "source/hello_world.o" "../source/hello_world.c"
../source/hello_world.c: In function 'main':
../source/hello_world.c:106:5: error: 'status' undeclared (first use in this function); did you mean 'status_t'?
  106 |     status=function(x,y);
      |     ^~~~~~
      |     status_t
../source/hello_world.c:106:5: note: each undeclared identifier is reported only once for each function it appears in
../source/hello_world.c:106:12: warning: implicit declaration of function 'function' [-Wimplicit-function-declaration]
  106 |     status=function(x,y);
      |            ^~~~~~~~
make[1]: *** [source/subdir.mk:23: source/hello_world.o] Error 1
make: *** [makefile:45: all] Error 2
"make -r -j4 all" terminated with exit code 2. Build might be incomplete.
14:14:44 **** Incremental Build of configuration Debug for project lpcxpresso55s69_hello_world ****
make -r -j4 all 
Building file: ../source/hello_world.c
Invoking: MCU C Compiler
arm-none-eabi-gcc -std=gnu99 -D__REDLIB__ -DCPU_LPC55S69JBD100 -DCPU_LPC55S69JBD100_cm33 -DCPU_LPC55S69JBD100_cm33_core0 -DMCUXPRESSO_SDK -DSDK_DEBUGCONSOLE=1 -DCR_INTEGER_PRINTF -DPRINTF_FLOAT_ENABLE=1 -D__MCUXPRESSO -D__USE_CMSIS -DDEBUG -DSDK_OS_BAREMETAL -DSERIAL_PORT_TYPE_UART=1 -I"C:\Temp\MKS\cv08\lpcxpresso55s69_hello_world\utilities" -I"C:\Temp\MKS\cv08\lpcxpresso55s69_hello_world\drivers" -I"C:\Temp\MKS\cv08\lpcxpresso55s69_hello_world\device" -I"C:\Temp\MKS\cv08\lpcxpresso55s69_hello_world\startup" -I"C:\Temp\MKS\cv08\lpcxpresso55s69_hello_world\component\uart" -I"C:\Temp\MKS\cv08\lpcxpresso55s69_hello_world\component\lists" -I"C:\Temp\MKS\cv08\lpcxpresso55s69_hello_world\CMSIS" -I"C:\Temp\MKS\cv08\lpcxpresso55s69_hello_world\board" -I"C:\Temp\MKS\cv08\lpcxpresso55s69_hello_world\component\serial_manager" -I"C:\Temp\MKS\cv08\lpcxpresso55s69_hello_world\source" -I"C:\Temp\MKS\cv08\lpcxpresso55s69_hello_world\utilities" -I"C:\Temp\MKS\cv08\lpcxpresso55s69_hello_world\drivers" -I"C:\Temp\MKS\cv08\lpcxpresso55s69_hello_world\device" -I"C:\Temp\MKS\cv08\lpcxpresso55s69_hello_world\startup" -I"C:\Temp\MKS\cv08\lpcxpresso55s69_hello_world\component\uart" -I"C:\Temp\MKS\cv08\lpcxpresso55s69_hello_world\component\lists" -I"C:\Temp\MKS\cv08\lpcxpresso55s69_hello_world\CMSIS" -I"C:\Temp\MKS\cv08\lpcxpresso55s69_hello_world\board" -O0 -fno-common -g3 -mcpu=cortex-m33 -c -ffunction-sections -fdata-sections -ffreestanding -fno-builtin -fmerge-constants -fmacro-prefix-map="../source/"= -mcpu=cortex-m33 -mfpu=fpv5-sp-d16 -mfloat-abi=hard -mthumb -D__REDLIB__ -fstack-usage -specs=redlib.specs -MMD -MP -MF"source/hello_world.d" -MT"source/hello_world.o" -MT"source/hello_world.d" -o "source/hello_world.o" "../source/hello_world.c"
../source/hello_world.c: In function 'main':
../source/hello_world.c:107:12: warning: implicit declaration of function 'function' [-Wimplicit-function-declaration]
  107 |     status=function(x,y);
      |            ^~~~~~~~
../source/hello_world.c:107:11: error: lvalue required as left operand of assignment
  107 |     status=function(x,y);
      |           ^
make[1]: *** [source/subdir.mk:23: source/hello_world.o] Error 1
make: *** [makefile:45: all] Error 2
"make -r -j4 all" terminated with exit code 2. Build might be incomplete.
14:14:50 **** Incremental Build of configuration Debug for project lpcxpresso55s69_hello_world ****
make -r -j4 all 
Building file: ../source/hello_world.c
Invoking: MCU C Compiler
arm-none-eabi-gcc -std=gnu99 -D__REDLIB__ -DCPU_LPC55S69JBD100 -DCPU_LPC55S69JBD100_cm33 -DCPU_LPC55S69JBD100_cm33_core0 -DMCUXPRESSO_SDK -DSDK_DEBUGCONSOLE=1 -DCR_INTEGER_PRINTF -DPRINTF_FLOAT_ENABLE=1 -D__MCUXPRESSO -D__USE_CMSIS -DDEBUG -DSDK_OS_BAREMETAL -DSERIAL_PORT_TYPE_UART=1 -I"C:\Temp\MKS\cv08\lpcxpresso55s69_hello_world\utilities" -I"C:\Temp\MKS\cv08\lpcxpresso55s69_hello_world\drivers" -I"C:\Temp\MKS\cv08\lpcxpresso55s69_hello_world\device" -I"C:\Temp\MKS\cv08\lpcxpresso55s69_hello_world\startup" -I"C:\Temp\MKS\cv08\lpcxpresso55s69_hello_world\component\uart" -I"C:\Temp\MKS\cv08\lpcxpresso55s69_hello_world\component\lists" -I"C:\Temp\MKS\cv08\lpcxpresso55s69_hello_world\CMSIS" -I"C:\Temp\MKS\cv08\lpcxpresso55s69_hello_world\board" -I"C:\Temp\MKS\cv08\lpcxpresso55s69_hello_world\component\serial_manager" -I"C:\Temp\MKS\cv08\lpcxpresso55s69_hello_world\source" -I"C:\Temp\MKS\cv08\lpcxpresso55s69_hello_world\utilities" -I"C:\Temp\MKS\cv08\lpcxpresso55s69_hello_world\drivers" -I"C:\Temp\MKS\cv08\lpcxpresso55s69_hello_world\device" -I"C:\Temp\MKS\cv08\lpcxpresso55s69_hello_world\startup" -I"C:\Temp\MKS\cv08\lpcxpresso55s69_hello_world\component\uart" -I"C:\Temp\MKS\cv08\lpcxpresso55s69_hello_world\component\lists" -I"C:\Temp\MKS\cv08\lpcxpresso55s69_hello_world\CMSIS" -I"C:\Temp\MKS\cv08\lpcxpresso55s69_hello_world\board" -O0 -fno-common -g3 -mcpu=cortex-m33 -c -ffunction-sections -fdata-sections -ffreestanding -fno-builtin -fmerge-constants -fmacro-prefix-map="../source/"= -mcpu=cortex-m33 -mfpu=fpv5-sp-d16 -mfloat-abi=hard -mthumb -D__REDLIB__ -fstack-usage -specs=redlib.specs -MMD -MP -MF"source/hello_world.d" -MT"source/hello_world.o" -MT"source/hello_world.d" -o "source/hello_world.o" "../source/hello_world.c"
../source/hello_world.c: In function 'main':
../source/hello_world.c:107:12: warning: implicit declaration of function 'function' [-Wimplicit-function-declaration]
  107 |     status=function(x,y);
      |            ^~~~~~~~
../source/hello_world.c:107:11: error: lvalue required as left operand of assignment
  107 |     status=function(x,y);
      |           ^
make[1]: *** [source/subdir.mk:23: source/hello_world.o] Error 1
make: *** [makefile:45: all] Error 2
"make -r -j4 all" terminated with exit code 2. Build might be incomplete.
14:15:33 **** Incremental Build of configuration Debug for project lpcxpresso55s69_hello_world ****
make -r -j4 all 
Building file: ../source/hello_world.c
Invoking: MCU C Compiler
arm-none-eabi-gcc -std=gnu99 -D__REDLIB__ -DCPU_LPC55S69JBD100 -DCPU_LPC55S69JBD100_cm33 -DCPU_LPC55S69JBD100_cm33_core0 -DMCUXPRESSO_SDK -DSDK_DEBUGCONSOLE=1 -DCR_INTEGER_PRINTF -DPRINTF_FLOAT_ENABLE=1 -D__MCUXPRESSO -D__USE_CMSIS -DDEBUG -DSDK_OS_BAREMETAL -DSERIAL_PORT_TYPE_UART=1 -I"C:\Temp\MKS\cv08\lpcxpresso55s69_hello_world\utilities" -I"C:\Temp\MKS\cv08\lpcxpresso55s69_hello_world\drivers" -I"C:\Temp\MKS\cv08\lpcxpresso55s69_hello_world\device" -I"C:\Temp\MKS\cv08\lpcxpresso55s69_hello_world\startup" -I"C:\Temp\MKS\cv08\lpcxpresso55s69_hello_world\component\uart" -I"C:\Temp\MKS\cv08\lpcxpresso55s69_hello_world\component\lists" -I"C:\Temp\MKS\cv08\lpcxpresso55s69_hello_world\CMSIS" -I"C:\Temp\MKS\cv08\lpcxpresso55s69_hello_world\board" -I"C:\Temp\MKS\cv08\lpcxpresso55s69_hello_world\component\serial_manager" -I"C:\Temp\MKS\cv08\lpcxpresso55s69_hello_world\source" -I"C:\Temp\MKS\cv08\lpcxpresso55s69_hello_world\utilities" -I"C:\Temp\MKS\cv08\lpcxpresso55s69_hello_world\drivers" -I"C:\Temp\MKS\cv08\lpcxpresso55s69_hello_world\device" -I"C:\Temp\MKS\cv08\lpcxpresso55s69_hello_world\startup" -I"C:\Temp\MKS\cv08\lpcxpresso55s69_hello_world\component\uart" -I"C:\Temp\MKS\cv08\lpcxpresso55s69_hello_world\component\lists" -I"C:\Temp\MKS\cv08\lpcxpresso55s69_hello_world\CMSIS" -I"C:\Temp\MKS\cv08\lpcxpresso55s69_hello_world\board" -O0 -fno-common -g3 -mcpu=cortex-m33 -c -ffunction-sections -fdata-sections -ffreestanding -fno-builtin -fmerge-constants -fmacro-prefix-map="../source/"= -mcpu=cortex-m33 -mfpu=fpv5-sp-d16 -mfloat-abi=hard -mthumb -D__REDLIB__ -fstack-usage -specs=redlib.specs -MMD -MP -MF"source/hello_world.d" -MT"source/hello_world.o" -MT"source/hello_world.d" -o "source/hello_world.o" "../source/hello_world.c"
../source/hello_world.c: In function 'main':
../source/hello_world.c:106:5: error: 'status' undeclared (first use in this function); did you mean 'status_t'?
  106 |     status=function(x,y);
      |     ^~~~~~
      |     status_t
[...]
Finished building: ../source/hello_world.c
 
Building target: lpcxpresso55s69_hello_world.axf
Invoking: MCU Linker
arm-none-eabi-gcc -nostdlib -Xlinker -Map="lpcxpresso55s69_hello_world.map" -Xlinker --gc-sections -Xlinker -print-memory-usage -Xlinker --sort-section=alignment -Xlinker --cref -mcpu=cortex-m33 -mfpu=fpv5-sp-d16 -mfloat-abi=hard -mthumb -T lpcxpresso55s69_hello_world_Debug.ld -o "lpcxpresso55s69_hello_world.axf" ./utilities/fsl_assert.o ./utilities/fsl_debug_console.o ./utilities/fsl_str.o  ./startup/boot_multicore_slave.o ./startup/startup_lpc55s69_cm33_core0.o  ./source/hello_world.o ./source/semihost_hardfault.o  ./drivers/fsl_clock.o ./drivers/fsl_common.o ./drivers/fsl_common_arm.o ./drivers/fsl_ctimer.o ./drivers/fsl_flexcomm.o ./drivers/fsl_gpio.o ./drivers/fsl_i2c.o ./drivers/fsl_power.o ./drivers/fsl_powerquad_basic.o ./drivers/fsl_powerquad_data.o ./drivers/fsl_powerquad_filter.o ./drivers/fsl_powerquad_math.o ./drivers/fsl_powerquad_matrix.o ./drivers/fsl_powerquad_transform.o ./drivers/fsl_reset.o ./drivers/fsl_usart.o  ./device/system_LPC55S69_cm33_core0.o  ./component/uart/fsl_adapter_usart.o  ./component/serial_manager/fsl_component_serial_manager.o ./component/serial_manager/fsl_component_serial_port_uart.o  ./component/lists/fsl_component_generic_list.o  ./board/board.o ./board/clock_config.o ./board/peripherals.o ./board/pin_mux.o   
Memory region         Used Size  Region Size  %age Used
   PROGRAM_FLASH:       22748 B       630 KB      3.53%
            SRAM:        8924 B       256 KB      3.40%
           SRAMX:          0 GB        32 KB      0.00%
         USB_RAM:          0 GB        16 KB      0.00%
           SRAM4:          0 GB        16 KB      0.00%
Finished building target: lpcxpresso55s69_hello_world.axf
 
Performing post-build steps
arm-none-eabi-size "lpcxpresso55s69_hello_world.axf"; # arm-none-eabi-objcopy -v -O binary "lpcxpresso55s69_hello_world.axf" "lpcxpresso55s69_hello_world.bin" ; # checksum -p LPC55S69 -d "lpcxpresso55s69_hello_world.bin";
   text	   data	    bss	    dec	    hex	filename
  22736	     12	   8912	  31660	   7bac	lpcxpresso55s69_hello_world.axf
 
16:19:54 **** Incremental Build of configuration Debug for project lpcxpresso55s69_hello_world ****
make -r -j4 all 
make[1]: Nothing to be done for 'main-build'.
Performing post-build steps
arm-none-eabi-size "lpcxpresso55s69_hello_world.axf"; # arm-none-eabi-objcopy -v -O binary "lpcxpresso55s69_hello_world.axf" "lpcxpresso55s69_hello_world.bin" ; # checksum -p LPC55S69 -d "lpcxpresso55s69_hello_world.bin";
   text	   data	    bss	    dec	    hex	filename
  22736	     12	   8912	  31660	   7bac	lpcxpresso55s69_hello_world.axf
 
16:21:35 **** Incremental Build of configuration Debug for project lpcxpresso55s69_hello_world ****
make -r -j4 all 
Building file: ../source/hello_world.c
Invoking: MCU C Compiler
arm-none-eabi-gcc -std=gnu99 -D__REDLIB__ -DCPU_LPC55S69JBD100 -DCPU_LPC55S69JBD100_cm33 -DCPU_LPC55S69JBD100_cm33_core0 -DMCUXPRESSO_SDK -DSDK_DEBUGCONSOLE=1 -DCR_INTEGER_PRINTF -DPRINTF_FLOAT_ENABLE=1 -D__MCUXPRESSO -D__USE_CMSIS -DDEBUG -DSDK_OS_BAREMETAL -DSERIAL_PORT_TYPE_UART=1 -I"C:\Temp\MKS\cv08\lpcxpresso55s69_hello_world\utilities" -I"C:\Temp\MKS\cv08\lpcxpresso55s69_hello_world\drivers" -I"C:\Temp\MKS\cv08\lpcxpresso55s69_hello_world\device" -I"C:\Temp\MKS\cv08\lpcxpresso55s69_hello_world\startup" -I"C:\Temp\MKS\cv08\lpcxpresso55s69_hello_world\component\uart" -I"C:\Temp\MKS\cv08\lpcxpresso55s69_hello_world\component\lists" -I"C:\Temp\MKS\cv08\lpcxpresso55s69_hello_world\CMSIS" -I"C:\Temp\MKS\cv08\lpcxpresso55s69_hello_world\board" -I"C:\Temp\MKS\cv08\lpcxpresso55s69_hello_world\component\serial_manager" -I"C:\Temp\MKS\cv08\lpcxpresso55s69_hello_world\source" -I"C:\Temp\MKS\cv08\lpcxpresso55s69_hello_world\utilities" -I"C:\Temp\MKS\cv08\lpcxpresso55s69_hello_world\drivers" -I"C:\Temp\MKS\cv08\lpcxpresso55s69_hello_world\device" -I"C:\Temp\MKS\cv08\lpcxpresso55s69_hello_world\startup" -I"C:\Temp\MKS\cv08\lpcxpresso55s69_hello_world\component\uart" -I"C:\Temp\MKS\cv08\lpcxpresso55s69_hello_world\component\lists" -I"C:\Temp\MKS\cv08\lpcxpresso55s69_hello_world\CMSIS" -I"C:\Temp\MKS\cv08\lpcxpresso55s69_hello_world\board" -O0 -fno-common -g3 -mcpu=cortex-m33 -c -ffunction-sections -fdata-sections -ffreestanding -fno-builtin -fmerge-constants -fmacro-prefix-map="../source/"= -mcpu=cortex-m33 -mfpu=fpv5-sp-d16 -mfloat-abi=hard -mthumb -D__REDLIB__ -fstack-usage -specs=redlib.specs -MMD -MP -MF"source/hello_world.d" -MT"source/hello_world.o" -MT"source/hello_world.d" -o "source/hello_world.o" "../source/hello_world.c"
../source/hello_world.c: In function 'main':
../source/hello_world.c:115:22: error: subscripted value is neither array nor pointer nor vector
  115 |     for(i = 0; status[i] && input[i] == '\0'; i++);
      |                      ^
make[1]: *** [source/subdir.mk:23: source/hello_world.o] Error 1
make: *** [makefile:45: all] Error 2
"make -r -j4 all" terminated with exit code 2. Build might be incomplete.
16:22:04 **** Incremental Build of configuration Debug for project lpcxpresso55s69_hello_world ****
make -r -j4 all 
Building file: ../source/hello_world.c
Invoking: MCU C Compiler
arm-none-eabi-gcc -std=gnu99 -D__REDLIB__ -DCPU_LPC55S69JBD100 -DCPU_LPC55S69JBD100_cm33 -DCPU_LPC55S69JBD100_cm33_core0 -DMCUXPRESSO_SDK -DSDK_DEBUGCONSOLE=1 -DCR_INTEGER_PRINTF -DPRINTF_FLOAT_ENABLE=1 -D__MCUXPRESSO -D__USE_CMSIS -DDEBUG -DSDK_OS_BAREMETAL -DSERIAL_PORT_TYPE_UART=1 -I"C:\Temp\MKS\cv08\lpcxpresso55s69_hello_world\utilities" -I"C:\Temp\MKS\cv08\lpcxpresso55s69_hello_world\drivers" -I"C:\Temp\MKS\cv08\lpcxpresso55s69_hello_world\device" -I"C:\Temp\MKS\cv08\lpcxpresso55s69_hello_world\startup" -I"C:\Temp\MKS\cv08\lpcxpresso55s69_hello_world\component\uart" -I"C:\Temp\MKS\cv08\lpcxpresso55s69_hello_world\component\lists" -I"C:\Temp\MKS\cv08\lpcxpresso55s69_hello_world\CMSIS" -I"C:\Temp\MKS\cv08\lpcxpresso55s69_hello_world\board" -I"C:\Temp\MKS\cv08\lpcxpresso55s69_hello_world\component\serial_manager" -I"C:\Temp\MKS\cv08\lpcxpresso55s69_hello_world\source" -I"C:\Temp\MKS\cv08\lpcxpresso55s69_hello_world\utilities" -I"C:\Temp\MKS\cv08\lpcxpresso55s69_hello_world\drivers" -I"C:\Temp\MKS\cv08\lpcxpresso55s69_hello_world\device" -I"C:\Temp\MKS\cv08\lpcxpresso55s69_hello_world\startup" -I"C:\Temp\MKS\cv08\lpcxpresso55s69_hello_world\component\uart" -I"C:\Temp\MKS\cv08\lpcxpresso55s69_hello_world\component\lists" -I"C:\Temp\MKS\cv08\lpcxpresso55s69_hello_world\CMSIS" -I"C:\Temp\MKS\cv08\lpcxpresso55s69_hello_world\board" -O0 -fno-common -g3 -mcpu=cortex-m33 -c -ffunction-sections -fdata-sections -ffreestanding -fno-builtin -fmerge-constants -fmacro-prefix-map="../source/"= -mcpu=cortex-m33 -mfpu=fpv5-sp-d16 -mfloat-abi=hard -mthumb -D__REDLIB__ -fstack-usage -specs=redlib.specs -MMD -MP -MF"source/hello_world.d" -MT"source/hello_world.o" -MT"source/hello_world.d" -o "source/hello_world.o" "../source/hello_world.c"
Finished building: ../source/hello_world.c
 
Building target: lpcxpresso55s69_hello_world.axf
Invoking: MCU Linker
arm-none-eabi-gcc -nostdlib -Xlinker -Map="lpcxpresso55s69_hello_world.map" -Xlinker --gc-sections -Xlinker -print-memory-usage -Xlinker --sort-section=alignment -Xlinker --cref -mcpu=cortex-m33 -mfpu=fpv5-sp-d16 -mfloat-abi=hard -mthumb -T lpcxpresso55s69_hello_world_Debug.ld -o "lpcxpresso55s69_hello_world.axf" ./utilities/fsl_assert.o ./utilities/fsl_debug_console.o ./utilities/fsl_str.o  ./startup/boot_multicore_slave.o ./startup/startup_lpc55s69_cm33_core0.o  ./source/hello_world.o ./source/semihost_hardfault.o  ./drivers/fsl_clock.o ./drivers/fsl_common.o ./drivers/fsl_common_arm.o ./drivers/fsl_ctimer.o ./drivers/fsl_flexcomm.o ./drivers/fsl_gpio.o ./drivers/fsl_i2c.o ./drivers/fsl_power.o ./drivers/fsl_powerquad_basic.o ./drivers/fsl_powerquad_data.o ./drivers/fsl_powerquad_filter.o ./drivers/fsl_powerquad_math.o ./drivers/fsl_powerquad_matrix.o ./drivers/fsl_powerquad_transform.o ./drivers/fsl_reset.o ./drivers/fsl_usart.o  ./device/system_LPC55S69_cm33_core0.o  ./component/uart/fsl_adapter_usart.o  ./component/serial_manager/fsl_component_serial_manager.o ./component/serial_manager/fsl_component_serial_port_uart.o  ./component/lists/fsl_component_generic_list.o  ./board/board.o ./board/clock_config.o ./board/peripherals.o ./board/pin_mux.o   
Memory region         Used Size  Region Size  %age Used
   PROGRAM_FLASH:       22748 B       630 KB      3.53%
            SRAM:        8924 B       256 KB      3.40%
           SRAMX:          0 GB        32 KB      0.00%
         USB_RAM:          0 GB        16 KB      0.00%
           SRAM4:          0 GB        16 KB      0.00%
Finished building target: lpcxpresso55s69_hello_world.axf
 
Performing post-build steps
arm-none-eabi-size "lpcxpresso55s69_hello_world.axf"; # arm-none-eabi-objcopy -v -O binary "lpcxpresso55s69_hello_world.axf" "lpcxpresso55s69_hello_world.bin" ; # checksum -p LPC55S69 -d "lpcxpresso55s69_hello_world.bin";
   text	   data	    bss	    dec	    hex	filename
  22736	     12	   8912	  31660	   7bac	lpcxpresso55s69_hello_world.axf
 
16:22:21 **** Incremental Build of configuration Debug for project lpcxpresso55s69_hello_world ****
make -r -j4 all 
make[1]: Nothing to be done for 'main-build'.
Performing post-build steps
arm-none-eabi-size "lpcxpresso55s69_hello_world.axf"; # arm-none-eabi-objcopy -v -O binary "lpcxpresso55s69_hello_world.axf" "lpcxpresso55s69_hello_world.bin" ; # checksum -p LPC55S69 -d "lpcxpresso55s69_hello_world.bin";
   text	   data	    bss	    dec	    hex	filename
  22736	     12	   8912	  31660	   7bac	lpcxpresso55s69_hello_world.axf
 
16:23:58 **** Incremental Build of configuration Debug for project lpcxpresso55s69_hello_world ****
make -r -j4 all 
Building file: ../source/hello_world.c
Invoking: MCU C Compiler
arm-none-eabi-gcc -std=gnu99 -D__REDLIB__ -DCPU_LPC55S69JBD100 -DCPU_LPC55S69JBD100_cm33 -DCPU_LPC55S69JBD100_cm33_core0 -DMCUXPRESSO_SDK -DSDK_DEBUGCONSOLE=1 -DCR_INTEGER_PRINTF -DPRINTF_FLOAT_ENABLE=1 -D__MCUXPRESSO -D__USE_CMSIS -DDEBUG -DSDK_OS_BAREMETAL -DSERIAL_PORT_TYPE_UART=1 -I"C:\Temp\MKS\cv08\lpcxpresso55s69_hello_world\utilities" -I"C:\Temp\MKS\cv08\lpcxpresso55s69_hello_world\drivers" -I"C:\Temp\MKS\cv08\lpcxpresso55s69_hello_world\device" -I"C:\Temp\MKS\cv08\lpcxpresso55s69_hello_world\startup" -I"C:\Temp\MKS\cv08\lpcxpresso55s69_hello_world\component\uart" -I"C:\Temp\MKS\cv08\lpcxpresso55s69_hello_world\component\lists" -I"C:\Temp\MKS\cv08\lpcxpresso55s69_hello_world\CMSIS" -I"C:\Temp\MKS\cv08\lpcxpresso55s69_hello_world\board" -I"C:\Temp\MKS\cv08\lpcxpresso55s69_hello_world\component\serial_manager" -I"C:\Temp\MKS\cv08\lpcxpresso55s69_hello_world\source" -I"C:\Temp\MKS\cv08\lpcxpresso55s69_hello_world\utilities" -I"C:\Temp\MKS\cv08\lpcxpresso55s69_hello_world\drivers" -I"C:\Temp\MKS\cv08\lpcxpresso55s69_hello_world\device" -I"C:\Temp\MKS\cv08\lpcxpresso55s69_hello_world\startup" -I"C:\Temp\MKS\cv08\lpcxpresso55s69_hello_world\component\uart" -I"C:\Temp\MKS\cv08\lpcxpresso55s69_hello_world\component\lists" -I"C:\Temp\MKS\cv08\lpcxpresso55s69_hello_world\CMSIS" -I"C:\Temp\MKS\cv08\lpcxpresso55s69_hello_world\board" -O0 -fno-common -g3 -mcpu=cortex-m33 -c -ffunction-sections -fdata-sections -ffreestanding -fno-builtin -fmerge-constants -fmacro-prefix-map="../source/"= -mcpu=cortex-m33 -mfpu=fpv5-sp-d16 -mfloat-abi=hard -mthumb -D__REDLIB__ -fstack-usage -specs=redlib.specs -MMD -MP -MF"source/hello_world.d" -MT"source/hello_world.o" -MT"source/hello_world.d" -o "source/hello_world.o" "../source/hello_world.c"
Finished building: ../source/hello_world.c
 
Building target: lpcxpresso55s69_hello_world.axf
Invoking: MCU Linker
arm-none-eabi-gcc -nostdlib -Xlinker -Map="lpcxpresso55s69_hello_world.map" -Xlinker --gc-sections -Xlinker -print-memory-usage -Xlinker --sort-section=alignment -Xlinker --cref -mcpu=cortex-m33 -mfpu=fpv5-sp-d16 -mfloat-abi=hard -mthumb -T lpcxpresso55s69_hello_world_Debug.ld -o "lpcxpresso55s69_hello_world.axf" ./utilities/fsl_assert.o ./utilities/fsl_debug_console.o ./utilities/fsl_str.o  ./startup/boot_multicore_slave.o ./startup/startup_lpc55s69_cm33_core0.o  ./source/hello_world.o ./source/semihost_hardfault.o  ./drivers/fsl_clock.o ./drivers/fsl_common.o ./drivers/fsl_common_arm.o ./drivers/fsl_ctimer.o ./drivers/fsl_flexcomm.o ./drivers/fsl_gpio.o ./drivers/fsl_i2c.o ./drivers/fsl_power.o ./drivers/fsl_powerquad_basic.o ./drivers/fsl_powerquad_data.o ./drivers/fsl_powerquad_filter.o ./drivers/fsl_powerquad_math.o ./drivers/fsl_powerquad_matrix.o ./drivers/fsl_powerquad_transform.o ./drivers/fsl_reset.o ./drivers/fsl_usart.o  ./device/system_LPC55S69_cm33_core0.o  ./component/uart/fsl_adapter_usart.o  ./component/serial_manager/fsl_component_serial_manager.o ./component/serial_manager/fsl_component_serial_port_uart.o  ./component/lists/fsl_component_generic_list.o  ./board/board.o ./board/clock_config.o ./board/peripherals.o ./board/pin_mux.o   
Memory region         Used Size  Region Size  %age Used
   PROGRAM_FLASH:       22732 B       630 KB      3.52%
            SRAM:        8924 B       256 KB      3.40%
           SRAMX:          0 GB        32 KB      0.00%
         USB_RAM:          0 GB        16 KB      0.00%
           SRAM4:          0 GB        16 KB      0.00%
Finished building target: lpcxpresso55s69_hello_world.axf
 
Performing post-build steps
arm-none-eabi-size "lpcxpresso55s69_hello_world.axf"; # arm-none-eabi-objcopy -v -O binary "lpcxpresso55s69_hello_world.axf" "lpcxpresso55s69_hello_world.bin" ; # checksum -p LPC55S69 -d "lpcxpresso55s69_hello_world.bin";
   text	   data	    bss	    dec	    hex	filename
  22720	     12	   8912	  31644	   7b9c	lpcxpresso55s69_hello_world.axf
 
16:24:21 **** Incremental Build of configuration Debug for project lpcxpresso55s69_hello_world ****
make -r -j4 all 
make[1]: Nothing to be done for 'main-build'.
Performing post-build steps
arm-none-eabi-size "lpcxpresso55s69_hello_world.axf"; # arm-none-eabi-objcopy -v -O binary "lpcxpresso55s69_hello_world.axf" "lpcxpresso55s69_hello_world.bin" ; # checksum -p LPC55S69 -d "lpcxpresso55s69_hello_world.bin";
   text	   data	    bss	    dec	    hex	filename
  22720	     12	   8912	  31644	   7b9c	lpcxpresso55s69_hello_world.axf
 
16:26:07 **** Incremental Build of configuration Debug for project lpcxpresso55s69_hello_world ****
make -r -j4 all 
Building file: ../source/hello_world.c
Invoking: MCU C Compiler
arm-none-eabi-gcc -std=gnu99 -D__REDLIB__ -DCPU_LPC55S69JBD100 -DCPU_LPC55S69JBD100_cm33 -DCPU_LPC55S69JBD100_cm33_core0 -DMCUXPRESSO_SDK -DSDK_DEBUGCONSOLE=1 -DCR_INTEGER_PRINTF -DPRINTF_FLOAT_ENABLE=1 -D__MCUXPRESSO -D__USE_CMSIS -DDEBUG -DSDK_OS_BAREMETAL -DSERIAL_PORT_TYPE_UART=1 -I"C:\Temp\MKS\cv08\lpcxpresso55s69_hello_world\utilities" -I"C:\Temp\MKS\cv08\lpcxpresso55s69_hello_world\drivers" -I"C:\Temp\MKS\cv08\lpcxpresso55s69_hello_world\device" -I"C:\Temp\MKS\cv08\lpcxpresso55s69_hello_world\startup" -I"C:\Temp\MKS\cv08\lpcxpresso55s69_hello_world\component\uart" -I"C:\Temp\MKS\cv08\lpcxpresso55s69_hello_world\component\lists" -I"C:\Temp\MKS\cv08\lpcxpresso55s69_hello_world\CMSIS" -I"C:\Temp\MKS\cv08\lpcxpresso55s69_hello_world\board" -I"C:\Temp\MKS\cv08\lpcxpresso55s69_hello_world\component\serial_manager" -I"C:\Temp\MKS\cv08\lpcxpresso55s69_hello_world\source" -I"C:\Temp\MKS\cv08\lpcxpresso55s69_hello_world\utilities" -I"C:\Temp\MKS\cv08\lpcxpresso55s69_hello_world\drivers" -I"C:\Temp\MKS\cv08\lpcxpresso55s69_hello_world\device" -I"C:\Temp\MKS\cv08\lpcxpresso55s69_hello_world\startup" -I"C:\Temp\MKS\cv08\lpcxpresso55s69_hello_world\component\uart" -I"C:\Temp\MKS\cv08\lpcxpresso55s69_hello_world\component\lists" -I"C:\Temp\MKS\cv08\lpcxpresso55s69_hello_world\CMSIS" -I"C:\Temp\MKS\cv08\lpcxpresso55s69_hello_world\board" -O0 -fno-common -g3 -mcpu=cortex-m33 -c -ffunction-sections -fdata-sections -ffreestanding -fno-builtin -fmerge-constants -fmacro-prefix-map="../source/"= -mcpu=cortex-m33 -mfpu=fpv5-sp-d16 -mfloat-abi=hard -mthumb -D__REDLIB__ -fstack-usage -specs=redlib.specs -MMD -MP -MF"source/hello_world.d" -MT"source/hello_world.o" -MT"source/hello_world.d" -o "source/hello_world.o" "../source/hello_world.c"
Finished building: ../source/hello_world.c
 
Building target: lpcxpresso55s69_hello_world.axf
Invoking: MCU Linker
arm-none-eabi-gcc -nostdlib -Xlinker -Map="lpcxpresso55s69_hello_world.map" -Xlinker --gc-sections -Xlinker -print-memory-usage -Xlinker --sort-section=alignment -Xlinker --cref -mcpu=cortex-m33 -mfpu=fpv5-sp-d16 -mfloat-abi=hard -mthumb -T lpcxpresso55s69_hello_world_Debug.ld -o "lpcxpresso55s69_hello_world.axf" ./utilities/fsl_assert.o ./utilities/fsl_debug_console.o ./utilities/fsl_str.o  ./startup/boot_multicore_slave.o ./startup/startup_lpc55s69_cm33_core0.o  ./source/hello_world.o ./source/semihost_hardfault.o  ./drivers/fsl_clock.o ./drivers/fsl_common.o ./drivers/fsl_common_arm.o ./drivers/fsl_ctimer.o ./drivers/fsl_flexcomm.o ./drivers/fsl_gpio.o ./drivers/fsl_i2c.o ./drivers/fsl_power.o ./drivers/fsl_powerquad_basic.o ./drivers/fsl_powerquad_data.o ./drivers/fsl_powerquad_filter.o ./drivers/fsl_powerquad_math.o ./drivers/fsl_powerquad_matrix.o ./drivers/fsl_powerquad_transform.o ./drivers/fsl_reset.o ./drivers/fsl_usart.o  ./device/system_LPC55S69_cm33_core0.o  ./component/uart/fsl_adapter_usart.o  ./component/serial_manager/fsl_component_serial_manager.o ./component/serial_manager/fsl_component_serial_port_uart.o  ./component/lists/fsl_component_generic_list.o  ./board/board.o ./board/clock_config.o ./board/peripherals.o ./board/pin_mux.o   
Memory region         Used Size  Region Size  %age Used
   PROGRAM_FLASH:       22732 B       630 KB      3.52%
            SRAM:        8924 B       256 KB      3.40%
           SRAMX:          0 GB        32 KB      0.00%
         USB_RAM:          0 GB        16 KB      0.00%
           SRAM4:          0 GB        16 KB      0.00%
Finished building target: lpcxpresso55s69_hello_world.axf
 
Performing post-build steps
arm-none-eabi-size "lpcxpresso55s69_hello_world.axf"; # arm-none-eabi-objcopy -v -O binary "lpcxpresso55s69_hello_world.axf" "lpcxpresso55s69_hello_world.bin" ; # checksum -p LPC55S69 -d "lpcxpresso55s69_hello_world.bin";
   text	   data	    bss	    dec	    hex	filename
  22720	     12	   8912	  31644	   7b9c	lpcxpresso55s69_hello_world.axf
 
16:26:24 **** Incremental Build of configuration Debug for project lpcxpresso55s69_hello_world ****
make -r -j4 all 
make[1]: Nothing to be done for 'main-build'.
Performing post-build steps
arm-none-eabi-size "lpcxpresso55s69_hello_world.axf"; # arm-none-eabi-objcopy -v -O binary "lpcxpresso55s69_hello_world.axf" "lpcxpresso55s69_hello_world.bin" ; # checksum -p LPC55S69 -d "lpcxpresso55s69_hello_world.bin";
   text	   data	    bss	    dec	    hex	filename
  22720	     12	   8912	  31644	   7b9c	lpcxpresso55s69_hello_world.axf
 
16:28:49 **** Incremental Build of configuration Debug for project lpcxpresso55s69_hello_world ****
make -r -j4 all 
make[1]: Nothing to be done for 'main-build'.
Performing post-build steps
arm-none-eabi-size "lpcxpresso55s69_hello_world.axf"; # arm-none-eabi-objcopy -v -O binary "lpcxpresso55s69_hello_world.axf" "lpcxpresso55s69_hello_world.bin" ; # checksum -p LPC55S69 -d "lpcxpresso55s69_hello_world.bin";
   text	   data	    bss	    dec	    hex	filename
  22720	     12	   8912	  31644	   7b9c	lpcxpresso55s69_hello_world.axf
 
16:29:15 **** Incremental Build of configuration Debug for project lpcxpresso55s69_hello_world ****
make -r -j4 all 
make[1]: Nothing to be done for 'main-build'.
Performing post-build steps
arm-none-eabi-size "lpcxpresso55s69_hello_world.axf"; # arm-none-eabi-objcopy -v -O binary "lpcxpresso55s69_hello_world.axf" "lpcxpresso55s69_hello_world.bin" ; # checksum -p LPC55S69 -d "lpcxpresso55s69_hello_world.bin";
   text	   data	    bss	    dec	    hex	filename
  22720	     12	   8912	  31644	   7b9c	lpcxpresso55s69_hello_world.axf
 
